Archive member included to satisfy reference by file (symbol)

d:/program/arm-none-eabi-gcc/bin/../lib/gcc/arm-none-eabi/10.3.1/../../../../arm-none-eabi/lib/thumb/v7-m/nofp\libg.a(lib_a-errno.o)
                              CMakeFiles/project_1.elf.dir/Src/syscalls.c.obj (__errno)
d:/program/arm-none-eabi-gcc/bin/../lib/gcc/arm-none-eabi/10.3.1/../../../../arm-none-eabi/lib/thumb/v7-m/nofp\libg.a(lib_a-exit.o)
                              d:/program/arm-none-eabi-gcc/bin/../lib/gcc/arm-none-eabi/10.3.1/../../../../arm-none-eabi/lib/thumb/v7-m/nofp/crt0.o (exit)
d:/program/arm-none-eabi-gcc/bin/../lib/gcc/arm-none-eabi/10.3.1/../../../../arm-none-eabi/lib/thumb/v7-m/nofp\libg.a(lib_a-impure.o)
                              d:/program/arm-none-eabi-gcc/bin/../lib/gcc/arm-none-eabi/10.3.1/../../../../arm-none-eabi/lib/thumb/v7-m/nofp\libg.a(lib_a-exit.o) (_global_impure_ptr)
d:/program/arm-none-eabi-gcc/bin/../lib/gcc/arm-none-eabi/10.3.1/../../../../arm-none-eabi/lib/thumb/v7-m/nofp\libg.a(lib_a-init.o)
                              d:/program/arm-none-eabi-gcc/bin/../lib/gcc/arm-none-eabi/10.3.1/../../../../arm-none-eabi/lib/thumb/v7-m/nofp/crt0.o (__libc_init_array)
d:/program/arm-none-eabi-gcc/bin/../lib/gcc/arm-none-eabi/10.3.1/../../../../arm-none-eabi/lib/thumb/v7-m/nofp\libg.a(lib_a-memcmp.o)
                              CMakeFiles/project_1.elf.dir/Src/stm32f1xx_it.c.obj (memcmp)
d:/program/arm-none-eabi-gcc/bin/../lib/gcc/arm-none-eabi/10.3.1/../../../../arm-none-eabi/lib/thumb/v7-m/nofp\libg.a(lib_a-memset.o)
                              d:/program/arm-none-eabi-gcc/bin/../lib/gcc/arm-none-eabi/10.3.1/../../../../arm-none-eabi/lib/thumb/v7-m/nofp/crt0.o (memset)
d:/program/arm-none-eabi-gcc/bin/../lib/gcc/arm-none-eabi/10.3.1/../../../../arm-none-eabi/lib/thumb/v7-m/nofp\libg.a(lib_a-vsnprintf.o)
                              CMakeFiles/project_1.elf.dir/Src/usart.c.obj (vsnprintf)
d:/program/arm-none-eabi-gcc/bin/../lib/gcc/arm-none-eabi/10.3.1/../../../../arm-none-eabi/lib/thumb/v7-m/nofp\libg.a(lib_a-__call_atexit.o)
                              d:/program/arm-none-eabi-gcc/bin/../lib/gcc/arm-none-eabi/10.3.1/../../../../arm-none-eabi/lib/thumb/v7-m/nofp\libg.a(lib_a-exit.o) (__call_exitprocs)
d:/program/arm-none-eabi-gcc/bin/../lib/gcc/arm-none-eabi/10.3.1/../../../../arm-none-eabi/lib/thumb/v7-m/nofp\libg.a(lib_a-atexit.o)
                              d:/program/arm-none-eabi-gcc/bin/../lib/gcc/arm-none-eabi/10.3.1/../../../../arm-none-eabi/lib/thumb/v7-m/nofp\libg.a(lib_a-__call_atexit.o) (atexit)
d:/program/arm-none-eabi-gcc/bin/../lib/gcc/arm-none-eabi/10.3.1/../../../../arm-none-eabi/lib/thumb/v7-m/nofp\libg.a(lib_a-fini.o)
                              d:/program/arm-none-eabi-gcc/bin/../lib/gcc/arm-none-eabi/10.3.1/../../../../arm-none-eabi/lib/thumb/v7-m/nofp\libg.a(lib_a-__call_atexit.o) (__libc_fini_array)
d:/program/arm-none-eabi-gcc/bin/../lib/gcc/arm-none-eabi/10.3.1/../../../../arm-none-eabi/lib/thumb/v7-m/nofp\libg.a(lib_a-lock.o)
                              d:/program/arm-none-eabi-gcc/bin/../lib/gcc/arm-none-eabi/10.3.1/../../../../arm-none-eabi/lib/thumb/v7-m/nofp\libg.a(lib_a-__call_atexit.o) (__retarget_lock_acquire_recursive)
d:/program/arm-none-eabi-gcc/bin/../lib/gcc/arm-none-eabi/10.3.1/../../../../arm-none-eabi/lib/thumb/v7-m/nofp\libg.a(lib_a-svfprintf.o)
                              d:/program/arm-none-eabi-gcc/bin/../lib/gcc/arm-none-eabi/10.3.1/../../../../arm-none-eabi/lib/thumb/v7-m/nofp\libg.a(lib_a-vsnprintf.o) (_svfprintf_r)
d:/program/arm-none-eabi-gcc/bin/../lib/gcc/arm-none-eabi/10.3.1/../../../../arm-none-eabi/lib/thumb/v7-m/nofp\libg.a(lib_a-__atexit.o)
                              d:/program/arm-none-eabi-gcc/bin/../lib/gcc/arm-none-eabi/10.3.1/../../../../arm-none-eabi/lib/thumb/v7-m/nofp\libg.a(lib_a-atexit.o) (__register_exitproc)
d:/program/arm-none-eabi-gcc/bin/../lib/gcc/arm-none-eabi/10.3.1/../../../../arm-none-eabi/lib/thumb/v7-m/nofp\libg.a(lib_a-dtoa.o)
                              d:/program/arm-none-eabi-gcc/bin/../lib/gcc/arm-none-eabi/10.3.1/../../../../arm-none-eabi/lib/thumb/v7-m/nofp\libg.a(lib_a-svfprintf.o) (_dtoa_r)
d:/program/arm-none-eabi-gcc/bin/../lib/gcc/arm-none-eabi/10.3.1/../../../../arm-none-eabi/lib/thumb/v7-m/nofp\libg.a(lib_a-freer.o)
                              d:/program/arm-none-eabi-gcc/bin/../lib/gcc/arm-none-eabi/10.3.1/../../../../arm-none-eabi/lib/thumb/v7-m/nofp\libg.a(lib_a-svfprintf.o) (_free_r)
d:/program/arm-none-eabi-gcc/bin/../lib/gcc/arm-none-eabi/10.3.1/../../../../arm-none-eabi/lib/thumb/v7-m/nofp\libg.a(lib_a-localeconv.o)
                              d:/program/arm-none-eabi-gcc/bin/../lib/gcc/arm-none-eabi/10.3.1/../../../../arm-none-eabi/lib/thumb/v7-m/nofp\libg.a(lib_a-svfprintf.o) (_localeconv_r)
d:/program/arm-none-eabi-gcc/bin/../lib/gcc/arm-none-eabi/10.3.1/../../../../arm-none-eabi/lib/thumb/v7-m/nofp\libg.a(lib_a-mallocr.o)
[...]
Memory Configuration

Name             Origin             Length             Attributes
RAM              0x20000000         0x0000c000         xrw
FLASH            0x08000000         0x00040000         xr
*default*        0x00000000         0xffffffff

Linker script and memory map

LOAD d:/program/arm-none-eabi-gcc/bin/../lib/gcc/arm-none-eabi/10.3.1/thumb/v7-m/nofp/crti.o
LOAD d:/program/arm-none-eabi-gcc/bin/../lib/gcc/arm-none-eabi/10.3.1/thumb/v7-m/nofp/crtbegin.o
LOAD d:/program/arm-none-eabi-gcc/bin/../lib/gcc/arm-none-eabi/10.3.1/../../../../arm-none-eabi/lib/thumb/v7-m/nofp/crt0.o
LOAD CMakeFiles/project_1.elf.dir/Drivers/STM32F1xx_HAL_Driver/Src/stm32f1xx_hal.c.obj
LOAD CMakeFiles/project_1.elf.dir/Drivers/STM32F1xx_HAL_Driver/Src/stm32f1xx_hal_cortex.c.obj
LOAD CMakeFiles/project_1.elf.dir/Drivers/STM32F1xx_HAL_Driver/Src/stm32f1xx_hal_dma.c.obj
LOAD CMakeFiles/project_1.elf.dir/Drivers/STM32F1xx_HAL_Driver/Src/stm32f1xx_hal_exti.c.obj
LOAD CMakeFiles/project_1.elf.dir/Drivers/STM32F1xx_HAL_Driver/Src/stm32f1xx_hal_flash.c.obj
LOAD CMakeFiles/project_1.elf.dir/Drivers/STM32F1xx_HAL_Driver/Src/stm32f1xx_hal_flash_ex.c.obj
LOAD CMakeFiles/project_1.elf.dir/Drivers/STM32F1xx_HAL_Driver/Src/stm32f1xx_hal_gpio.c.obj
LOAD CMakeFiles/project_1.elf.dir/Drivers/STM32F1xx_HAL_Driver/Src/stm32f1xx_hal_gpio_ex.c.obj
LOAD CMakeFiles/project_1.elf.dir/Drivers/STM32F1xx_HAL_Driver/Src/stm32f1xx_hal_pwr.c.obj
LOAD CMakeFiles/project_1.elf.dir/Drivers/STM32F1xx_HAL_Driver/Src/stm32f1xx_hal_rcc.c.obj
LOAD CMakeFiles/project_1.elf.dir/Drivers/STM32F1xx_HAL_Driver/Src/stm32f1xx_hal_rcc_ex.c.obj
LOAD CMakeFiles/project_1.elf.dir/Drivers/STM32F1xx_HAL_Driver/Src/stm32f1xx_hal_tim.c.obj
LOAD CMakeFiles/project_1.elf.dir/Drivers/STM32F1xx_HAL_Driver/Src/stm32f1xx_hal_tim_ex.c.obj
LOAD CMakeFiles/project_1.elf.dir/Drivers/STM32F1xx_HAL_Driver/Src/stm32f1xx_hal_uart.c.obj
LOAD CMakeFiles/project_1.elf.dir/Src/bsp_ili9341_lcd.c.obj
LOAD CMakeFiles/project_1.elf.dir/Src/dma.c.obj
LOAD CMakeFiles/project_1.elf.dir/Src/gpio.c.obj
LOAD CMakeFiles/project_1.elf.dir/Src/main.c.obj
LOAD CMakeFiles/project_1.elf.dir/Src/stm32f1xx_hal_msp.c.obj
LOAD CMakeFiles/project_1.elf.dir/Src/stm32f1xx_it.c.obj
LOAD CMakeFiles/project_1.elf.dir/Src/syscalls.c.obj
LOAD CMakeFiles/project_1.elf.dir/Src/sysmem.c.obj
LOAD CMakeFiles/project_1.elf.dir/Src/system_stm32f1xx.c.obj
LOAD CMakeFiles/project_1.elf.dir/Src/tim.c.obj
LOAD CMakeFiles/project_1.elf.dir/Src/usart.c.obj
LOAD CMakeFiles/project_1.elf.dir/Startup/startup_stm32f103vctx.s.obj
START GROUP
LOAD d:/program/arm-none-eabi-gcc/bin/../lib/gcc/arm-none-eabi/10.3.1/thumb/v7-m/nofp\libgcc.a
LOAD d:/program/arm-none-eabi-gcc/bin/../lib/gcc/arm-none-eabi/10.3.1/../../../../arm-none-eabi/lib/thumb/v7-m/nofp\libg.a
LOAD d:/program/arm-none-eabi-gcc/bin/../lib/gcc/arm-none-eabi/10.3.1/../../../../arm-none-eabi/lib/thumb/v7-m/nofp\libc.a
END GROUP
LOAD d:/program/arm-none-eabi-gcc/bin/../lib/gcc/arm-none-eabi/10.3.1/thumb/v7-m/nofp/crtend.o
LOAD d:/program/arm-none-eabi-gcc/bin/../lib/gcc/arm-none-eabi/10.3.1/thumb/v7-m/nofp/crtn.o
                0x2000c000                _estack = (ORIGIN (RAM) + LENGTH (RAM))
                0x00000200                _Min_Heap_Size = 0x200
                0x00000400                _Min_Stack_Size = 0x400

.isr_vector     0x08000000      0x1e4
                0x08000000                . = ALIGN (0x4)
 *(.isr_vector)
 .isr_vector    0x08000000      0x1e4 CMakeFiles/project_1.elf.dir/Startup/startup_stm32f103vctx.s.obj
                0x08000000                g_pfnVectors
                0x080001e4                . = ALIGN (0x4)

.text           0x080001e8    0x14400
                0x080001e8                . = ALIGN (0x4)
 *(.text)
 .text          0x080001e8       0x40 d:/program/arm-none-eabi-gcc/bin/../lib/gcc/arm-none-eabi/10.3.1/thumb/v7-m/nofp/crtbegin.o
 .text          0x08000228       0xec d:/program/arm-none-eabi-gcc/bin/../lib/gcc/arm-none-eabi/10.3.1/../../../../arm-none-eabi/lib/thumb/v7-m/nofp\libg.a(lib_a-memcpy.o)
                0x08000228                memcpy
 .text          0x08000314      0x378 d:/program/arm-none-eabi-gcc/bin/../lib/gcc/arm-none-eabi/10.3.1/thumb/v7-m/nofp\libgcc.a(_arm_addsubdf3.o)
                0x08000314                __aeabi_drsub
                0x0800031c                __aeabi_dsub
                0x0800031c                __subdf3
                0x08000320                __aeabi_dadd
                0x08000320                __adddf3
                0x08000598                __floatunsidf
                0x08000598                __aeabi_ui2d
                0x080005b8                __floatsidf
                0x080005b8                __aeabi_i2d
                0x080005dc                __aeabi_f2d
                0x080005dc                __extendsfdf2
                0x08000620                __floatundidf
                0x08000620                __aeabi_ul2d
                0x08000630                __floatdidf
                0x08000630                __aeabi_l2d
 .text          0x0800068c      0x424 d:/program/arm-none-eabi-gcc/bin/../lib/gcc/arm-none-eabi/10.3.1/thumb/v7-m/nofp\libgcc.a(_arm_muldivdf3.o)
                0x0800068c                __aeabi_dmul
                0x0800068c                __muldf3
                0x080008e0                __divdf3
                0x080008e0                __aeabi_ddiv
 .text          0x08000ab0      0x110 d:/program/arm-none-eabi-gcc/bin/../lib/gcc/arm-none-eabi/10.3.1/thumb/v7-m/nofp\libgcc.a(_arm_cmpdf2.o)
                0x08000ab0                __gtdf2
                0x08000ab0                __gedf2
                0x08000ab8                __ltdf2
                0x08000ab8                __ledf2
                0x08000ac0                __nedf2
                0x08000ac0                __eqdf2
                0x08000ac0                __cmpdf2
                0x08000b3c                __aeabi_cdrcmple
                0x08000b4c                __aeabi_cdcmpeq
                0x08000b4c                __aeabi_cdcmple
                0x08000b5c                __aeabi_dcmpeq
                0x08000b70                __aeabi_dcmplt
                0x08000b84                __aeabi_dcmple
                0x08000b98                __aeabi_dcmpge
                0x08000bac                __aeabi_dcmpgt
 .text          0x08000bc0       0x2c d:/program/arm-none-eabi-gcc/bin/../lib/gcc/arm-none-eabi/10.3.1/thumb/v7-m/nofp\libgcc.a(_arm_unorddf2.o)
                0x08000bc0                __unorddf2
                0x08000bc0                __aeabi_dcmpun
 .text          0x08000bec       0x50 d:/program/arm-none-eabi-gcc/bin/../lib/gcc/arm-none-eabi/10.3.1/thumb/v7-m/nofp\libgcc.a(_arm_fixdfsi.o)
                0x08000bec                __aeabi_d2iz
                0x08000bec                __fixdfsi
 .text          0x08000c3c       0x30 d:/program/arm-none-eabi-gcc/bin/../lib/gcc/arm-none-eabi/10.3.1/thumb/v7-m/nofp\libgcc.a(_aeabi_uldivmod.o)
                0x08000c3c                __aeabi_uldivmod
 .text          0x08000c6c      0x2d4 d:/program/arm-none-eabi-gcc/bin/../lib/gcc/arm-none-eabi/10.3.1/thumb/v7-m/nofp\libgcc.a(_udivmoddi4.o)
                0x08000c6c                __udivmoddi4
 .text          0x08000f40        0x4 d:/program/arm-none-eabi-gcc/bin/../lib/gcc/arm-none-eabi/10.3.1/thumb/v7-m/nofp\libgcc.a(_dvmd_tls.o)
                0x08000f40                __aeabi_idiv0
                0x08000f40                __aeabi_ldiv0
 *(.text*)
 .text.HAL_InitTick
                0x08000f44       0x4c CMakeFiles/project_1.elf.dir/Drivers/STM32F1xx_HAL_Driver/Src/stm32f1xx_hal.c.obj
                0x08000f44                HAL_InitTick
 .text.HAL_Init
                0x08000f90       0x24 CMakeFiles/project_1.elf.dir/Drivers/STM32F1xx_HAL_Driver/Src/stm32f1xx_hal.c.obj
                0x08000f90                HAL_Init
 .text.HAL_IncTick
                0x08000fb4       0x18 CMakeFiles/project_1.elf.dir/Drivers/STM32F1xx_HAL_Driver/Src/stm32f1xx_hal.c.obj
                0x08000fb4                HAL_IncTick
 .text.HAL_GetTick
                0x08000fcc        0xc CMakeFiles/project_1.elf.dir/Drivers/STM32F1xx_HAL_Driver/Src/stm32f1xx_hal.c.obj
                0x08000fcc                HAL_GetTick
 .text.HAL_Delay
                0x08000fd8       0x28 CMakeFiles/project_1.elf.dir/Drivers/STM32F1xx_HAL_Driver/Src/stm32f1xx_hal.c.obj
                0x08000fd8                HAL_Delay
 .text.HAL_NVIC_SetPriorityGrouping
                0x08001000       0x24 CMakeFiles/project_1.elf.dir/Drivers/STM32F1xx_HAL_Driver/Src/stm32f1xx_hal_cortex.c.obj
                0x08001000                HAL_NVIC_SetPriorityGrouping
 .text.HAL_NVIC_SetPriority
                0x08001024       0x70 CMakeFiles/project_1.elf.dir/Drivers/STM32F1xx_HAL_Driver/Src/stm32f1xx_hal_cortex.c.obj
                0x08001024                HAL_NVIC_SetPriority
 .text.HAL_NVIC_EnableIRQ
                0x08001094       0x1c CMakeFiles/project_1.elf.dir/Drivers/STM32F1xx_HAL_Driver/Src/stm32f1xx_hal_cortex.c.obj
                0x08001094                HAL_NVIC_EnableIRQ
 .text.HAL_SYSTICK_Config
                0x080010b0       0x28 CMakeFiles/project_1.elf.dir/Drivers/STM32F1xx_HAL_Driver/Src/stm32f1xx_hal_cortex.c.obj
                0x080010b0                HAL_SYSTICK_Config
 .text.DMA_SetConfig
                0x080010d8       0x2c CMakeFiles/project_1.elf.dir/Drivers/STM32F1xx_HAL_Driver/Src/stm32f1xx_hal_dma.c.obj
 .text.HAL_DMA_Init
                0x08001104       0x98 CMakeFiles/project_1.elf.dir/Drivers/STM32F1xx_HAL_Driver/Src/stm32f1xx_hal_dma.c.obj
                0x08001104                HAL_DMA_Init
 .text.HAL_DMA_Start_IT
                0x0800119c       0x74 CMakeFiles/project_1.elf.dir/Drivers/STM32F1xx_HAL_Driver/Src/stm32f1xx_hal_dma.c.obj
                0x0800119c                HAL_DMA_Start_IT
 .text.HAL_DMA_Abort_IT
                0x08001210      0x168 CMakeFiles/project_1.elf.dir/Drivers/STM32F1xx_HAL_Driver/Src/stm32f1xx_hal_dma.c.obj
                0x08001210                HAL_DMA_Abort_IT
 .text.HAL_DMA_IRQHandler
                0x08001378      0x2ec CMakeFiles/project_1.elf.dir/Drivers/STM32F1xx_HAL_Driver/Src/stm32f1xx_hal_dma.c.obj
                0x08001378                HAL_DMA_IRQHandler
 .text.HAL_GPIO_Init
                0x08001664      0x240 CMakeFiles/project_1.elf.dir/Drivers/STM32F1xx_HAL_Driver/Src/stm32f1xx_hal_gpio.c.obj
                0x08001664                HAL_GPIO_Init
 .text.HAL_GPIO_WritePin
                0x080018a4        0xc CMakeFiles/project_1.elf.dir/Drivers/STM32F1xx_HAL_Driver/Src/stm32f1xx_hal_gpio.c.obj
                0x080018a4                HAL_GPIO_WritePin
 .text.HAL_GPIO_EXTI_Callback
                0x080018b0        0x2 CMakeFiles/project_1.elf.dir/Drivers/STM32F1xx_HAL_Driver/Src/stm32f1xx_hal_gpio.c.obj
                0x080018b0                HAL_GPIO_EXTI_Callback
 *fill*         0x080018b2        0x2 
 .text.HAL_GPIO_EXTI_IRQHandler
                0x080018b4       0x1c CMakeFiles/project_1.elf.dir/Drivers/STM32F1xx_HAL_Driver/Src/stm32f1xx_hal_gpio.c.obj
                0x080018b4                HAL_GPIO_EXTI_IRQHandler
 .text.RCC_Delay
                0x080018d0       0x2c CMakeFiles/project_1.elf.dir/Drivers/STM32F1xx_HAL_Driver/Src/stm32f1xx_hal_rcc.c.obj
 .text.HAL_RCC_OscConfig
                0x080018fc      0x410 CMakeFiles/project_1.elf.dir/Drivers/STM32F1xx_HAL_Driver/Src/stm32f1xx_hal_rcc.c.obj
                0x080018fc                HAL_RCC_OscConfig
 .text.HAL_RCC_GetSysClockFreq
                0x08001d0c       0x70 CMakeFiles/project_1.elf.dir/Drivers/STM32F1xx_HAL_Driver/Src/stm32f1xx_hal_rcc.c.obj
                0x08001d0c                HAL_RCC_GetSysClockFreq
 .text.HAL_RCC_ClockConfig
                0x08001d7c      0x16c CMakeFiles/project_1.elf.dir/Drivers/STM32F1xx_HAL_Driver/Src/stm32f1xx_hal_rcc.c.obj
                0x08001d7c                HAL_RCC_ClockConfig
 .text.HAL_RCC_GetHCLKFreq
                0x08001ee8        0xc CMakeFiles/project_1.elf.dir/Drivers/STM32F1xx_HAL_Driver/Src/stm32f1xx_hal_rcc.c.obj
                0x08001ee8                HAL_RCC_GetHCLKFreq
 .text.HAL_RCC_GetPCLK1Freq
                0x08001ef4       0x20 CMakeFiles/project_1.elf.dir/Drivers/STM32F1xx_HAL_Driver/Src/stm32f1xx_hal_rcc.c.obj
                0x08001ef4                HAL_RCC_GetPCLK1Freq
 .text.HAL_RCC_GetPCLK2Freq
                0x08001f14       0x20 CMakeFiles/project_1.elf.dir/Drivers/STM32F1xx_HAL_Driver/Src/stm32f1xx_hal_rcc.c.obj
                0x08001f14                HAL_RCC_GetPCLK2Freq
 .text.TIM_OC1_SetConfig
                0x08001f34       0x68 CMakeFiles/project_1.elf.dir/Drivers/STM32F1xx_HAL_Driver/Src/stm32f1xx_hal_tim.c.obj
 .text.TIM_OC3_SetConfig
                0x08001f9c       0x70 CMakeFiles/project_1.elf.dir/Drivers/STM32F1xx_HAL_Driver/Src/stm32f1xx_hal_tim.c.obj
 .text.TIM_OC4_SetConfig
                0x0800200c       0x50 CMakeFiles/project_1.elf.dir/Drivers/STM32F1xx_HAL_Driver/Src/stm32f1xx_hal_tim.c.obj
 .text.TIM_TI1_ConfigInputStage
                0x0800205c       0x24 CMakeFiles/project_1.elf.dir/Drivers/STM32F1xx_HAL_Driver/Src/stm32f1xx_hal_tim.c.obj
 .text.TIM_TI2_ConfigInputStage
                0x08002080       0x26 CMakeFiles/project_1.elf.dir/Drivers/STM32F1xx_HAL_Driver/Src/stm32f1xx_hal_tim.c.obj
 .text.TIM_ITRx_SetConfig
                0x080020a6       0x10 CMakeFiles/project_1.elf.dir/Drivers/STM32F1xx_HAL_Driver/Src/stm32f1xx_hal_tim.c.obj
 .text.HAL_TIM_Base_Start_IT
                0x080020b6       0x22 CMakeFiles/project_1.elf.dir/Drivers/STM32F1xx_HAL_Driver/Src/stm32f1xx_hal_tim.c.obj
                0x080020b6                HAL_TIM_Base_Start_IT
 .text.HAL_TIM_PWM_MspInit
                0x080020d8        0x2 CMakeFiles/project_1.elf.dir/Drivers/STM32F1xx_HAL_Driver/Src/stm32f1xx_hal_tim.c.obj
                0x080020d8                HAL_TIM_PWM_MspInit
 .text.HAL_TIM_PeriodElapsedCallback
                0x080020da        0x2 CMakeFiles/project_1.elf.dir/Drivers/STM32F1xx_HAL_Driver/Src/stm32f1xx_hal_tim.c.obj
                0x080020da                HAL_TIM_PeriodElapsedCallback
 .text.HAL_TIM_OC_DelayElapsedCallback
                0x080020dc        0x2 CMakeFiles/project_1.elf.dir/Drivers/STM32F1xx_HAL_Driver/Src/stm32f1xx_hal_tim.c.obj
                0x080020dc                HAL_TIM_OC_DelayElapsedCallback
 .text.HAL_TIM_IC_CaptureCallback
                0x080020de        0x2 CMakeFiles/project_1.elf.dir/Drivers/STM32F1xx_HAL_Driver/Src/stm32f1xx_hal_tim.c.obj
                0x080020de                HAL_TIM_IC_CaptureCallback
 .text.HAL_TIM_PWM_PulseFinishedCallback
                0x080020e0        0x2 CMakeFiles/project_1.elf.dir/Drivers/STM32F1xx_HAL_Driver/Src/stm32f1xx_hal_tim.c.obj
                0x080020e0                HAL_TIM_PWM_PulseFinishedCallback
 .text.HAL_TIM_TriggerCallback
                0x080020e2        0x2 CMakeFiles/project_1.elf.dir/Drivers/STM32F1xx_HAL_Driver/Src/stm32f1xx_hal_tim.c.obj
                0x080020e2                HAL_TIM_TriggerCallback
 .text.HAL_TIM_IRQHandler
                0x080020e4      0x17a CMakeFiles/project_1.elf.dir/Drivers/STM32F1xx_HAL_Driver/Src/stm32f1xx_hal_tim.c.obj
                0x080020e4                HAL_TIM_IRQHandler
 *fill*         0x0800225e        0x2 
 .text.TIM_Base_SetConfig
                0x08002260       0x98 CMakeFiles/project_1.elf.dir/Drivers/STM32F1xx_HAL_Driver/Src/stm32f1xx_hal_tim.c.obj
                0x08002260                TIM_Base_SetConfig
 .text.HAL_TIM_Base_Init
                0x080022f8       0x34 CMakeFiles/project_1.elf.dir/Drivers/STM32F1xx_HAL_Driver/Src/stm32f1xx_hal_tim.c.obj
                0x080022f8                HAL_TIM_Base_Init
 .text.HAL_TIM_PWM_Init
                0x0800232c       0x34 CMakeFiles/project_1.elf.dir/Drivers/STM32F1xx_HAL_Driver/Src/stm32f1xx_hal_tim.c.obj
                0x0800232c                HAL_TIM_PWM_Init
 .text.TIM_OC2_SetConfig
                0x08002360       0x70 CMakeFiles/project_1.elf.dir/Drivers/STM32F1xx_HAL_Driver/Src/stm32f1xx_hal_tim.c.obj
                0x08002360                TIM_OC2_SetConfig
 .text.HAL_TIM_PWM_ConfigChannel
                0x080023d0       0xdc CMakeFiles/project_1.elf.dir/Drivers/STM32F1xx_HAL_Driver/Src/stm32f1xx_hal_tim.c.obj
                0x080023d0                HAL_TIM_PWM_ConfigChannel
 .text.TIM_ETR_SetConfig
                0x080024ac       0x18 CMakeFiles/project_1.elf.dir/Drivers/STM32F1xx_HAL_Driver/Src/stm32f1xx_hal_tim.c.obj
                0x080024ac                TIM_ETR_SetConfig
 .text.HAL_TIM_ConfigClockSource
                0x080024c4       0xda CMakeFiles/project_1.elf.dir/Drivers/STM32F1xx_HAL_Driver/Src/stm32f1xx_hal_tim.c.obj
                0x080024c4                HAL_TIM_ConfigClockSource
 .text.TIM_CCxChannelCmd
                0x0800259e       0x1e CMakeFiles/project_1.elf.dir/Drivers/STM32F1xx_HAL_Driver/Src/stm32f1xx_hal_tim.c.obj
                0x0800259e                TIM_CCxChannelCmd
 .text.HAL_TIM_PWM_Start
                0x080025bc       0x40 CMakeFiles/project_1.elf.dir/Drivers/STM32F1xx_HAL_Driver/Src/stm32f1xx_hal_tim.c.obj
                0x080025bc                HAL_TIM_PWM_Start
 .text.HAL_TIM_PWM_Stop
                0x080025fc       0x68 CMakeFiles/project_1.elf.dir/Drivers/STM32F1xx_HAL_Driver/Src/stm32f1xx_hal_tim.c.obj
                0x080025fc                HAL_TIM_PWM_Stop
 .text.HAL_TIMEx_MasterConfigSynchronization
                0x08002664       0x48 CMakeFiles/project_1.elf.dir/Drivers/STM32F1xx_HAL_Driver/Src/stm32f1xx_hal_tim_ex.c.obj
                0x08002664                HAL_TIMEx_MasterConfigSynchronization
 .text.HAL_TIMEx_CommutCallback
                0x080026ac        0x2 CMakeFiles/project_1.elf.dir/Drivers/STM32F1xx_HAL_Driver/Src/stm32f1xx_hal_tim_ex.c.obj
                0x080026ac                HAL_TIMEx_CommutCallback
 .text.HAL_TIMEx_BreakCallback
                0x080026ae        0x2 CMakeFiles/project_1.elf.dir/Drivers/STM32F1xx_HAL_Driver/Src/stm32f1xx_hal_tim_ex.c.obj
                0x080026ae                HAL_TIMEx_BreakCallback
 .text.UART_EndTxTransfer
                0x080026b0       0x12 CMakeFiles/project_1.elf.dir/Drivers/STM32F1xx_HAL_Driver/Src/stm32f1xx_hal_uart.c.obj
 .text.UART_EndRxTransfer
                0x080026c2       0x1c CMakeFiles/project_1.elf.dir/Drivers/STM32F1xx_HAL_Driver/Src/stm32f1xx_hal_uart.c.obj
 .text.UART_Transmit_IT
                0x080026de       0x66 CMakeFiles/project_1.elf.dir/Drivers/STM32F1xx_HAL_Driver/Src/stm32f1xx_hal_uart.c.obj
 .text.UART_SetConfig
                0x08002744       0xcc CMakeFiles/project_1.elf.dir/Drivers/STM32F1xx_HAL_Driver/Src/stm32f1xx_hal_uart.c.obj
 .text.HAL_UART_Init
                0x08002810       0x5e CMakeFiles/project_1.elf.dir/Drivers/STM32F1xx_HAL_Driver/Src/stm32f1xx_hal_uart.c.obj
                0x08002810                HAL_UART_Init
 *fill*         0x0800286e        0x2 
 .text.HAL_UART_Transmit_DMA
                0x08002870       0x8c CMakeFiles/project_1.elf.dir/Drivers/STM32F1xx_HAL_Driver/Src/stm32f1xx_hal_uart.c.obj
                0x08002870                HAL_UART_Transmit_DMA
 .text.HAL_UART_Receive_DMA
                0x080028fc       0xa8 CMakeFiles/project_1.elf.dir/Drivers/STM32F1xx_HAL_Driver/Src/stm32f1xx_hal_uart.c.obj
                0x080028fc                HAL_UART_Receive_DMA
 .text.HAL_UART_TxCpltCallback
                0x080029a4        0x2 CMakeFiles/project_1.elf.dir/Drivers/STM32F1xx_HAL_Driver/Src/stm32f1xx_hal_uart.c.obj
                0x080029a4                HAL_UART_TxCpltCallback
 .text.UART_DMATransmitCplt
                0x080029a6       0x30 CMakeFiles/project_1.elf.dir/Drivers/STM32F1xx_HAL_Driver/Src/stm32f1xx_hal_uart.c.obj
 .text.UART_EndTransmit_IT
                0x080029d6       0x1a CMakeFiles/project_1.elf.dir/Drivers/STM32F1xx_HAL_Driver/Src/stm32f1xx_hal_uart.c.obj
 .text.HAL_UART_TxHalfCpltCallback
                0x080029f0        0x2 CMakeFiles/project_1.elf.dir/Drivers/STM32F1xx_HAL_Driver/Src/stm32f1xx_hal_uart.c.obj
                0x080029f0                HAL_UART_TxHalfCpltCallback
 .text.UART_DMATxHalfCplt
                0x080029f2        0xa CMakeFiles/project_1.elf.dir/Drivers/STM32F1xx_HAL_Driver/Src/stm32f1xx_hal_uart.c.obj
 .text.HAL_UART_RxCpltCallback
                0x080029fc        0x2 CMakeFiles/project_1.elf.dir/Drivers/STM32F1xx_HAL_Driver/Src/stm32f1xx_hal_uart.c.obj
                0x080029fc                HAL_UART_RxCpltCallback
 .text.UART_DMAReceiveCplt
                0x080029fe       0x3e CMakeFiles/project_1.elf.dir/Drivers/STM32F1xx_HAL_Driver/Src/stm32f1xx_hal_uart.c.obj
 .text.UART_Receive_IT
                0x08002a3c       0x9e CMakeFiles/project_1.elf.dir/Drivers/STM32F1xx_HAL_Driver/Src/stm32f1xx_hal_uart.c.obj
 .text.HAL_UART_RxHalfCpltCallback
                0x08002ada        0x2 CMakeFiles/project_1.elf.dir/Drivers/STM32F1xx_HAL_Driver/Src/stm32f1xx_hal_uart.c.obj
                0x08002ada                HAL_UART_RxHalfCpltCallback
 .text.UART_DMARxHalfCplt
                0x08002adc        0xa CMakeFiles/project_1.elf.dir/Drivers/STM32F1xx_HAL_Driver/Src/stm32f1xx_hal_uart.c.obj
 .text.HAL_UART_ErrorCallback
                0x08002ae6        0x2 CMakeFiles/project_1.elf.dir/Drivers/STM32F1xx_HAL_Driver/Src/stm32f1xx_hal_uart.c.obj
                0x08002ae6                HAL_UART_ErrorCallback
 .text.UART_DMAError
                0x08002ae8       0x58 CMakeFiles/project_1.elf.dir/Drivers/STM32F1xx_HAL_Driver/Src/stm32f1xx_hal_uart.c.obj
 .text.HAL_UART_IRQHandler
                0x08002b40      0x120 CMakeFiles/project_1.elf.dir/Drivers/STM32F1xx_HAL_Driver/Src/stm32f1xx_hal_uart.c.obj
                0x08002b40                HAL_UART_IRQHandler
 .text.UART_DMAAbortOnError
                0x08002c60       0x10 CMakeFiles/project_1.elf.dir/Drivers/STM32F1xx_HAL_Driver/Src/stm32f1xx_hal_uart.c.obj
 .text.Write_u16_data
                0x08002c70        0xa CMakeFiles/project_1.elf.dir/Src/bsp_ili9341_lcd.c.obj
                0x08002c70                Write_u16_data
 .text.GPIO_ReadOutputData
                0x08002c7a        0x6 CMakeFiles/project_1.elf.dir/Src/bsp_ili9341_lcd.c.obj
                0x08002c7a                GPIO_ReadOutputData
 .text.LCD_RESET
                0x08002c80       0x40 CMakeFiles/project_1.elf.dir/Src/bsp_ili9341_lcd.c.obj
                0x08002c80                LCD_RESET
 .text.LCD_WR_REG
                0x08002cc0      0x2e8 CMakeFiles/project_1.elf.dir/Src/bsp_ili9341_lcd.c.obj
                0x08002cc0                LCD_WR_REG
 .text.LCD_WriteReg
                0x08002fa8      0x3ac CMakeFiles/project_1.elf.dir/Src/bsp_ili9341_lcd.c.obj
                0x08002fa8                LCD_WriteReg
 .text.LCD_WriteRAM_Prepare
                0x08003354        0xa CMakeFiles/project_1.elf.dir/Src/bsp_ili9341_lcd.c.obj
                0x08003354                LCD_WriteRAM_Prepare
 *fill*         0x0800335e        0x2 
 .text.LCD_SetCursor
                0x08003360     0x1b50 CMakeFiles/project_1.elf.dir/Src/bsp_ili9341_lcd.c.obj
                0x08003360                LCD_SetCursor
 .text.LCD_Fill
                0x08004eb0      0x3e0 CMakeFiles/project_1.elf.dir/Src/bsp_ili9341_lcd.c.obj
                0x08004eb0                LCD_Fill
 .text.LCD_Clear
                0x08005290       0x1a CMakeFiles/project_1.elf.dir/Src/bsp_ili9341_lcd.c.obj
                0x08005290                LCD_Clear
 *fill*         0x080052aa        0x2 
 .text.LCD_Init
                0x080052ac     0x87a0 CMakeFiles/project_1.elf.dir/Src/bsp_ili9341_lcd.c.obj
                0x080052ac                LCD_Init
 .text.MX_DMA_Init
                0x0800da4c       0x44 CMakeFiles/project_1.elf.dir/Src/dma.c.obj
                0x0800da4c                MX_DMA_Init
 .text.MX_GPIO_Init
                0x0800da90      0x110 CMakeFiles/project_1.elf.dir/Src/gpio.c.obj
                0x0800da90                MX_GPIO_Init
 .text.Display_gray
                0x0800dba0       0x5c CMakeFiles/project_1.elf.dir/Src/gpio.c.obj
                0x0800dba0                Display_gray
 .text.Flow_LED
                0x0800dbfc       0xac CMakeFiles/project_1.elf.dir/Src/gpio.c.obj
                0x0800dbfc                Flow_LED
 .text.Flow_LED_UART
                0x0800dca8       0xe8 CMakeFiles/project_1.elf.dir/Src/gpio.c.obj
                0x0800dca8                Flow_LED_UART
 .text.Error_Handler
                0x0800dd90        0x4 CMakeFiles/project_1.elf.dir/Src/main.c.obj
                0x0800dd90                Error_Handler
 .text.SystemClock_Config
                0x0800dd94       0x64 CMakeFiles/project_1.elf.dir/Src/main.c.obj
                0x0800dd94                SystemClock_Config
 .text.main     0x0800ddf8       0xa0 CMakeFiles/project_1.elf.dir/Src/main.c.obj
                0x0800ddf8                main
 .text.HAL_MspInit
                0x0800de98       0x4c CMakeFiles/project_1.elf.dir/Src/stm32f1xx_hal_msp.c.obj
                0x0800de98                HAL_MspInit
 .text.NMI_Handler
                0x0800dee4        0x2 CMakeFiles/project_1.elf.dir/Src/stm32f1xx_it.c.obj
                0x0800dee4                NMI_Handler
 .text.HardFault_Handler
                0x0800dee6        0x2 CMakeFiles/project_1.elf.dir/Src/stm32f1xx_it.c.obj
                0x0800dee6                HardFault_Handler
 .text.MemManage_Handler
                0x0800dee8        0x2 CMakeFiles/project_1.elf.dir/Src/stm32f1xx_it.c.obj
                0x0800dee8                MemManage_Handler
 .text.BusFault_Handler
                0x0800deea        0x2 CMakeFiles/project_1.elf.dir/Src/stm32f1xx_it.c.obj
                0x0800deea                BusFault_Handler
 .text.UsageFault_Handler
                0x0800deec        0x2 CMakeFiles/project_1.elf.dir/Src/stm32f1xx_it.c.obj
                0x0800deec                UsageFault_Handler
 .text.SVC_Handler
                0x0800deee        0x2 CMakeFiles/project_1.elf.dir/Src/stm32f1xx_it.c.obj
                0x0800deee                SVC_Handler
 .text.DebugMon_Handler
                0x0800def0        0x2 CMakeFiles/project_1.elf.dir/Src/stm32f1xx_it.c.obj
                0x0800def0                DebugMon_Handler
 .text.PendSV_Handler
                0x0800def2        0x2 CMakeFiles/project_1.elf.dir/Src/stm32f1xx_it.c.obj
                0x0800def2                PendSV_Handler
 .text.SysTick_Handler
                0x0800def4        0x8 CMakeFiles/project_1.elf.dir/Src/stm32f1xx_it.c.obj
                0x0800def4                SysTick_Handler
 .text.EXTI0_IRQHandler
                0x0800defc       0x14 CMakeFiles/project_1.elf.dir/Src/stm32f1xx_it.c.obj
                0x0800defc                EXTI0_IRQHandler
 .text.EXTI1_IRQHandler
                0x0800df10       0x14 CMakeFiles/project_1.elf.dir/Src/stm32f1xx_it.c.obj
                0x0800df10                EXTI1_IRQHandler
 .text.EXTI2_IRQHandler
                0x0800df24       0x14 CMakeFiles/project_1.elf.dir/Src/stm32f1xx_it.c.obj
                0x0800df24                EXTI2_IRQHandler
 .text.EXTI3_IRQHandler
                0x0800df38       0x14 CMakeFiles/project_1.elf.dir/Src/stm32f1xx_it.c.obj
                0x0800df38                EXTI3_IRQHandler
 .text.DMA1_Channel4_IRQHandler
                0x0800df4c       0x10 CMakeFiles/project_1.elf.dir/Src/stm32f1xx_it.c.obj
                0x0800df4c                DMA1_Channel4_IRQHandler
 .text.DMA1_Channel5_IRQHandler
                0x0800df5c       0x10 CMakeFiles/project_1.elf.dir/Src/stm32f1xx_it.c.obj
                0x0800df5c                DMA1_Channel5_IRQHandler
 .text.TIM3_IRQHandler
                0x0800df6c       0x1c CMakeFiles/project_1.elf.dir/Src/stm32f1xx_it.c.obj
                0x0800df6c                TIM3_IRQHandler
 .text.HAL_UART_IdleCpltCallback
                0x0800df88       0x94 CMakeFiles/project_1.elf.dir/Src/stm32f1xx_it.c.obj
                0x0800df88                HAL_UART_IdleCpltCallback
 .text.USART1_IRQHandler
                0x0800e01c       0x34 CMakeFiles/project_1.elf.dir/Src/stm32f1xx_it.c.obj
                0x0800e01c                USART1_IRQHandler
 .text._getpid  0x0800e050        0x4 CMakeFiles/project_1.elf.dir/Src/syscalls.c.obj
                0x0800e050                _getpid
 .text._kill    0x0800e054       0x10 CMakeFiles/project_1.elf.dir/Src/syscalls.c.obj
                0x0800e054                _kill
 .text._exit    0x0800e064        0xc CMakeFiles/project_1.elf.dir/Src/syscalls.c.obj
                0x0800e064                _exit
 .text._read    0x0800e070       0x20 CMakeFiles/project_1.elf.dir/Src/syscalls.c.obj
                0x0800e070                _read
 .text._write   0x0800e090       0x1c CMakeFiles/project_1.elf.dir/Src/syscalls.c.obj
                0x0800e090                _write
 .text._close   0x0800e0ac        0x6 CMakeFiles/project_1.elf.dir/Src/syscalls.c.obj
                0x0800e0ac                _close
 .text._fstat   0x0800e0b2        0xa CMakeFiles/project_1.elf.dir/Src/syscalls.c.obj
                0x0800e0b2                _fstat
 .text._isatty  0x0800e0bc        0x4 CMakeFiles/project_1.elf.dir/Src/syscalls.c.obj
                0x0800e0bc                _isatty
 .text._lseek   0x0800e0c0        0x4 CMakeFiles/project_1.elf.dir/Src/syscalls.c.obj
                0x0800e0c0                _lseek
 .text._sbrk    0x0800e0c4       0x48 CMakeFiles/project_1.elf.dir/Src/sysmem.c.obj
                0x0800e0c4                _sbrk
 .text.SystemInit
                0x0800e10c       0x4c CMakeFiles/project_1.elf.dir/Src/system_stm32f1xx.c.obj
                0x0800e10c                SystemInit
 .text.HAL_TIM_Base_MspInit
                0x0800e158       0x40 CMakeFiles/project_1.elf.dir/Src/tim.c.obj
                0x0800e158                HAL_TIM_Base_MspInit
 .text.HAL_TIM_MspPostInit
                0x0800e198       0x60 CMakeFiles/project_1.elf.dir/Src/tim.c.obj
                0x0800e198                HAL_TIM_MspPostInit
 .text.MX_TIM3_Init
                0x0800e1f8       0xac CMakeFiles/project_1.elf.dir/Src/tim.c.obj
                0x0800e1f8                MX_TIM3_Init
 .text.TIM_Delay_ms
                0x0800e2a4       0x48 CMakeFiles/project_1.elf.dir/Src/tim.c.obj
                0x0800e2a4                TIM_Delay_ms
 .text.Beep_Alarm
                0x0800e2ec       0x8c CMakeFiles/project_1.elf.dir/Src/tim.c.obj
                0x0800e2ec                Beep_Alarm
 .text.MX_USART1_UART_Init
                0x0800e378       0x34 CMakeFiles/project_1.elf.dir/Src/usart.c.obj
                0x0800e378                MX_USART1_UART_Init
 .text.HAL_UART_MspInit
                0x0800e3ac       0xf8 CMakeFiles/project_1.elf.dir/Src/usart.c.obj
                0x0800e3ac                HAL_UART_MspInit
 .text.println  0x0800e4a4       0x38 CMakeFiles/project_1.elf.dir/Src/usart.c.obj
                0x0800e4a4                println
 .text.Reset_Handler
                0x0800e4dc       0x48 CMakeFiles/project_1.elf.dir/Startup/startup_stm32f103vctx.s.obj
                0x0800e4dc                Reset_Handler
 .text.Default_Handler
                0x0800e524        0x2 CMakeFiles/project_1.elf.dir/Startup/startup_stm32f103vctx.s.obj
                0x0800e524                RTC_Alarm_IRQHandler
                0x0800e524                TIM8_TRG_COM_IRQHandler
                0x0800e524                TIM8_CC_IRQHandler
                0x0800e524                TIM1_CC_IRQHandler
                0x0800e524                TIM6_IRQHandler
                0x0800e524                PVD_IRQHandler
                0x0800e524                SDIO_IRQHandler
                0x0800e524                I2C2_EV_IRQHandler
                0x0800e524                ADC1_2_IRQHandler
                0x0800e524                SPI1_IRQHandler
                0x0800e524                TAMPER_IRQHandler
                0x0800e524                TIM8_UP_IRQHandler
                0x0800e524                DMA2_Channel2_IRQHandler
                0x0800e524                USART3_IRQHandler
                0x0800e524                RTC_IRQHandler
                0x0800e524                DMA1_Channel7_IRQHandler
                0x0800e524                CAN1_RX1_IRQHandler
                0x0800e524                UART5_IRQHandler
                0x0800e524                ADC3_IRQHandler
                0x0800e524                TIM4_IRQHandler
                0x0800e524                DMA2_Channel1_IRQHandler
                0x0800e524                I2C1_EV_IRQHandler
                0x0800e524                DMA1_Channel6_IRQHandler
                0x0800e524                UART4_IRQHandler
                0x0800e524                RCC_IRQHandler
                0x0800e524                TIM1_TRG_COM_IRQHandler
                0x0800e524                DMA1_Channel1_IRQHandler
                0x0800e524                Default_Handler
                0x0800e524                EXTI15_10_IRQHandler
                0x0800e524                TIM7_IRQHandler
                0x0800e524                TIM5_IRQHandler
                0x0800e524                EXTI9_5_IRQHandler
                0x0800e524                SPI2_IRQHandler
                0x0800e524                EXTI4_IRQHandler
                0x0800e524                USB_LP_CAN1_RX0_IRQHandler
                0x0800e524                USB_HP_CAN1_TX_IRQHandler
                0x0800e524                DMA1_Channel3_IRQHandler
                0x0800e524                FSMC_IRQHandler
                0x0800e524                TIM1_UP_IRQHandler
                0x0800e524                WWDG_IRQHandler
                0x0800e524                TIM2_IRQHandler
                0x0800e524                TIM1_BRK_IRQHandler
                0x0800e524                DMA2_Channel4_5_IRQHandler
                0x0800e524                USART2_IRQHandler
                0x0800e524                I2C2_ER_IRQHandler
                0x0800e524                DMA1_Channel2_IRQHandler
                0x0800e524                TIM8_BRK_IRQHandler
                0x0800e524                CAN1_SCE_IRQHandler
                0x0800e524                FLASH_IRQHandler
                0x0800e524                SPI3_IRQHandler
                0x0800e524                I2C1_ER_IRQHandler
                0x0800e524                USBWakeUp_IRQHandler
                0x0800e524                DMA2_Channel3_IRQHandler
 *fill*         0x0800e526        0x2 
 .text.__errno  0x0800e528        0xc d:/program/arm-none-eabi-gcc/bin/../lib/gcc/arm-none-eabi/10.3.1/../../../../arm-none-eabi/lib/thumb/v7-m/nofp\libg.a(lib_a-errno.o)
                0x0800e528                __errno
 .text.__libc_init_array
                0x0800e534       0x48 d:/program/arm-none-eabi-gcc/bin/../lib/gcc/arm-none-eabi/10.3.1/../../../../arm-none-eabi/lib/thumb/v7-m/nofp\libg.a(lib_a-init.o)
                0x0800e534                __libc_init_array
 .text.memcmp   0x0800e57c       0x68 d:/program/arm-none-eabi-gcc/bin/../lib/gcc/arm-none-eabi/10.3.1/../../../../arm-none-eabi/lib/thumb/v7-m/nofp\libg.a(lib_a-memcmp.o)
                0x0800e57c                memcmp
 .text.memset   0x0800e5e4       0xa4 d:/program/arm-none-eabi-gcc/bin/../lib/gcc/arm-none-eabi/10.3.1/../../../../arm-none-eabi/lib/thumb/v7-m/nofp\libg.a(lib_a-memset.o)
                0x0800e5e4                memset
 .text.vsnprintf
                0x0800e688       0x6c d:/program/arm-none-eabi-gcc/bin/../lib/gcc/arm-none-eabi/10.3.1/../../../../arm-none-eabi/lib/thumb/v7-m/nofp\libg.a(lib_a-vsnprintf.o)
                0x0800e688                vsnprintf
 .text.startup.register_fini
                0x0800e6f4       0x14 d:/program/arm-none-eabi-gcc/bin/../lib/gcc/arm-none-eabi/10.3.1/../../../../arm-none-eabi/lib/thumb/v7-m/nofp\libg.a(lib_a-__call_atexit.o)
 .text.atexit   0x0800e708        0xc d:/program/arm-none-eabi-gcc/bin/../lib/gcc/arm-none-eabi/10.3.1/../../../../arm-none-eabi/lib/thumb/v7-m/nofp\libg.a(lib_a-atexit.o)
                0x0800e708                atexit
 .text.__libc_fini_array
                0x0800e714       0x2c d:/program/arm-none-eabi-gcc/bin/../lib/gcc/arm-none-eabi/10.3.1/../../../../arm-none-eabi/lib/thumb/v7-m/nofp\libg.a(lib_a-fini.o)
                0x0800e714                __libc_fini_array
 .text.__retarget_lock_init_recursive
                0x0800e740        0x4 d:/program/arm-none-eabi-gcc/bin/../lib/gcc/arm-none-eabi/10.3.1/../../../../arm-none-eabi/lib/thumb/v7-m/nofp\libg.a(lib_a-lock.o)
                0x0800e740                __retarget_lock_init_recursive
 .text.__retarget_lock_close_recursive
                0x0800e744        0x4 d:/program/arm-none-eabi-gcc/bin/../lib/gcc/arm-none-eabi/10.3.1/../../../../arm-none-eabi/lib/thumb/v7-m/nofp\libg.a(lib_a-lock.o)
                0x0800e744                __retarget_lock_close_recursive
 .text.__retarget_lock_acquire_recursive
                0x0800e748        0x4 d:/program/arm-none-eabi-gcc/bin/../lib/gcc/arm-none-eabi/10.3.1/../../../../arm-none-eabi/lib/thumb/v7-m/nofp\libg.a(lib_a-lock.o)
                0x0800e748                __retarget_lock_acquire_recursive
 .text.__retarget_lock_release_recursive
                0x0800e74c        0x4 d:/program/arm-none-eabi-gcc/bin/../lib/gcc/arm-none-eabi/10.3.1/../../../../arm-none-eabi/lib/thumb/v7-m/nofp\libg.a(lib_a-lock.o)
                0x0800e74c                __retarget_lock_release_recursive
 .text._svfprintf_r
                0x0800e750     0x1aa4 d:/program/arm-none-eabi-gcc/bin/../lib/gcc/arm-none-eabi/10.3.1/../../../../arm-none-eabi/lib/thumb/v7-m/nofp\libg.a(lib_a-svfprintf.o)
                0x0800e750                _svfprintf_r
 .text.__register_exitproc
                0x080101f4       0x8c d:/program/arm-none-eabi-gcc/bin/../lib/gcc/arm-none-eabi/10.3.1/../../../../arm-none-eabi/lib/thumb/v7-m/nofp\libg.a(lib_a-__atexit.o)
                0x080101f4                __register_exitproc
 .text.quorem   0x08010280      0x12c d:/program/arm-none-eabi-gcc/bin/../lib/gcc/arm-none-eabi/10.3.1/../../../../arm-none-eabi/lib/thumb/v7-m/nofp\libg.a(lib_a-dtoa.o)
 *fill*         0x080103ac        0x4 
 .text._dtoa_r  0x080103b0      0xecc d:/program/arm-none-eabi-gcc/bin/../lib/gcc/arm-none-eabi/10.3.1/../../../../arm-none-eabi/lib/thumb/v7-m/nofp\libg.a(lib_a-dtoa.o)
                0x080103b0                _dtoa_r
 .text._malloc_trim_r
                0x0801127c       0xa0 d:/program/arm-none-eabi-gcc/bin/../lib/gcc/arm-none-eabi/10.3.1/../../../../arm-none-eabi/lib/thumb/v7-m/nofp\libg.a(lib_a-freer.o)
                0x0801127c                _malloc_trim_r
 .text._free_r  0x0801131c      0x200 d:/program/arm-none-eabi-gcc/bin/../lib/gcc/arm-none-eabi/10.3.1/../../../../arm-none-eabi/lib/thumb/v7-m/nofp\libg.a(lib_a-freer.o)
                0x0801131c                _free_r
 .text._localeconv_r
                0x0801151c        0x8 d:/program/arm-none-eabi-gcc/bin/../lib/gcc/arm-none-eabi/10.3.1/../../../../arm-none-eabi/lib/thumb/v7-m/nofp\libg.a(lib_a-localeconv.o)
                0x0801151c                _localeconv_r
 .text._malloc_r
                0x08011524      0x558 d:/program/arm-none-eabi-gcc/bin/../lib/gcc/arm-none-eabi/10.3.1/../../../../arm-none-eabi/lib/thumb/v7-m/nofp\libg.a(lib_a-mallocr.o)
                0x08011524                _malloc_r
 .text.memchr   0x08011a7c       0x90 d:/program/arm-none-eabi-gcc/bin/../lib/gcc/arm-none-eabi/10.3.1/../../../../arm-none-eabi/lib/thumb/v7-m/nofp\libg.a(lib_a-memchr-stub.o)
                0x08011a7c                memchr
 .text.__malloc_lock
                0x08011b0c        0xc d:/program/arm-none-eabi-gcc/bin/../lib/gcc/arm-none-eabi/10.3.1/../../../../arm-none-eabi/lib/thumb/v7-m/nofp\libg.a(lib_a-mlock.o)
                0x08011b0c                __malloc_lock
 .text.__malloc_unlock
                0x08011b18        0xc d:/program/arm-none-eabi-gcc/bin/../lib/gcc/arm-none-eabi/10.3.1/../../../../arm-none-eabi/lib/thumb/v7-m/nofp\libg.a(lib_a-mlock.o)
                0x08011b18                __malloc_unlock
 .text._Balloc  0x08011b24       0x4c d:/program/arm-none-eabi-gcc/bin/../lib/gcc/arm-none-eabi/10.3.1/../../../../arm-none-eabi/lib/thumb/v7-m/nofp\libg.a(lib_a-mprec.o)
                0x08011b24                _Balloc
 .text._Bfree   0x08011b70       0x14 d:/program/arm-none-eabi-gcc/bin/../lib/gcc/arm-none-eabi/10.3.1/../../../../arm-none-eabi/lib/thumb/v7-m/nofp\libg.a(lib_a-mprec.o)
                0x08011b70                _Bfree
 .text.__multadd
                0x08011b84       0xa4 d:/program/arm-none-eabi-gcc/bin/../lib/gcc/arm-none-eabi/10.3.1/../../../../arm-none-eabi/lib/thumb/v7-m/nofp\libg.a(lib_a-mprec.o)
                0x08011b84                __multadd
 .text.__hi0bits
                0x08011c28       0x40 d:/program/arm-none-eabi-gcc/bin/../lib/gcc/arm-none-eabi/10.3.1/../../../../arm-none-eabi/lib/thumb/v7-m/nofp\libg.a(lib_a-mprec.o)
                0x08011c28                __hi0bits
 .text.__lo0bits
                0x08011c68       0x58 d:/program/arm-none-eabi-gcc/bin/../lib/gcc/arm-none-eabi/10.3.1/../../../../arm-none-eabi/lib/thumb/v7-m/nofp\libg.a(lib_a-mprec.o)
                0x08011c68                __lo0bits
 .text.__i2b    0x08011cc0       0x5c d:/program/arm-none-eabi-gcc/bin/../lib/gcc/arm-none-eabi/10.3.1/../../../../arm-none-eabi/lib/thumb/v7-m/nofp\libg.a(lib_a-mprec.o)
                0x08011cc0                __i2b
 .text.__multiply
                0x08011d1c      0x15c d:/program/arm-none-eabi-gcc/bin/../lib/gcc/arm-none-eabi/10.3.1/../../../../arm-none-eabi/lib/thumb/v7-m/nofp\libg.a(lib_a-mprec.o)
                0x08011d1c                __multiply
 .text.__pow5mult
                0x08011e78       0xb8 d:/program/arm-none-eabi-gcc/bin/../lib/gcc/arm-none-eabi/10.3.1/../../../../arm-none-eabi/lib/thumb/v7-m/nofp\libg.a(lib_a-mprec.o)
                0x08011e78                __pow5mult
 .text.__lshift
                0x08011f30       0xec d:/program/arm-none-eabi-gcc/bin/../lib/gcc/arm-none-eabi/10.3.1/../../../../arm-none-eabi/lib/thumb/v7-m/nofp\libg.a(lib_a-mprec.o)
                0x08011f30                __lshift
 .text.__mcmp   0x0801201c       0x40 d:/program/arm-none-eabi-gcc/bin/../lib/gcc/arm-none-eabi/10.3.1/../../../../arm-none-eabi/lib/thumb/v7-m/nofp\libg.a(lib_a-mprec.o)
                0x0801201c                __mcmp
 .text.__mdiff  0x0801205c      0x14c d:/program/arm-none-eabi-gcc/bin/../lib/gcc/arm-none-eabi/10.3.1/../../../../arm-none-eabi/lib/thumb/v7-m/nofp\libg.a(lib_a-mprec.o)
                0x0801205c                __mdiff
 .text.__d2b    0x080121a8       0xc4 d:/program/arm-none-eabi-gcc/bin/../lib/gcc/arm-none-eabi/10.3.1/../../../../arm-none-eabi/lib/thumb/v7-m/nofp\libg.a(lib_a-mprec.o)
                0x080121a8                __d2b
 .text.frexp    0x0801226c       0x70 d:/program/arm-none-eabi-gcc/bin/../lib/gcc/arm-none-eabi/10.3.1/../../../../arm-none-eabi/lib/thumb/v7-m/nofp\libg.a(lib_a-s_frexp.o)
                0x0801226c                frexp
 .text._sbrk_r  0x080122dc       0x24 d:/program/arm-none-eabi-gcc/bin/../lib/gcc/arm-none-eabi/10.3.1/../../../../arm-none-eabi/lib/thumb/v7-m/nofp\libg.a(lib_a-sbrkr.o)
                0x080122dc                _sbrk_r
 .text.strlen   0x08012300       0x5c d:/program/arm-none-eabi-gcc/bin/../lib/gcc/arm-none-eabi/10.3.1/../../../../arm-none-eabi/lib/thumb/v7-m/nofp\libg.a(lib_a-strlen-stub.o)
                0x08012300                strlen
 .text.strncpy  0x0801235c       0x68 d:/program/arm-none-eabi-gcc/bin/../lib/gcc/arm-none-eabi/10.3.1/../../../../arm-none-eabi/lib/thumb/v7-m/nofp\libg.a(lib_a-strncpy.o)
                0x0801235c                strncpy
 .text.__ssprint_r
                0x080123c4       0xfc d:/program/arm-none-eabi-gcc/bin/../lib/gcc/arm-none-eabi/10.3.1/../../../../arm-none-eabi/lib/thumb/v7-m/nofp\libg.a(lib_a-svfiprintf.o)
                0x080123c4                __ssprint_r
 .text.__assert_func
                0x080124c0       0x40 d:/program/arm-none-eabi-gcc/bin/../lib/gcc/arm-none-eabi/10.3.1/../../../../arm-none-eabi/lib/thumb/v7-m/nofp\libg.a(lib_a-assert.o)
                0x080124c0                __assert_func
 .text._calloc_r
                0x08012500       0x78 d:/program/arm-none-eabi-gcc/bin/../lib/gcc/arm-none-eabi/10.3.1/../../../../arm-none-eabi/lib/thumb/v7-m/nofp\libg.a(lib_a-callocr.o)
                0x08012500                _calloc_r
 .text.fiprintf
                0x08012578       0x28 d:/program/arm-none-eabi-gcc/bin/../lib/gcc/arm-none-eabi/10.3.1/../../../../arm-none-eabi/lib/thumb/v7-m/nofp\libg.a(lib_a-fiprintf.o)
                0x08012578                fiprintf
 .text.__locale_mb_cur_max
                0x080125a0        0xc d:/program/arm-none-eabi-gcc/bin/../lib/gcc/arm-none-eabi/10.3.1/../../../../arm-none-eabi/lib/thumb/v7-m/nofp\libg.a(lib_a-locale.o)
                0x080125a0                __locale_mb_cur_max
 .text.__ascii_mbtowc
                0x080125ac       0x2c d:/program/arm-none-eabi-gcc/bin/../lib/gcc/arm-none-eabi/10.3.1/../../../../arm-none-eabi/lib/thumb/v7-m/nofp\libg.a(lib_a-mbtowc_r.o)
                0x080125ac                __ascii_mbtowc
 .text.memmove  0x080125d8       0xf8 d:/program/arm-none-eabi-gcc/bin/../lib/gcc/arm-none-eabi/10.3.1/../../../../arm-none-eabi/lib/thumb/v7-m/nofp\libg.a(lib_a-memmove.o)
                0x080125d8                memmove
 .text._realloc_r
                0x080126d0      0x3dc d:/program/arm-none-eabi-gcc/bin/../lib/gcc/arm-none-eabi/10.3.1/../../../../arm-none-eabi/lib/thumb/v7-m/nofp\libg.a(lib_a-reallocr.o)
                0x080126d0                _realloc_r
 .text.__sprint_r.part.0
                0x08012aac       0x78 d:/program/arm-none-eabi-gcc/bin/../lib/gcc/arm-none-eabi/10.3.1/../../../../arm-none-eabi/lib/thumb/v7-m/nofp\libg.a(lib_a-vfiprintf.o)
 .text._vfiprintf_r
                0x08012b24      0xd98 d:/program/arm-none-eabi-gcc/bin/../lib/gcc/arm-none-eabi/10.3.1/../../../../arm-none-eabi/lib/thumb/v7-m/nofp\libg.a(lib_a-vfiprintf.o)
                0x08012b24                _vfiprintf_r
 .text.__sbprintf
                0x080138bc       0x84 d:/program/arm-none-eabi-gcc/bin/../lib/gcc/arm-none-eabi/10.3.1/../../../../arm-none-eabi/lib/thumb/v7-m/nofp\libg.a(lib_a-vfiprintf.o)
 .text.__ascii_wctomb
                0x08013940       0x1c d:/program/arm-none-eabi-gcc/bin/../lib/gcc/arm-none-eabi/10.3.1/../../../../arm-none-eabi/lib/thumb/v7-m/nofp\libg.a(lib_a-wctomb_r.o)
                0x08013940                __ascii_wctomb
 .text.__swsetup_r
                0x0801395c       0xd4 d:/program/arm-none-eabi-gcc/bin/../lib/gcc/arm-none-eabi/10.3.1/../../../../arm-none-eabi/lib/thumb/v7-m/nofp\libg.a(lib_a-wsetup.o)
                0x0801395c                __swsetup_r
 .text.abort    0x08013a30       0x10 d:/program/arm-none-eabi-gcc/bin/../lib/gcc/arm-none-eabi/10.3.1/../../../../arm-none-eabi/lib/thumb/v7-m/nofp\libg.a(lib_a-abort.o)
                0x08013a30                abort
 .text.__sflush_r
                0x08013a40      0x124 d:/program/arm-none-eabi-gcc/bin/../lib/gcc/arm-none-eabi/10.3.1/../../../../arm-none-eabi/lib/thumb/v7-m/nofp\libg.a(lib_a-fflush.o)
                0x08013a40                __sflush_r
 .text._fflush_r
                0x08013b64       0x5c d:/program/arm-none-eabi-gcc/bin/../lib/gcc/arm-none-eabi/10.3.1/../../../../arm-none-eabi/lib/thumb/v7-m/nofp\libg.a(lib_a-fflush.o)
                0x08013b64                _fflush_r
 .text._cleanup_r
                0x08013bc0        0xc d:/program/arm-none-eabi-gcc/bin/../lib/gcc/arm-none-eabi/10.3.1/../../../../arm-none-eabi/lib/thumb/v7-m/nofp\libg.a(lib_a-findfp.o)
                0x08013bc0                _cleanup_r
 .text.__sinit  0x08013bcc      0x10c d:/program/arm-none-eabi-gcc/bin/../lib/gcc/arm-none-eabi/10.3.1/../../../../arm-none-eabi/lib/thumb/v7-m/nofp\libg.a(lib_a-findfp.o)
                0x08013bcc                __sinit
 .text.__sfp_lock_acquire
                0x08013cd8        0xc d:/program/arm-none-eabi-gcc/bin/../lib/gcc/arm-none-eabi/10.3.1/../../../../arm-none-eabi/lib/thumb/v7-m/nofp\libg.a(lib_a-findfp.o)
                0x08013cd8                __sfp_lock_acquire
 .text.__sfp_lock_release
                0x08013ce4        0xc d:/program/arm-none-eabi-gcc/bin/../lib/gcc/arm-none-eabi/10.3.1/../../../../arm-none-eabi/lib/thumb/v7-m/nofp\libg.a(lib_a-findfp.o)
                0x08013ce4                __sfp_lock_release
 .text.__fputwc
                0x08013cf0       0xa0 d:/program/arm-none-eabi-gcc/bin/../lib/gcc/arm-none-eabi/10.3.1/../../../../arm-none-eabi/lib/thumb/v7-m/nofp\libg.a(lib_a-fputwc.o)
                0x08013cf0                __fputwc
 .text._fputwc_r
                0x08013d90       0x68 d:/program/arm-none-eabi-gcc/bin/../lib/gcc/arm-none-eabi/10.3.1/../../../../arm-none-eabi/lib/thumb/v7-m/nofp\libg.a(lib_a-fputwc.o)
                0x08013d90                _fputwc_r
 .text.__sfvwrite_r
                0x08013df8      0x2f0 d:/program/arm-none-eabi-gcc/bin/../lib/gcc/arm-none-eabi/10.3.1/../../../../arm-none-eabi/lib/thumb/v7-m/nofp\libg.a(lib_a-fvwrite.o)
                0x08013df8                __sfvwrite_r
 .text._fwalk_reent
                0x080140e8       0x48 d:/program/arm-none-eabi-gcc/bin/../lib/gcc/arm-none-eabi/10.3.1/../../../../arm-none-eabi/lib/thumb/v7-m/nofp\libg.a(lib_a-fwalk.o)
                0x080140e8                _fwalk_reent
 .text.__smakebuf_r
                0x08014130       0xe0 d:/program/arm-none-eabi-gcc/bin/../lib/gcc/arm-none-eabi/10.3.1/../../../../arm-none-eabi/lib/thumb/v7-m/nofp\libg.a(lib_a-makebuf.o)
                0x08014130                __smakebuf_r
 .text.raise    0x08014210       0x5c d:/program/arm-none-eabi-gcc/bin/../lib/gcc/arm-none-eabi/10.3.1/../../../../arm-none-eabi/lib/thumb/v7-m/nofp\libg.a(lib_a-signal.o)
                0x08014210                raise
 .text._kill_r  0x0801426c       0x28 d:/program/arm-none-eabi-gcc/bin/../lib/gcc/arm-none-eabi/10.3.1/../../../../arm-none-eabi/lib/thumb/v7-m/nofp\libg.a(lib_a-signalr.o)
                0x0801426c                _kill_r
 .text._getpid_r
                0x08014294        0x4 d:/program/arm-none-eabi-gcc/bin/../lib/gcc/arm-none-eabi/10.3.1/../../../../arm-none-eabi/lib/thumb/v7-m/nofp\libg.a(lib_a-signalr.o)
                0x08014294                _getpid_r
 .text.__sread  0x08014298       0x24 d:/program/arm-none-eabi-gcc/bin/../lib/gcc/arm-none-eabi/10.3.1/../../../../arm-none-eabi/lib/thumb/v7-m/nofp\libg.a(lib_a-stdio.o)
                0x08014298                __sread
 .text.__swrite
                0x080142bc       0x40 d:/program/arm-none-eabi-gcc/bin/../lib/gcc/arm-none-eabi/10.3.1/../../../../arm-none-eabi/lib/thumb/v7-m/nofp\libg.a(lib_a-stdio.o)
                0x080142bc                __swrite
 .text.__sseek  0x080142fc       0x20 d:/program/arm-none-eabi-gcc/bin/../lib/gcc/arm-none-eabi/10.3.1/../../../../arm-none-eabi/lib/thumb/v7-m/nofp\libg.a(lib_a-stdio.o)
                0x080142fc                __sseek
 .text.__sclose
                0x0801431c        0x8 d:/program/arm-none-eabi-gcc/bin/../lib/gcc/arm-none-eabi/10.3.1/../../../../arm-none-eabi/lib/thumb/v7-m/nofp\libg.a(lib_a-stdio.o)
                0x0801431c                __sclose
 .text.__swbuf_r
                0x08014324       0xb0 d:/program/arm-none-eabi-gcc/bin/../lib/gcc/arm-none-eabi/10.3.1/../../../../arm-none-eabi/lib/thumb/v7-m/nofp\libg.a(lib_a-wbuf.o)
                0x08014324                __swbuf_r
 .text._wcrtomb_r
                0x080143d4       0x3c d:/program/arm-none-eabi-gcc/bin/../lib/gcc/arm-none-eabi/10.3.1/../../../../arm-none-eabi/lib/thumb/v7-m/nofp\libg.a(lib_a-wcrtomb.o)
                0x080143d4                _wcrtomb_r
 .text._write_r
                0x08014410       0x2c d:/program/arm-none-eabi-gcc/bin/../lib/gcc/arm-none-eabi/10.3.1/../../../../arm-none-eabi/lib/thumb/v7-m/nofp\libg.a(lib_a-writer.o)
                0x08014410                _write_r
 .text._close_r
                0x0801443c       0x24 d:/program/arm-none-eabi-gcc/bin/../lib/gcc/arm-none-eabi/10.3.1/../../../../arm-none-eabi/lib/thumb/v7-m/nofp\libg.a(lib_a-closer.o)
                0x0801443c                _close_r
 .text._fclose_r
                0x08014460       0xcc d:/program/arm-none-eabi-gcc/bin/../lib/gcc/arm-none-eabi/10.3.1/../../../../arm-none-eabi/lib/thumb/v7-m/nofp\libg.a(lib_a-fclose.o)
                0x08014460                _fclose_r
 .text._fstat_r
                0x0801452c       0x28 d:/program/arm-none-eabi-gcc/bin/../lib/gcc/arm-none-eabi/10.3.1/../../../../arm-none-eabi/lib/thumb/v7-m/nofp\libg.a(lib_a-fstatr.o)
                0x0801452c                _fstat_r
 .text._isatty_r
                0x08014554       0x24 d:/program/arm-none-eabi-gcc/bin/../lib/gcc/arm-none-eabi/10.3.1/../../../../arm-none-eabi/lib/thumb/v7-m/nofp\libg.a(lib_a-isattyr.o)
                0x08014554                _isatty_r
 .text._lseek_r
                0x08014578       0x2c d:/program/arm-none-eabi-gcc/bin/../lib/gcc/arm-none-eabi/10.3.1/../../../../arm-none-eabi/lib/thumb/v7-m/nofp\libg.a(lib_a-lseekr.o)
                0x08014578                _lseek_r
 .text._read_r  0x080145a4       0x2c d:/program/arm-none-eabi-gcc/bin/../lib/gcc/arm-none-eabi/10.3.1/../../../../arm-none-eabi/lib/thumb/v7-m/nofp\libg.a(lib_a-readr.o)
                0x080145a4                _read_r
 *(.glue_7)
 .glue_7        0x080145d0        0x0 linker stubs
 *(.glue_7t)
 .glue_7t       0x080145d0        0x0 linker stubs
 *(.eh_frame)
 .eh_frame      0x080145d0        0x0 d:/program/arm-none-eabi-gcc/bin/../lib/gcc/arm-none-eabi/10.3.1/thumb/v7-m/nofp/crtbegin.o
 *(.init)
 .init          0x080145d0        0x4 d:/program/arm-none-eabi-gcc/bin/../lib/gcc/arm-none-eabi/10.3.1/thumb/v7-m/nofp/crti.o
                0x080145d0                _init
 .init          0x080145d4        0x8 d:/program/arm-none-eabi-gcc/bin/../lib/gcc/arm-none-eabi/10.3.1/thumb/v7-m/nofp/crtn.o
 *(.fini)
 .fini          0x080145dc        0x4 d:/program/arm-none-eabi-gcc/bin/../lib/gcc/arm-none-eabi/10.3.1/thumb/v7-m/nofp/crti.o
                0x080145dc                _fini
 .fini          0x080145e0        0x8 d:/program/arm-none-eabi-gcc/bin/../lib/gcc/arm-none-eabi/10.3.1/thumb/v7-m/nofp/crtn.o
                0x080145e8                . = ALIGN (0x4)
                0x080145e8                _etext = .

.vfp11_veneer   0x080145e8        0x0
 .vfp11_veneer  0x080145e8        0x0 linker stubs

.v4_bx          0x080145e8        0x0
 .v4_bx         0x080145e8        0x0 linker stubs

.iplt           0x080145e8        0x0
 .iplt          0x080145e8        0x0 d:/program/arm-none-eabi-gcc/bin/../lib/gcc/arm-none-eabi/10.3.1/thumb/v7-m/nofp/crtbegin.o

.rodata         0x080145e8      0x488
                0x080145e8                . = ALIGN (0x4)
 *(.rodata)
 *(.rodata*)
 .rodata.HAL_RCC_GetSysClockFreq.str1.4
                0x080145e8       0x11 CMakeFiles/project_1.elf.dir/Drivers/STM32F1xx_HAL_Driver/Src/stm32f1xx_hal_rcc.c.obj
 *fill*         0x080145f9        0x3 
 .rodata.Flow_LED_UART.str1.4
                0x080145fc       0x5e CMakeFiles/project_1.elf.dir/Src/gpio.c.obj
 *fill*         0x0801465a        0x2 
 .rodata.AHBPrescTable
                0x0801465c       0x10 CMakeFiles/project_1.elf.dir/Src/system_stm32f1xx.c.obj
                0x0801465c                AHBPrescTable
 .rodata.APBPrescTable
                0x0801466c        0x8 CMakeFiles/project_1.elf.dir/Src/system_stm32f1xx.c.obj
                0x0801466c                APBPrescTable
 .rodata._global_impure_ptr
                0x08014674        0x4 d:/program/arm-none-eabi-gcc/bin/../lib/gcc/arm-none-eabi/10.3.1/../../../../arm-none-eabi/lib/thumb/v7-m/nofp\libg.a(lib_a-impure.o)
                0x08014674                _global_impure_ptr
 .rodata._svfprintf_r.str1.4
                0x08014678       0x42 d:/program/arm-none-eabi-gcc/bin/../lib/gcc/arm-none-eabi/10.3.1/../../../../arm-none-eabi/lib/thumb/v7-m/nofp\libg.a(lib_a-svfprintf.o)
 *fill*         0x080146ba        0x2 
 .rodata.blanks.1
                0x080146bc       0x10 d:/program/arm-none-eabi-gcc/bin/../lib/gcc/arm-none-eabi/10.3.1/../../../../arm-none-eabi/lib/thumb/v7-m/nofp\libg.a(lib_a-svfprintf.o)
 .rodata.zeroes.0
                0x080146cc       0x10 d:/program/arm-none-eabi-gcc/bin/../lib/gcc/arm-none-eabi/10.3.1/../../../../arm-none-eabi/lib/thumb/v7-m/nofp\libg.a(lib_a-svfprintf.o)
 .rodata._dtoa_r.str1.4
                0x080146dc       0xa2 d:/program/arm-none-eabi-gcc/bin/../lib/gcc/arm-none-eabi/10.3.1/../../../../arm-none-eabi/lib/thumb/v7-m/nofp\libg.a(lib_a-dtoa.o)
                                 0xa6 (size before relaxing)
 *fill*         0x0801477e        0x2 
 .rodata.__multadd.str1.4
                0x08014780       0x7f d:/program/arm-none-eabi-gcc/bin/../lib/gcc/arm-none-eabi/10.3.1/../../../../arm-none-eabi/lib/thumb/v7-m/nofp\libg.a(lib_a-mprec.o)
                                 0x93 (size before relaxing)
 *fill*         0x080147ff        0x1 
 .rodata.__mprec_bigtens
                0x08014800       0x28 d:/program/arm-none-eabi-gcc/bin/../lib/gcc/arm-none-eabi/10.3.1/../../../../arm-none-eabi/lib/thumb/v7-m/nofp\libg.a(lib_a-mprec.o)
                0x08014800                __mprec_bigtens
 .rodata.__mprec_tens
                0x08014828       0xc8 d:/program/arm-none-eabi-gcc/bin/../lib/gcc/arm-none-eabi/10.3.1/../../../../arm-none-eabi/lib/thumb/v7-m/nofp\libg.a(lib_a-mprec.o)
                0x08014828                __mprec_tens
 .rodata.p05.0  0x080148f0        0xc d:/program/arm-none-eabi-gcc/bin/../lib/gcc/arm-none-eabi/10.3.1/../../../../arm-none-eabi/lib/thumb/v7-m/nofp\libg.a(lib_a-mprec.o)
 .rodata.__assert_func.str1.4
                0x080148fc       0x3f d:/program/arm-none-eabi-gcc/bin/../lib/gcc/arm-none-eabi/10.3.1/../../../../arm-none-eabi/lib/thumb/v7-m/nofp\libg.a(lib_a-assert.o)
                                 0x43 (size before relaxing)
 *fill*         0x0801493b        0x1 
 .rodata._setlocale_r.str1.4
                0x0801493c        0xa d:/program/arm-none-eabi-gcc/bin/../lib/gcc/arm-none-eabi/10.3.1/../../../../arm-none-eabi/lib/thumb/v7-m/nofp\libg.a(lib_a-locale.o)
                                  0xd (size before relaxing)
 *fill*         0x08014946        0x2 
 .rodata.str1.4
                0x08014948        0x2 d:/program/arm-none-eabi-gcc/bin/../lib/gcc/arm-none-eabi/10.3.1/../../../../arm-none-eabi/lib/thumb/v7-m/nofp\libg.a(lib_a-locale.o)
 .rodata._vfiprintf_r.str1.4
                0x0801494a       0x2f d:/program/arm-none-eabi-gcc/bin/../lib/gcc/arm-none-eabi/10.3.1/../../../../arm-none-eabi/lib/thumb/v7-m/nofp\libg.a(lib_a-vfiprintf.o)
 *fill*         0x0801494a        0x2 
 .rodata.blanks.1
                0x0801494c       0x10 d:/program/arm-none-eabi-gcc/bin/../lib/gcc/arm-none-eabi/10.3.1/../../../../arm-none-eabi/lib/thumb/v7-m/nofp\libg.a(lib_a-vfiprintf.o)
 .rodata.zeroes.0
                0x0801495c       0x10 d:/program/arm-none-eabi-gcc/bin/../lib/gcc/arm-none-eabi/10.3.1/../../../../arm-none-eabi/lib/thumb/v7-m/nofp\libg.a(lib_a-vfiprintf.o)
 .rodata._ctype_
                0x0801496c      0x101 d:/program/arm-none-eabi-gcc/bin/../lib/gcc/arm-none-eabi/10.3.1/../../../../arm-none-eabi/lib/thumb/v7-m/nofp\libg.a(lib_a-ctype_.o)
                0x0801496c                _ctype_
                0x08014a70                . = ALIGN (0x4)
 *fill*         0x08014a6d        0x3 

.ARM.extab      0x08014a70        0x0
                0x08014a70                . = ALIGN (0x4)
 *(.ARM.extab* .gnu.linkonce.armextab.*)
                0x08014a70                . = ALIGN (0x4)

.ARM            0x08014a70        0x8
                0x08014a70                . = ALIGN (0x4)
                0x08014a70                __exidx_start = .
 *(.ARM.exidx*)
 .ARM.exidx     0x08014a70        0x8 d:/program/arm-none-eabi-gcc/bin/../lib/gcc/arm-none-eabi/10.3.1/thumb/v7-m/nofp\libgcc.a(_udivmoddi4.o)
                0x08014a78                __exidx_end = .
                0x08014a78                . = ALIGN (0x4)

.rel.dyn        0x08014a78        0x0
 .rel.iplt      0x08014a78        0x0 d:/program/arm-none-eabi-gcc/bin/../lib/gcc/arm-none-eabi/10.3.1/thumb/v7-m/nofp/crtbegin.o

.preinit_array  0x08014a78        0x0
                0x08014a78                . = ALIGN (0x4)
                0x08014a78                PROVIDE (__preinit_array_start = .)
 *(.preinit_array*)
                0x08014a78                PROVIDE (__preinit_array_end = .)
                0x08014a78                . = ALIGN (0x4)

.init_array     0x08014a78        0x8
                0x08014a78                . = ALIGN (0x4)
                0x08014a78                PROVIDE (__init_array_start = .)
 *(SORT_BY_NAME(.init_array.*))
 .init_array.00000
                0x08014a78        0x4 d:/program/arm-none-eabi-gcc/bin/../lib/gcc/arm-none-eabi/10.3.1/../../../../arm-none-eabi/lib/thumb/v7-m/nofp\libg.a(lib_a-__call_atexit.o)
 *(.init_array*)
 .init_array    0x08014a7c        0x4 d:/program/arm-none-eabi-gcc/bin/../lib/gcc/arm-none-eabi/10.3.1/thumb/v7-m/nofp/crtbegin.o
                0x08014a80                PROVIDE (__init_array_end = .)
                0x08014a80                . = ALIGN (0x4)

.fini_array     0x08014a80        0x4
                0x08014a80                . = ALIGN (0x4)
                0x08014a80                PROVIDE (__fini_array_start = .)
 *(SORT_BY_NAME(.fini_array.*))
 *(.fini_array*)
 .fini_array    0x08014a80        0x4 d:/program/arm-none-eabi-gcc/bin/../lib/gcc/arm-none-eabi/10.3.1/thumb/v7-m/nofp/crtbegin.o
                0x08014a84                PROVIDE (__fini_array_end = .)
                0x08014a84                . = ALIGN (0x4)
                0x08014a84                _sidata = LOADADDR (.data)

.data           0x20000000      0x9f8 load address 0x08014a84
                0x20000000                . = ALIGN (0x4)
                0x20000000                _sdata = .
 *(.data)
 *(.data*)
 .data.uwTickFreq
                0x20000000        0x1 CMakeFiles/project_1.elf.dir/Drivers/STM32F1xx_HAL_Driver/Src/stm32f1xx_hal.c.obj
                0x20000000                uwTickFreq
 *fill*         0x20000001        0x3 
 .data.uwTickPrio
                0x20000004        0x4 CMakeFiles/project_1.elf.dir/Drivers/STM32F1xx_HAL_Driver/Src/stm32f1xx_hal.c.obj
                0x20000004                uwTickPrio
 .data.LED_array
                0x20000008        0x8 CMakeFiles/project_1.elf.dir/Src/main.c.obj
                0x20000008                LED_array
 .data.char1    0x20000010        0x8 CMakeFiles/project_1.elf.dir/Src/stm32f1xx_it.c.obj
                0x20000010                char1
 .data.char2    0x20000018        0x6 CMakeFiles/project_1.elf.dir/Src/stm32f1xx_it.c.obj
                0x20000018                char2
 *fill*         0x2000001e        0x2 
 .data.char3    0x20000020       0x21 CMakeFiles/project_1.elf.dir/Src/stm32f1xx_it.c.obj
                0x20000020                char3
 *fill*         0x20000041        0x3 
 .data.SystemCoreClock
                0x20000044        0x4 CMakeFiles/project_1.elf.dir/Src/system_stm32f1xx.c.obj
                0x20000044                SystemCoreClock
 .data._impure_ptr
                0x20000048        0x4 d:/program/arm-none-eabi-gcc/bin/../lib/gcc/arm-none-eabi/10.3.1/../../../../arm-none-eabi/lib/thumb/v7-m/nofp\libg.a(lib_a-impure.o)
                0x20000048                _impure_ptr
 *fill*         0x2000004c        0x4 
 .data.impure_data
                0x20000050      0x428 d:/program/arm-none-eabi-gcc/bin/../lib/gcc/arm-none-eabi/10.3.1/../../../../arm-none-eabi/lib/thumb/v7-m/nofp\libg.a(lib_a-impure.o)
 .data.__atexit_recursive_mutex
                0x20000478        0x4 d:/program/arm-none-eabi-gcc/bin/../lib/gcc/arm-none-eabi/10.3.1/../../../../arm-none-eabi/lib/thumb/v7-m/nofp\libg.a(lib_a-__call_atexit.o)
                0x20000478                __atexit_recursive_mutex
 .data.__malloc_av_
                0x2000047c      0x408 d:/program/arm-none-eabi-gcc/bin/../lib/gcc/arm-none-eabi/10.3.1/../../../../arm-none-eabi/lib/thumb/v7-m/nofp\libg.a(lib_a-mallocr.o)
                0x2000047c                __malloc_av_
 .data.__malloc_sbrk_base
                0x20000884        0x4 d:/program/arm-none-eabi-gcc/bin/../lib/gcc/arm-none-eabi/10.3.1/../../../../arm-none-eabi/lib/thumb/v7-m/nofp\libg.a(lib_a-mallocr.o)
                0x20000884                __malloc_sbrk_base
 .data.__malloc_trim_threshold
                0x20000888        0x4 d:/program/arm-none-eabi-gcc/bin/../lib/gcc/arm-none-eabi/10.3.1/../../../../arm-none-eabi/lib/thumb/v7-m/nofp\libg.a(lib_a-mallocr.o)
                0x20000888                __malloc_trim_threshold
 .data.__global_locale
                0x2000088c      0x16c d:/program/arm-none-eabi-gcc/bin/../lib/gcc/arm-none-eabi/10.3.1/../../../../arm-none-eabi/lib/thumb/v7-m/nofp\libg.a(lib_a-locale.o)
                0x2000088c                __global_locale
 *(.RamFunc)
 *(.RamFunc*)
                0x200009f8                . = ALIGN (0x4)
                0x200009f8                _edata = .

.igot.plt       0x200009f8        0x0 load address 0x0801547c
 .igot.plt      0x200009f8        0x0 d:/program/arm-none-eabi-gcc/bin/../lib/gcc/arm-none-eabi/10.3.1/thumb/v7-m/nofp/crtbegin.o
                0x200009f8                . = ALIGN (0x4)

.bss            0x200009f8      0x2ac load address 0x0801547c
                0x200009f8                _sbss = .
                0x200009f8                __bss_start__ = _sbss
 *(.bss)
 .bss           0x200009f8       0x1c d:/program/arm-none-eabi-gcc/bin/../lib/gcc/arm-none-eabi/10.3.1/thumb/v7-m/nofp/crtbegin.o
 *(.bss*)
 .bss.uwTick    0x20000a14        0x4 CMakeFiles/project_1.elf.dir/Drivers/STM32F1xx_HAL_Driver/Src/stm32f1xx_hal.c.obj
                0x20000a14                uwTick
 .bss.Key_Num4  0x20000a18        0x1 CMakeFiles/project_1.elf.dir/Src/main.c.obj
                0x20000a18                Key_Num4
 .bss.RecCount  0x20000a19        0x1 CMakeFiles/project_1.elf.dir/Src/main.c.obj
                0x20000a19                RecCount
 *fill*         0x20000a1a        0x2 
 .bss.RxBuffer  0x20000a1c       0x64 CMakeFiles/project_1.elf.dir/Src/main.c.obj
                0x20000a1c                RxBuffer
 .bss.TIM_counter
                0x20000a80        0x4 CMakeFiles/project_1.elf.dir/Src/main.c.obj
                0x20000a80                TIM_counter
 .bss.main_LED_dsp_state
                0x20000a84        0x2 CMakeFiles/project_1.elf.dir/Src/main.c.obj
                0x20000a84                main_LED_dsp_state
 *fill*         0x20000a86        0x2 
 .bss.__sbrk_heap_end
                0x20000a88        0x4 CMakeFiles/project_1.elf.dir/Src/sysmem.c.obj
 .bss.htim3     0x20000a8c       0x40 CMakeFiles/project_1.elf.dir/Src/tim.c.obj
                0x20000a8c                htim3
 .bss.SendBuff.0
                0x20000acc       0xc8 CMakeFiles/project_1.elf.dir/Src/usart.c.obj
 .bss.hdma_usart1_rx
                0x20000b94       0x44 CMakeFiles/project_1.elf.dir/Src/usart.c.obj
                0x20000b94                hdma_usart1_rx
 .bss.hdma_usart1_tx
                0x20000bd8       0x44 CMakeFiles/project_1.elf.dir/Src/usart.c.obj
                0x20000bd8                hdma_usart1_tx
 .bss.huart1    0x20000c1c       0x40 CMakeFiles/project_1.elf.dir/Src/usart.c.obj
                0x20000c1c                huart1
 .bss.__lock___atexit_recursive_mutex
                0x20000c5c        0x1 d:/program/arm-none-eabi-gcc/bin/../lib/gcc/arm-none-eabi/10.3.1/../../../../arm-none-eabi/lib/thumb/v7-m/nofp\libg.a(lib_a-lock.o)
                0x20000c5c                __lock___atexit_recursive_mutex
 *fill*         0x20000c5d        0x3 
 .bss.__lock___malloc_recursive_mutex
                0x20000c60        0x1 d:/program/arm-none-eabi-gcc/bin/../lib/gcc/arm-none-eabi/10.3.1/../../../../arm-none-eabi/lib/thumb/v7-m/nofp\libg.a(lib_a-lock.o)
                0x20000c60                __lock___malloc_recursive_mutex
 *fill*         0x20000c61        0x3 
 .bss.__lock___sfp_recursive_mutex
                0x20000c64        0x1 d:/program/arm-none-eabi-gcc/bin/../lib/gcc/arm-none-eabi/10.3.1/../../../../arm-none-eabi/lib/thumb/v7-m/nofp\libg.a(lib_a-lock.o)
                0x20000c64                __lock___sfp_recursive_mutex
 *fill*         0x20000c65        0x3 
 .bss.__lock___sinit_recursive_mutex
                0x20000c68        0x1 d:/program/arm-none-eabi-gcc/bin/../lib/gcc/arm-none-eabi/10.3.1/../../../../arm-none-eabi/lib/thumb/v7-m/nofp\libg.a(lib_a-lock.o)
                0x20000c68                __lock___sinit_recursive_mutex
 *fill*         0x20000c69        0x3 
 .bss.__malloc_current_mallinfo
                0x20000c6c       0x28 d:/program/arm-none-eabi-gcc/bin/../lib/gcc/arm-none-eabi/10.3.1/../../../../arm-none-eabi/lib/thumb/v7-m/nofp\libg.a(lib_a-mallocr.o)
                0x20000c6c                __malloc_current_mallinfo
 .bss.__malloc_max_sbrked_mem
                0x20000c94        0x4 d:/program/arm-none-eabi-gcc/bin/../lib/gcc/arm-none-eabi/10.3.1/../../../../arm-none-eabi/lib/thumb/v7-m/nofp\libg.a(lib_a-mallocr.o)
                0x20000c94                __malloc_max_sbrked_mem
 .bss.__malloc_max_total_mem
                0x20000c98        0x4 d:/program/arm-none-eabi-gcc/bin/../lib/gcc/arm-none-eabi/10.3.1/../../../../arm-none-eabi/lib/thumb/v7-m/nofp\libg.a(lib_a-mallocr.o)
                0x20000c98                __malloc_max_total_mem
 .bss.__malloc_top_pad
                0x20000c9c        0x4 d:/program/arm-none-eabi-gcc/bin/../lib/gcc/arm-none-eabi/10.3.1/../../../../arm-none-eabi/lib/thumb/v7-m/nofp\libg.a(lib_a-mallocr.o)
                0x20000c9c                __malloc_top_pad
 .bss.errno     0x20000ca0        0x4 d:/program/arm-none-eabi-gcc/bin/../lib/gcc/arm-none-eabi/10.3.1/../../../../arm-none-eabi/lib/thumb/v7-m/nofp\libg.a(lib_a-reent.o)
                0x20000ca0                errno
 *(COMMON)
                0x20000ca4                . = ALIGN (0x4)
                0x20000ca4                _ebss = .
                0x20000ca4                __bss_end__ = _ebss

._user_heap_stack
                0x20000ca4      0x604 load address 0x0801547c
                0x20000ca8                . = ALIGN (0x8)
 *fill*         0x20000ca4        0x4 
                [!provide]                PROVIDE (end = .)
                0x20000ca8                PROVIDE (_end = .)
                0x20000ea8                . = (. + _Min_Heap_Size)
 *fill*         0x20000ca8      0x200 
                0x200012a8                . = (. + _Min_Stack_Size)
 *fill*         0x20000ea8      0x400 
                0x200012a8                . = ALIGN (0x8)

/DISCARD/
 libc.a(*)
 libm.a(*)
 libgcc.a(*)

.ARM.attributes
                0x00000000       0x29
 *(.ARM.attributes)
 .ARM.attributes
                0x00000000       0x1d d:/program/arm-none-eabi-gcc/bin/../lib/gcc/arm-none-eabi/10.3.1/thumb/v7-m/nofp/crti.o
 .ARM.attributes
                0x0000001d       0x2d d:/program/arm-none-eabi-gcc/bin/../lib/gcc/arm-none-eabi/10.3.1/thumb/v7-m/nofp/crtbegin.o
 .ARM.attributes
                0x0000004a       0x2d CMakeFiles/project_1.elf.dir/Drivers/STM32F1xx_HAL_Driver/Src/stm32f1xx_hal.c.obj
 .ARM.attributes
                0x00000077       0x2d CMakeFiles/project_1.elf.dir/Drivers/STM32F1xx_HAL_Driver/Src/stm32f1xx_hal_cortex.c.obj
 .ARM.attributes
                0x000000a4       0x2d CMakeFiles/project_1.elf.dir/Drivers/STM32F1xx_HAL_Driver/Src/stm32f1xx_hal_dma.c.obj
 .ARM.attributes
                0x000000d1       0x2d CMakeFiles/project_1.elf.dir/Drivers/STM32F1xx_HAL_Driver/Src/stm32f1xx_hal_gpio.c.obj
 .ARM.attributes
                0x000000fe       0x2d CMakeFiles/project_1.elf.dir/Drivers/STM32F1xx_HAL_Driver/Src/stm32f1xx_hal_rcc.c.obj
 .ARM.attributes
                0x0000012b       0x2d CMakeFiles/project_1.elf.dir/Drivers/STM32F1xx_HAL_Driver/Src/stm32f1xx_hal_tim.c.obj
 .ARM.attributes
                0x00000158       0x2d CMakeFiles/project_1.elf.dir/Drivers/STM32F1xx_HAL_Driver/Src/stm32f1xx_hal_tim_ex.c.obj
 .ARM.attributes
                0x00000185       0x2d CMakeFiles/project_1.elf.dir/Drivers/STM32F1xx_HAL_Driver/Src/stm32f1xx_hal_uart.c.obj
 .ARM.attributes
                0x000001b2       0x2d CMakeFiles/project_1.elf.dir/Src/bsp_ili9341_lcd.c.obj
 .ARM.attributes
                0x000001df       0x2d CMakeFiles/project_1.elf.dir/Src/dma.c.obj
 .ARM.attributes
                0x0000020c       0x2d CMakeFiles/project_1.elf.dir/Src/gpio.c.obj
 .ARM.attributes
                0x00000239       0x2d CMakeFiles/project_1.elf.dir/Src/main.c.obj
 .ARM.attributes
                0x00000266       0x2d CMakeFiles/project_1.elf.dir/Src/stm32f1xx_hal_msp.c.obj
 .ARM.attributes
                0x00000293       0x2d CMakeFiles/project_1.elf.dir/Src/stm32f1xx_it.c.obj
 .ARM.attributes
                0x000002c0       0x2d CMakeFiles/project_1.elf.dir/Src/syscalls.c.obj
 .ARM.attributes
                0x000002ed       0x2d CMakeFiles/project_1.elf.dir/Src/sysmem.c.obj
 .ARM.attributes
                0x0000031a       0x2d CMakeFiles/project_1.elf.dir/Src/system_stm32f1xx.c.obj
 .ARM.attributes
                0x00000347       0x2d CMakeFiles/project_1.elf.dir/Src/tim.c.obj
 .ARM.attributes
                0x00000374       0x2d CMakeFiles/project_1.elf.dir/Src/usart.c.obj
 .ARM.attributes
                0x000003a1       0x21 CMakeFiles/project_1.elf.dir/Startup/startup_stm32f103vctx.s.obj
 .ARM.attributes
                0x000003c2       0x2d d:/program/arm-none-eabi-gcc/bin/../lib/gcc/arm-none-eabi/10.3.1/../../../../arm-none-eabi/lib/thumb/v7-m/nofp\libg.a(lib_a-errno.o)
 .ARM.attributes
                0x000003ef       0x2d d:/program/arm-none-eabi-gcc/bin/../lib/gcc/arm-none-eabi/10.3.1/../../../../arm-none-eabi/lib/thumb/v7-m/nofp\libg.a(lib_a-impure.o)
 .ARM.attributes
                0x0000041c       0x2d d:/program/arm-none-eabi-gcc/bin/../lib/gcc/arm-none-eabi/10.3.1/../../../../arm-none-eabi/lib/thumb/v7-m/nofp\libg.a(lib_a-init.o)
 .ARM.attributes
                0x00000449       0x2d d:/program/arm-none-eabi-gcc/bin/../lib/gcc/arm-none-eabi/10.3.1/../../../../arm-none-eabi/lib/thumb/v7-m/nofp\libg.a(lib_a-memcmp.o)
 .ARM.attributes
                0x00000476       0x2d d:/program/arm-none-eabi-gcc/bin/../lib/gcc/arm-none-eabi/10.3.1/../../../../arm-none-eabi/lib/thumb/v7-m/nofp\libg.a(lib_a-memset.o)
 .ARM.attributes
                0x000004a3       0x2d d:/program/arm-none-eabi-gcc/bin/../lib/gcc/arm-none-eabi/10.3.1/../../../../arm-none-eabi/lib/thumb/v7-m/nofp\libg.a(lib_a-vsnprintf.o)
 .ARM.attributes
                0x000004d0       0x2d d:/program/arm-none-eabi-gcc/bin/../lib/gcc/arm-none-eabi/10.3.1/../../../../arm-none-eabi/lib/thumb/v7-m/nofp\libg.a(lib_a-__call_atexit.o)
 .ARM.attributes
                0x000004fd       0x2d d:/program/arm-none-eabi-gcc/bin/../lib/gcc/arm-none-eabi/10.3.1/../../../../arm-none-eabi/lib/thumb/v7-m/nofp\libg.a(lib_a-atexit.o)
 .ARM.attributes
                0x0000052a       0x2d d:/program/arm-none-eabi-gcc/bin/../lib/gcc/arm-none-eabi/10.3.1/../../../../arm-none-eabi/lib/thumb/v7-m/nofp\libg.a(lib_a-fini.o)
 .ARM.attributes
                0x00000557       0x2d d:/program/arm-none-eabi-gcc/bin/../lib/gcc/arm-none-eabi/10.3.1/../../../../arm-none-eabi/lib/thumb/v7-m/nofp\libg.a(lib_a-lock.o)
 .ARM.attributes
                0x00000584       0x2d d:/program/arm-none-eabi-gcc/bin/../lib/gcc/arm-none-eabi/10.3.1/../../../../arm-none-eabi/lib/thumb/v7-m/nofp\libg.a(lib_a-svfprintf.o)
 .ARM.attributes
                0x000005b1       0x2d d:/program/arm-none-eabi-gcc/bin/../lib/gcc/arm-none-eabi/10.3.1/../../../../arm-none-eabi/lib/thumb/v7-m/nofp\libg.a(lib_a-__atexit.o)
 .ARM.attributes
                0x000005de       0x2d d:/program/arm-none-eabi-gcc/bin/../lib/gcc/arm-none-eabi/10.3.1/../../../../arm-none-eabi/lib/thumb/v7-m/nofp\libg.a(lib_a-dtoa.o)
 .ARM.attributes
                0x0000060b       0x2d d:/program/arm-none-eabi-gcc/bin/../lib/gcc/arm-none-eabi/10.3.1/../../../../arm-none-eabi/lib/thumb/v7-m/nofp\libg.a(lib_a-freer.o)
 .ARM.attributes
                0x00000638       0x2d d:/program/arm-none-eabi-gcc/bin/../lib/gcc/arm-none-eabi/10.3.1/../../../../arm-none-eabi/lib/thumb/v7-m/nofp\libg.a(lib_a-localeconv.o)
 .ARM.attributes
                0x00000665       0x2d d:/program/arm-none-eabi-gcc/bin/../lib/gcc/arm-none-eabi/10.3.1/../../../../arm-none-eabi/lib/thumb/v7-m/nofp\libg.a(lib_a-mallocr.o)
 .ARM.attributes
                0x00000692       0x2d d:/program/arm-none-eabi-gcc/bin/../lib/gcc/arm-none-eabi/10.3.1/../../../../arm-none-eabi/lib/thumb/v7-m/nofp\libg.a(lib_a-memchr-stub.o)
 .ARM.attributes
                0x000006bf       0x1b d:/program/arm-none-eabi-gcc/bin/../lib/gcc/arm-none-eabi/10.3.1/../../../../arm-none-eabi/lib/thumb/v7-m/nofp\libg.a(lib_a-memcpy.o)
 .ARM.attributes
                0x000006da       0x2d d:/program/arm-none-eabi-gcc/bin/../lib/gcc/arm-none-eabi/10.3.1/../../../../arm-none-eabi/lib/thumb/v7-m/nofp\libg.a(lib_a-mlock.o)
 .ARM.attributes
                0x00000707       0x2d d:/program/arm-none-eabi-gcc/bin/../lib/gcc/arm-none-eabi/10.3.1/../../../../arm-none-eabi/lib/thumb/v7-m/nofp\libg.a(lib_a-mprec.o)
 .ARM.attributes
                0x00000734       0x2d d:/program/arm-none-eabi-gcc/bin/../lib/gcc/arm-none-eabi/10.3.1/../../../../arm-none-eabi/lib/thumb/v7-m/nofp\libg.a(lib_a-s_frexp.o)
 .ARM.attributes
                0x00000761       0x2d d:/program/arm-none-eabi-gcc/bin/../lib/gcc/arm-none-eabi/10.3.1/../../../../arm-none-eabi/lib/thumb/v7-m/nofp\libg.a(lib_a-sbrkr.o)
 .ARM.attributes
                0x0000078e       0x2d d:/program/arm-none-eabi-gcc/bin/../lib/gcc/arm-none-eabi/10.3.1/../../../../arm-none-eabi/lib/thumb/v7-m/nofp\libg.a(lib_a-strlen-stub.o)
 .ARM.attributes
                0x000007bb       0x2d d:/program/arm-none-eabi-gcc/bin/../lib/gcc/arm-none-eabi/10.3.1/../../../../arm-none-eabi/lib/thumb/v7-m/nofp\libg.a(lib_a-strncpy.o)
 .ARM.attributes
                0x000007e8       0x2d d:/program/arm-none-eabi-gcc/bin/../lib/gcc/arm-none-eabi/10.3.1/../../../../arm-none-eabi/lib/thumb/v7-m/nofp\libg.a(lib_a-svfiprintf.o)
 .ARM.attributes
                0x00000815       0x2d d:/program/arm-none-eabi-gcc/bin/../lib/gcc/arm-none-eabi/10.3.1/../../../../arm-none-eabi/lib/thumb/v7-m/nofp\libg.a(lib_a-assert.o)
 .ARM.attributes
                0x00000842       0x2d d:/program/arm-none-eabi-gcc/bin/../lib/gcc/arm-none-eabi/10.3.1/../../../../arm-none-eabi/lib/thumb/v7-m/nofp\libg.a(lib_a-callocr.o)
 .ARM.attributes
                0x0000086f       0x2d d:/program/arm-none-eabi-gcc/bin/../lib/gcc/arm-none-eabi/10.3.1/../../../../arm-none-eabi/lib/thumb/v7-m/nofp\libg.a(lib_a-fiprintf.o)
 .ARM.attributes
                0x0000089c       0x2d d:/program/arm-none-eabi-gcc/bin/../lib/gcc/arm-none-eabi/10.3.1/../../../../arm-none-eabi/lib/thumb/v7-m/nofp\libg.a(lib_a-locale.o)
 .ARM.attributes
                0x000008c9       0x2d d:/program/arm-none-eabi-gcc/bin/../lib/gcc/arm-none-eabi/10.3.1/../../../../arm-none-eabi/lib/thumb/v7-m/nofp\libg.a(lib_a-mbtowc_r.o)
 .ARM.attributes
                0x000008f6       0x2d d:/program/arm-none-eabi-gcc/bin/../lib/gcc/arm-none-eabi/10.3.1/../../../../arm-none-eabi/lib/thumb/v7-m/nofp\libg.a(lib_a-memmove.o)
 .ARM.attributes
                0x00000923       0x2d d:/program/arm-none-eabi-gcc/bin/../lib/gcc/arm-none-eabi/10.3.1/../../../../arm-none-eabi/lib/thumb/v7-m/nofp\libg.a(lib_a-reallocr.o)
 .ARM.attributes
                0x00000950       0x2d d:/program/arm-none-eabi-gcc/bin/../lib/gcc/arm-none-eabi/10.3.1/../../../../arm-none-eabi/lib/thumb/v7-m/nofp\libg.a(lib_a-reent.o)
 .ARM.attributes
                0x0000097d       0x2d d:/program/arm-none-eabi-gcc/bin/../lib/gcc/arm-none-eabi/10.3.1/../../../../arm-none-eabi/lib/thumb/v7-m/nofp\libg.a(lib_a-vfiprintf.o)
 .ARM.attributes
                0x000009aa       0x2d d:/program/arm-none-eabi-gcc/bin/../lib/gcc/arm-none-eabi/10.3.1/../../../../arm-none-eabi/lib/thumb/v7-m/nofp\libg.a(lib_a-wctomb_r.o)
 .ARM.attributes
                0x000009d7       0x2d d:/program/arm-none-eabi-gcc/bin/../lib/gcc/arm-none-eabi/10.3.1/../../../../arm-none-eabi/lib/thumb/v7-m/nofp\libg.a(lib_a-wsetup.o)
 .ARM.attributes
                0x00000a04       0x2d d:/program/arm-none-eabi-gcc/bin/../lib/gcc/arm-none-eabi/10.3.1/../../../../arm-none-eabi/lib/thumb/v7-m/nofp\libg.a(lib_a-abort.o)
 .ARM.attributes
                0x00000a31       0x2d d:/program/arm-none-eabi-gcc/bin/../lib/gcc/arm-none-eabi/10.3.1/../../../../arm-none-eabi/lib/thumb/v7-m/nofp\libg.a(lib_a-ctype_.o)
 .ARM.attributes
                0x00000a5e       0x2d d:/program/arm-none-eabi-gcc/bin/../lib/gcc/arm-none-eabi/10.3.1/../../../../arm-none-eabi/lib/thumb/v7-m/nofp\libg.a(lib_a-fflush.o)
 .ARM.attributes
                0x00000a8b       0x2d d:/program/arm-none-eabi-gcc/bin/../lib/gcc/arm-none-eabi/10.3.1/../../../../arm-none-eabi/lib/thumb/v7-m/nofp\libg.a(lib_a-findfp.o)
 .ARM.attributes
                0x00000ab8       0x2d d:/program/arm-none-eabi-gcc/bin/../lib/gcc/arm-none-eabi/10.3.1/../../../../arm-none-eabi/lib/thumb/v7-m/nofp\libg.a(lib_a-fputwc.o)
 .ARM.attributes
                0x00000ae5       0x2d d:/program/arm-none-eabi-gcc/bin/../lib/gcc/arm-none-eabi/10.3.1/../../../../arm-none-eabi/lib/thumb/v7-m/nofp\libg.a(lib_a-fvwrite.o)
 .ARM.attributes
                0x00000b12       0x2d d:/program/arm-none-eabi-gcc/bin/../lib/gcc/arm-none-eabi/10.3.1/../../../../arm-none-eabi/lib/thumb/v7-m/nofp\libg.a(lib_a-fwalk.o)
 .ARM.attributes
                0x00000b3f       0x2d d:/program/arm-none-eabi-gcc/bin/../lib/gcc/arm-none-eabi/10.3.1/../../../../arm-none-eabi/lib/thumb/v7-m/nofp\libg.a(lib_a-makebuf.o)
 .ARM.attributes
                0x00000b6c       0x2d d:/program/arm-none-eabi-gcc/bin/../lib/gcc/arm-none-eabi/10.3.1/../../../../arm-none-eabi/lib/thumb/v7-m/nofp\libg.a(lib_a-signal.o)
 .ARM.attributes
                0x00000b99       0x2d d:/program/arm-none-eabi-gcc/bin/../lib/gcc/arm-none-eabi/10.3.1/../../../../arm-none-eabi/lib/thumb/v7-m/nofp\libg.a(lib_a-signalr.o)
 .ARM.attributes
                0x00000bc6       0x2d d:/program/arm-none-eabi-gcc/bin/../lib/gcc/arm-none-eabi/10.3.1/../../../../arm-none-eabi/lib/thumb/v7-m/nofp\libg.a(lib_a-stdio.o)
 .ARM.attributes
                0x00000bf3       0x2d d:/program/arm-none-eabi-gcc/bin/../lib/gcc/arm-none-eabi/10.3.1/../../../../arm-none-eabi/lib/thumb/v7-m/nofp\libg.a(lib_a-wbuf.o)
 .ARM.attributes
                0x00000c20       0x2d d:/program/arm-none-eabi-gcc/bin/../lib/gcc/arm-none-eabi/10.3.1/../../../../arm-none-eabi/lib/thumb/v7-m/nofp\libg.a(lib_a-wcrtomb.o)
 .ARM.attributes
                0x00000c4d       0x2d d:/program/arm-none-eabi-gcc/bin/../lib/gcc/arm-none-eabi/10.3.1/../../../../arm-none-eabi/lib/thumb/v7-m/nofp\libg.a(lib_a-writer.o)
 .ARM.attributes
                0x00000c7a       0x2d d:/program/arm-none-eabi-gcc/bin/../lib/gcc/arm-none-eabi/10.3.1/../../../../arm-none-eabi/lib/thumb/v7-m/nofp\libg.a(lib_a-closer.o)
 .ARM.attributes
                0x00000ca7       0x2d d:/program/arm-none-eabi-gcc/bin/../lib/gcc/arm-none-eabi/10.3.1/../../../../arm-none-eabi/lib/thumb/v7-m/nofp\libg.a(lib_a-fclose.o)
 .ARM.attributes
                0x00000cd4       0x2d d:/program/arm-none-eabi-gcc/bin/../lib/gcc/arm-none-eabi/10.3.1/../../../../arm-none-eabi/lib/thumb/v7-m/nofp\libg.a(lib_a-fstatr.o)
 .ARM.attributes
                0x00000d01       0x2d d:/program/arm-none-eabi-gcc/bin/../lib/gcc/arm-none-eabi/10.3.1/../../../../arm-none-eabi/lib/thumb/v7-m/nofp\libg.a(lib_a-isattyr.o)
 .ARM.attributes
                0x00000d2e       0x2d d:/program/arm-none-eabi-gcc/bin/../lib/gcc/arm-none-eabi/10.3.1/../../../../arm-none-eabi/lib/thumb/v7-m/nofp\libg.a(lib_a-lseekr.o)
 .ARM.attributes
                0x00000d5b       0x2d d:/program/arm-none-eabi-gcc/bin/../lib/gcc/arm-none-eabi/10.3.1/../../../../arm-none-eabi/lib/thumb/v7-m/nofp\libg.a(lib_a-readr.o)
 .ARM.attributes
                0x00000d88       0x1d d:/program/arm-none-eabi-gcc/bin/../lib/gcc/arm-none-eabi/10.3.1/thumb/v7-m/nofp\libgcc.a(_arm_addsubdf3.o)
 .ARM.attributes
                0x00000da5       0x1d d:/program/arm-none-eabi-gcc/bin/../lib/gcc/arm-none-eabi/10.3.1/thumb/v7-m/nofp\libgcc.a(_arm_muldivdf3.o)
 .ARM.attributes
                0x00000dc2       0x1d d:/program/arm-none-eabi-gcc/bin/../lib/gcc/arm-none-eabi/10.3.1/thumb/v7-m/nofp\libgcc.a(_arm_cmpdf2.o)
 .ARM.attributes
                0x00000ddf       0x1d d:/program/arm-none-eabi-gcc/bin/../lib/gcc/arm-none-eabi/10.3.1/thumb/v7-m/nofp\libgcc.a(_arm_unorddf2.o)
 .ARM.attributes
                0x00000dfc       0x1d d:/program/arm-none-eabi-gcc/bin/../lib/gcc/arm-none-eabi/10.3.1/thumb/v7-m/nofp\libgcc.a(_arm_fixdfsi.o)
 .ARM.attributes
                0x00000e19       0x1d d:/program/arm-none-eabi-gcc/bin/../lib/gcc/arm-none-eabi/10.3.1/thumb/v7-m/nofp\libgcc.a(_aeabi_uldivmod.o)
 .ARM.attributes
                0x00000e36       0x2d d:/program/arm-none-eabi-gcc/bin/../lib/gcc/arm-none-eabi/10.3.1/thumb/v7-m/nofp\libgcc.a(_udivmoddi4.o)
 .ARM.attributes
                0x00000e63       0x1d d:/program/arm-none-eabi-gcc/bin/../lib/gcc/arm-none-eabi/10.3.1/thumb/v7-m/nofp\libgcc.a(_dvmd_tls.o)
 .ARM.attributes
                0x00000e80       0x1d d:/program/arm-none-eabi-gcc/bin/../lib/gcc/arm-none-eabi/10.3.1/thumb/v7-m/nofp/crtn.o
OUTPUT(project_1.elf elf32-littlearm)
LOAD linker stubs
LOAD d:/program/arm-none-eabi-gcc/bin/../lib/gcc/arm-none-eabi/10.3.1/../../../../arm-none-eabi/lib/thumb/v7-m/nofp\libc.a
LOAD d:/program/arm-none-eabi-gcc/bin/../lib/gcc/arm-none-eabi/10.3.1/../../../../arm-none-eabi/lib/thumb/v7-m/nofp\libm.a
LOAD d:/program/arm-none-eabi-gcc/bin/../lib/gcc/arm-none-eabi/10.3.1/thumb/v7-m/nofp\libgcc.a

.debug_info     0x00000000    0x2ee69
 .debug_info    0x00000000      0x7f1 CMakeFiles/project_1.elf.dir/Drivers/STM32F1xx_HAL_Driver/Src/stm32f1xx_hal.c.obj
 .debug_info    0x000007f1      0xdf0 CMakeFiles/project_1.elf.dir/Drivers/STM32F1xx_HAL_Driver/Src/stm32f1xx_hal_cortex.c.obj
 .debug_info    0x000015e1      0x846 CMakeFiles/project_1.elf.dir/Drivers/STM32F1xx_HAL_Driver/Src/stm32f1xx_hal_dma.c.obj
 .debug_info    0x00001e27      0x654 CMakeFiles/project_1.elf.dir/Drivers/STM32F1xx_HAL_Driver/Src/stm32f1xx_hal_gpio.c.obj
 .debug_info    0x0000247b      0xa36 CMakeFiles/project_1.elf.dir/Drivers/STM32F1xx_HAL_Driver/Src/stm32f1xx_hal_rcc.c.obj
 .debug_info    0x00002eb1     0x358a CMakeFiles/project_1.elf.dir/Drivers/STM32F1xx_HAL_Driver/Src/stm32f1xx_hal_tim.c.obj
 .debug_info    0x0000643b     0x15be CMakeFiles/project_1.elf.dir/Drivers/STM32F1xx_HAL_Driver/Src/stm32f1xx_hal_tim_ex.c.obj
 .debug_info    0x000079f9     0x185e CMakeFiles/project_1.elf.dir/Drivers/STM32F1xx_HAL_Driver/Src/stm32f1xx_hal_uart.c.obj
 .debug_info    0x00009257    0x20bd2 CMakeFiles/project_1.elf.dir/Src/bsp_ili9341_lcd.c.obj
 .debug_info    0x00029e29      0x38a CMakeFiles/project_1.elf.dir/Src/dma.c.obj
 .debug_info    0x0002a1b3      0xaf6 CMakeFiles/project_1.elf.dir/Src/gpio.c.obj
 .debug_info    0x0002aca9      0xc6b CMakeFiles/project_1.elf.dir/Src/main.c.obj
 .debug_info    0x0002b914      0x235 CMakeFiles/project_1.elf.dir/Src/stm32f1xx_hal_msp.c.obj
 .debug_info    0x0002bb49      0xbb7 CMakeFiles/project_1.elf.dir/Src/stm32f1xx_it.c.obj
 .debug_info    0x0002c700      0x7af CMakeFiles/project_1.elf.dir/Src/syscalls.c.obj
 .debug_info    0x0002ceaf      0x174 CMakeFiles/project_1.elf.dir/Src/sysmem.c.obj
 .debug_info    0x0002d023      0x403 CMakeFiles/project_1.elf.dir/Src/system_stm32f1xx.c.obj
 .debug_info    0x0002d426      0xe60 CMakeFiles/project_1.elf.dir/Src/tim.c.obj
 .debug_info    0x0002e286      0xbc1 CMakeFiles/project_1.elf.dir/Src/usart.c.obj
 .debug_info    0x0002ee47       0x22 CMakeFiles/project_1.elf.dir/Startup/startup_stm32f103vctx.s.obj

.debug_abbrev   0x00000000     0x2584
 .debug_abbrev  0x00000000      0x207 CMakeFiles/project_1.elf.dir/Drivers/STM32F1xx_HAL_Driver/Src/stm32f1xx_hal.c.obj
 .debug_abbrev  0x00000207      0x341 CMakeFiles/project_1.elf.dir/Drivers/STM32F1xx_HAL_Driver/Src/stm32f1xx_hal_cortex.c.obj
 .debug_abbrev  0x00000548      0x223 CMakeFiles/project_1.elf.dir/Drivers/STM32F1xx_HAL_Driver/Src/stm32f1xx_hal_dma.c.obj
 .debug_abbrev  0x0000076b      0x1e6 CMakeFiles/project_1.elf.dir/Drivers/STM32F1xx_HAL_Driver/Src/stm32f1xx_hal_gpio.c.obj
 .debug_abbrev  0x00000951      0x27a CMakeFiles/project_1.elf.dir/Drivers/STM32F1xx_HAL_Driver/Src/stm32f1xx_hal_rcc.c.obj
 .debug_abbrev  0x00000bcb      0x23e CMakeFiles/project_1.elf.dir/Drivers/STM32F1xx_HAL_Driver/Src/stm32f1xx_hal_tim.c.obj
 .debug_abbrev  0x00000e09      0x241 CMakeFiles/project_1.elf.dir/Drivers/STM32F1xx_HAL_Driver/Src/stm32f1xx_hal_tim_ex.c.obj
 .debug_abbrev  0x0000104a      0x254 CMakeFiles/project_1.elf.dir/Drivers/STM32F1xx_HAL_Driver/Src/stm32f1xx_hal_uart.c.obj
 .debug_abbrev  0x0000129e      0x26d CMakeFiles/project_1.elf.dir/Src/bsp_ili9341_lcd.c.obj
 .debug_abbrev  0x0000150b      0x114 CMakeFiles/project_1.elf.dir/Src/dma.c.obj
 .debug_abbrev  0x0000161f      0x193 CMakeFiles/project_1.elf.dir/Src/gpio.c.obj
 .debug_abbrev  0x000017b2      0x222 CMakeFiles/project_1.elf.dir/Src/main.c.obj
 .debug_abbrev  0x000019d4      0x108 CMakeFiles/project_1.elf.dir/Src/stm32f1xx_hal_msp.c.obj
 .debug_abbrev  0x00001adc      0x218 CMakeFiles/project_1.elf.dir/Src/stm32f1xx_it.c.obj
 .debug_abbrev  0x00001cf4      0x1a3 CMakeFiles/project_1.elf.dir/Src/syscalls.c.obj
 .debug_abbrev  0x00001e97       0xe7 CMakeFiles/project_1.elf.dir/Src/sysmem.c.obj
 .debug_abbrev  0x00001f7e      0x13e CMakeFiles/project_1.elf.dir/Src/system_stm32f1xx.c.obj
 .debug_abbrev  0x000020bc      0x24b CMakeFiles/project_1.elf.dir/Src/tim.c.obj
 .debug_abbrev  0x00002307      0x26b CMakeFiles/project_1.elf.dir/Src/usart.c.obj
 .debug_abbrev  0x00002572       0x12 CMakeFiles/project_1.elf.dir/Startup/startup_stm32f103vctx.s.obj

.debug_loc      0x00000000     0x99e8
 .debug_loc     0x00000000      0x11b CMakeFiles/project_1.elf.dir/Drivers/STM32F1xx_HAL_Driver/Src/stm32f1xx_hal.c.obj
 .debug_loc     0x0000011b      0x71f CMakeFiles/project_1.elf.dir/Drivers/STM32F1xx_HAL_Driver/Src/stm32f1xx_hal_cortex.c.obj
 .debug_loc     0x0000083a      0x7ce CMakeFiles/project_1.elf.dir/Drivers/STM32F1xx_HAL_Driver/Src/stm32f1xx_hal_dma.c.obj
 .debug_loc     0x00001008      0x443 CMakeFiles/project_1.elf.dir/Drivers/STM32F1xx_HAL_Driver/Src/stm32f1xx_hal_gpio.c.obj
 .debug_loc     0x0000144b      0x63e CMakeFiles/project_1.elf.dir/Drivers/STM32F1xx_HAL_Driver/Src/stm32f1xx_hal_rcc.c.obj
 .debug_loc     0x00001a89     0x3b0d CMakeFiles/project_1.elf.dir/Drivers/STM32F1xx_HAL_Driver/Src/stm32f1xx_hal_tim.c.obj
 .debug_loc     0x00005596     0x1140 CMakeFiles/project_1.elf.dir/Drivers/STM32F1xx_HAL_Driver/Src/stm32f1xx_hal_tim_ex.c.obj
 .debug_loc     0x000066d6     0x1858 CMakeFiles/project_1.elf.dir/Drivers/STM32F1xx_HAL_Driver/Src/stm32f1xx_hal_uart.c.obj
 .debug_loc     0x00007f2e     0x1379 CMakeFiles/project_1.elf.dir/Src/bsp_ili9341_lcd.c.obj
 .debug_loc     0x000092a7       0x15 CMakeFiles/project_1.elf.dir/Src/stm32f1xx_hal_msp.c.obj
 .debug_loc     0x000092bc       0x3f CMakeFiles/project_1.elf.dir/Src/stm32f1xx_it.c.obj
 .debug_loc     0x000092fb      0x3c5 CMakeFiles/project_1.elf.dir/Src/syscalls.c.obj
 .debug_loc     0x000096c0       0x64 CMakeFiles/project_1.elf.dir/Src/sysmem.c.obj
 .debug_loc     0x00009724       0xff CMakeFiles/project_1.elf.dir/Src/system_stm32f1xx.c.obj
 .debug_loc     0x00009823      0x125 CMakeFiles/project_1.elf.dir/Src/tim.c.obj
 .debug_loc     0x00009948       0xa0 CMakeFiles/project_1.elf.dir/Src/usart.c.obj

.debug_aranges  0x00000000      0xd70
 .debug_aranges
                0x00000000       0xe0 CMakeFiles/project_1.elf.dir/Drivers/STM32F1xx_HAL_Driver/Src/stm32f1xx_hal.c.obj
 .debug_aranges
                0x000000e0       0x90 CMakeFiles/project_1.elf.dir/Drivers/STM32F1xx_HAL_Driver/Src/stm32f1xx_hal_cortex.c.obj
 .debug_aranges
                0x00000170       0x80 CMakeFiles/project_1.elf.dir/Drivers/STM32F1xx_HAL_Driver/Src/stm32f1xx_hal_dma.c.obj
 .debug_aranges
                0x000001f0       0x58 CMakeFiles/project_1.elf.dir/Drivers/STM32F1xx_HAL_Driver/Src/stm32f1xx_hal_gpio.c.obj
 .debug_aranges
                0x00000248       0x90 CMakeFiles/project_1.elf.dir/Drivers/STM32F1xx_HAL_Driver/Src/stm32f1xx_hal_rcc.c.obj
 .debug_aranges
                0x000002d8      0x3a8 CMakeFiles/project_1.elf.dir/Drivers/STM32F1xx_HAL_Driver/Src/stm32f1xx_hal_tim.c.obj
 .debug_aranges
                0x00000680      0x150 CMakeFiles/project_1.elf.dir/Drivers/STM32F1xx_HAL_Driver/Src/stm32f1xx_hal_tim_ex.c.obj
 .debug_aranges
                0x000007d0      0x1d0 CMakeFiles/project_1.elf.dir/Drivers/STM32F1xx_HAL_Driver/Src/stm32f1xx_hal_uart.c.obj
 .debug_aranges
                0x000009a0       0xe8 CMakeFiles/project_1.elf.dir/Src/bsp_ili9341_lcd.c.obj
 .debug_aranges
                0x00000a88       0x20 CMakeFiles/project_1.elf.dir/Src/dma.c.obj
 .debug_aranges
                0x00000aa8       0x38 CMakeFiles/project_1.elf.dir/Src/gpio.c.obj
 .debug_aranges
                0x00000ae0       0x30 CMakeFiles/project_1.elf.dir/Src/main.c.obj
 .debug_aranges
                0x00000b10       0x20 CMakeFiles/project_1.elf.dir/Src/stm32f1xx_hal_msp.c.obj
 .debug_aranges
                0x00000b30       0xa8 CMakeFiles/project_1.elf.dir/Src/stm32f1xx_it.c.obj
 .debug_aranges
                0x00000bd8       0xa8 CMakeFiles/project_1.elf.dir/Src/syscalls.c.obj
 .debug_aranges
                0x00000c80       0x20 CMakeFiles/project_1.elf.dir/Src/sysmem.c.obj
 .debug_aranges
                0x00000ca0       0x28 CMakeFiles/project_1.elf.dir/Src/system_stm32f1xx.c.obj
 .debug_aranges
                0x00000cc8       0x48 CMakeFiles/project_1.elf.dir/Src/tim.c.obj
 .debug_aranges
                0x00000d10       0x38 CMakeFiles/project_1.elf.dir/Src/usart.c.obj
 .debug_aranges
                0x00000d48       0x28 CMakeFiles/project_1.elf.dir/Startup/startup_stm32f103vctx.s.obj

.debug_ranges   0x00000000      0xcb8
 .debug_ranges  0x00000000       0xd0 CMakeFiles/project_1.elf.dir/Drivers/STM32F1xx_HAL_Driver/Src/stm32f1xx_hal.c.obj