Archive member included to satisfy reference by file (symbol)

d:/program/arm-none-eabi-gcc/bin/../lib/gcc/arm-none-eabi/10.3.1/thumb/v7-m/nofp\libgcc.a(_arm_mulsf3.o)
                              CMakeFiles/project_2.elf.dir/Src/drv_st7789.c.obj (__aeabi_fmul)
d:/program/arm-none-eabi-gcc/bin/../lib/gcc/arm-none-eabi/10.3.1/thumb/v7-m/nofp\libgcc.a(_arm_fixunssfsi.o)
                              CMakeFiles/project_2.elf.dir/Src/drv_st7789.c.obj (__aeabi_f2uiz)
d:/program/arm-none-eabi-gcc/bin/../lib/gcc/arm-none-eabi/10.3.1/../../../../arm-none-eabi/lib/thumb/v7-m/nofp\libg.a(lib_a-errno.o)
                              CMakeFiles/project_2.elf.dir/Src/syscalls.c.obj (__errno)
d:/program/arm-none-eabi-gcc/bin/../lib/gcc/arm-none-eabi/10.3.1/../../../../arm-none-eabi/lib/thumb/v7-m/nofp\libg.a(lib_a-exit.o)
                              d:/program/arm-none-eabi-gcc/bin/../lib/gcc/arm-none-eabi/10.3.1/../../../../arm-none-eabi/lib/thumb/v7-m/nofp/crt0.o (exit)
d:/program/arm-none-eabi-gcc/bin/../lib/gcc/arm-none-eabi/10.3.1/../../../../arm-none-eabi/lib/thumb/v7-m/nofp\libg.a(lib_a-impure.o)
                              d:/program/arm-none-eabi-gcc/bin/../lib/gcc/arm-none-eabi/10.3.1/../../../../arm-none-eabi/lib/thumb/v7-m/nofp\libg.a(lib_a-exit.o) (_global_impure_ptr)
d:/program/arm-none-eabi-gcc/bin/../lib/gcc/arm-none-eabi/10.3.1/../../../../arm-none-eabi/lib/thumb/v7-m/nofp\libg.a(lib_a-init.o)
                              d:/program/arm-none-eabi-gcc/bin/../lib/gcc/arm-none-eabi/10.3.1/../../../../arm-none-eabi/lib/thumb/v7-m/nofp/crt0.o (__libc_init_array)
d:/program/arm-none-eabi-gcc/bin/../lib/gcc/arm-none-eabi/10.3.1/../../../../arm-none-eabi/lib/thumb/v7-m/nofp\libg.a(lib_a-memset.o)
                              d:/program/arm-none-eabi-gcc/bin/../lib/gcc/arm-none-eabi/10.3.1/../../../../arm-none-eabi/lib/thumb/v7-m/nofp/crt0.o (memset)
d:/program/arm-none-eabi-gcc/bin/../lib/gcc/arm-none-eabi/10.3.1/../../../../arm-none-eabi/lib/thumb/v7-m/nofp\libg.a(lib_a-sprintf.o)
                              CMakeFiles/project_2.elf.dir/Src/stm32f1xx_it.c.obj (sprintf)
d:/program/arm-none-eabi-gcc/bin/../lib/gcc/arm-none-eabi/10.3.1/../../../../arm-none-eabi/lib/thumb/v7-m/nofp\libg.a(lib_a-svfprintf.o)
                              d:/program/arm-none-eabi-gcc/bin/../lib/gcc/arm-none-eabi/10.3.1/../../../../arm-none-eabi/lib/thumb/v7-m/nofp\libg.a(lib_a-sprintf.o) (_svfprintf_r)
d:/program/arm-none-eabi-gcc/bin/../lib/gcc/arm-none-eabi/10.3.1/../../../../arm-none-eabi/lib/thumb/v7-m/nofp\libg.a(lib_a-vsnprintf.o)
                              CMakeFiles/project_2.elf.dir/Src/usart.c.obj (vsnprintf)
d:/program/arm-none-eabi-gcc/bin/../lib/gcc/arm-none-eabi/10.3.1/../../../../arm-none-eabi/lib/thumb/v7-m/nofp\libg.a(lib_a-__call_atexit.o)
                              d:/program/arm-none-eabi-gcc/bin/../lib/gcc/arm-none-eabi/10.3.1/../../../../arm-none-eabi/lib/thumb/v7-m/nofp\libg.a(lib_a-exit.o) (__call_exitprocs)
d:/program/arm-none-eabi-gcc/bin/../lib/gcc/arm-none-eabi/10.3.1/../../../../arm-none-eabi/lib/thumb/v7-m/nofp\libg.a(lib_a-atexit.o)
                              d:/program/arm-none-eabi-gcc/bin/../lib/gcc/arm-none-eabi/10.3.1/../../../../arm-none-eabi/lib/thumb/v7-m/nofp\libg.a(lib_a-__call_atexit.o) (atexit)
d:/program/arm-none-eabi-gcc/bin/../lib/gcc/arm-none-eabi/10.3.1/../../../../arm-none-eabi/lib/thumb/v7-m/nofp\libg.a(lib_a-dtoa.o)
                              d:/program/arm-none-eabi-gcc/bin/../lib/gcc/arm-none-eabi/10.3.1/../../../../arm-none-eabi/lib/thumb/v7-m/nofp\libg.a(lib_a-svfprintf.o) (_dtoa_r)
d:/program/arm-none-eabi-gcc/bin/../lib/gcc/arm-none-eabi/10.3.1/../../../../arm-none-eabi/lib/thumb/v7-m/nofp\libg.a(lib_a-fini.o)
                              d:/program/arm-none-eabi-gcc/bin/../lib/gcc/arm-none-eabi/10.3.1/../../../../arm-none-eabi/lib/thumb/v7-m/nofp\libg.a(lib_a-__call_atexit.o) (__libc_fini_array)
d:/program/arm-none-eabi-gcc/bin/../lib/gcc/arm-none-eabi/10.3.1/../../../../arm-none-eabi/lib/thumb/v7-m/nofp\libg.a(lib_a-freer.o)
                              d:/program/arm-none-eabi-gcc/bin/../lib/gcc/arm-none-eabi/10.3.1/../../../../arm-none-eabi/lib/thumb/v7-m/nofp\libg.a(lib_a-svfprintf.o) (_free_r)
d:/program/arm-none-eabi-gcc/bin/../lib/gcc/arm-none-eabi/10.3.1/../../../../arm-none-eabi/lib/thumb/v7-m/nofp\libg.a(lib_a-localeconv.o)
                              d:/program/arm-none-eabi-gcc/bin/../lib/gcc/arm-none-eabi/10.3.1/../../../../arm-none-eabi/lib/thumb/v7-m/nofp\libg.a(lib_a-svfprintf.o) (_localeconv_r)
d:/program/arm-none-eabi-gcc/bin/../lib/gcc/arm-none-eabi/10.3.1/../../../../arm-none-eabi/lib/thumb/v7-m/nofp\libg.a(lib_a-lock.o)
                              d:/program/arm-none-eabi-gcc/bin/../lib/gcc/arm-none-eabi/10.3.1/../../../../arm-none-eabi/lib/thumb/v7-m/nofp\libg.a(lib_a-__call_atexit.o) (__retarget_lock_acquire_recursive)
[...]
Memory Configuration

Name             Origin             Length             Attributes
RAM              0x20000000         0x0000c000         xrw
FLASH            0x08000000         0x00040000         xr
*default*        0x00000000         0xffffffff

Linker script and memory map

LOAD d:/program/arm-none-eabi-gcc/bin/../lib/gcc/arm-none-eabi/10.3.1/thumb/v7-m/nofp/crti.o
LOAD d:/program/arm-none-eabi-gcc/bin/../lib/gcc/arm-none-eabi/10.3.1/thumb/v7-m/nofp/crtbegin.o
LOAD d:/program/arm-none-eabi-gcc/bin/../lib/gcc/arm-none-eabi/10.3.1/../../../../arm-none-eabi/lib/thumb/v7-m/nofp/crt0.o
LOAD CMakeFiles/project_2.elf.dir/Drivers/STM32F1xx_HAL_Driver/Src/stm32f1xx_hal.c.obj
LOAD CMakeFiles/project_2.elf.dir/Drivers/STM32F1xx_HAL_Driver/Src/stm32f1xx_hal_cortex.c.obj
LOAD CMakeFiles/project_2.elf.dir/Drivers/STM32F1xx_HAL_Driver/Src/stm32f1xx_hal_dma.c.obj
LOAD CMakeFiles/project_2.elf.dir/Drivers/STM32F1xx_HAL_Driver/Src/stm32f1xx_hal_exti.c.obj
LOAD CMakeFiles/project_2.elf.dir/Drivers/STM32F1xx_HAL_Driver/Src/stm32f1xx_hal_flash.c.obj
LOAD CMakeFiles/project_2.elf.dir/Drivers/STM32F1xx_HAL_Driver/Src/stm32f1xx_hal_flash_ex.c.obj
LOAD CMakeFiles/project_2.elf.dir/Drivers/STM32F1xx_HAL_Driver/Src/stm32f1xx_hal_gpio.c.obj
LOAD CMakeFiles/project_2.elf.dir/Drivers/STM32F1xx_HAL_Driver/Src/stm32f1xx_hal_gpio_ex.c.obj
LOAD CMakeFiles/project_2.elf.dir/Drivers/STM32F1xx_HAL_Driver/Src/stm32f1xx_hal_pwr.c.obj
LOAD CMakeFiles/project_2.elf.dir/Drivers/STM32F1xx_HAL_Driver/Src/stm32f1xx_hal_rcc.c.obj
LOAD CMakeFiles/project_2.elf.dir/Drivers/STM32F1xx_HAL_Driver/Src/stm32f1xx_hal_rcc_ex.c.obj
LOAD CMakeFiles/project_2.elf.dir/Drivers/STM32F1xx_HAL_Driver/Src/stm32f1xx_hal_spi.c.obj
LOAD CMakeFiles/project_2.elf.dir/Drivers/STM32F1xx_HAL_Driver/Src/stm32f1xx_hal_tim.c.obj
LOAD CMakeFiles/project_2.elf.dir/Drivers/STM32F1xx_HAL_Driver/Src/stm32f1xx_hal_tim_ex.c.obj
LOAD CMakeFiles/project_2.elf.dir/Drivers/STM32F1xx_HAL_Driver/Src/stm32f1xx_hal_uart.c.obj
LOAD CMakeFiles/project_2.elf.dir/Src/ch_font.c.obj
LOAD CMakeFiles/project_2.elf.dir/Src/dma.c.obj
LOAD CMakeFiles/project_2.elf.dir/Src/drv_st7789.c.obj
LOAD CMakeFiles/project_2.elf.dir/Src/gpio.c.obj
LOAD CMakeFiles/project_2.elf.dir/Src/main.c.obj
LOAD CMakeFiles/project_2.elf.dir/Src/spi.c.obj
LOAD CMakeFiles/project_2.elf.dir/Src/stm32f1xx_hal_msp.c.obj
LOAD CMakeFiles/project_2.elf.dir/Src/stm32f1xx_it.c.obj
LOAD CMakeFiles/project_2.elf.dir/Src/syscalls.c.obj
LOAD CMakeFiles/project_2.elf.dir/Src/sysmem.c.obj
LOAD CMakeFiles/project_2.elf.dir/Src/system_stm32f1xx.c.obj
LOAD CMakeFiles/project_2.elf.dir/Src/tim.c.obj
LOAD CMakeFiles/project_2.elf.dir/Src/usart.c.obj
LOAD CMakeFiles/project_2.elf.dir/Startup/startup_stm32f103vctx.s.obj
START GROUP
LOAD d:/program/arm-none-eabi-gcc/bin/../lib/gcc/arm-none-eabi/10.3.1/thumb/v7-m/nofp\libgcc.a
LOAD d:/program/arm-none-eabi-gcc/bin/../lib/gcc/arm-none-eabi/10.3.1/../../../../arm-none-eabi/lib/thumb/v7-m/nofp\libg.a
LOAD d:/program/arm-none-eabi-gcc/bin/../lib/gcc/arm-none-eabi/10.3.1/../../../../arm-none-eabi/lib/thumb/v7-m/nofp\libc.a
END GROUP
LOAD d:/program/arm-none-eabi-gcc/bin/../lib/gcc/arm-none-eabi/10.3.1/thumb/v7-m/nofp/crtend.o
LOAD d:/program/arm-none-eabi-gcc/bin/../lib/gcc/arm-none-eabi/10.3.1/thumb/v7-m/nofp/crtn.o
                0x2000c000                _estack = (ORIGIN (RAM) + LENGTH (RAM))
                0x00000200                _Min_Heap_Size = 0x200
                0x00000400                _Min_Stack_Size = 0x400

.isr_vector     0x08000000      0x1e4
                0x08000000                . = ALIGN (0x4)
 *(.isr_vector)
 .isr_vector    0x08000000      0x1e4 CMakeFiles/project_2.elf.dir/Startup/startup_stm32f103vctx.s.obj
                0x08000000                g_pfnVectors
                0x080001e4                . = ALIGN (0x4)

.text           0x080001e8     0x9e70
                0x080001e8                . = ALIGN (0x4)
 *(.text)
 .text          0x080001e8       0x40 d:/program/arm-none-eabi-gcc/bin/../lib/gcc/arm-none-eabi/10.3.1/thumb/v7-m/nofp/crtbegin.o
 .text          0x08000228       0xec d:/program/arm-none-eabi-gcc/bin/../lib/gcc/arm-none-eabi/10.3.1/../../../../arm-none-eabi/lib/thumb/v7-m/nofp\libg.a(lib_a-memcpy.o)
                0x08000228                memcpy
 .text          0x08000314      0x378 d:/program/arm-none-eabi-gcc/bin/../lib/gcc/arm-none-eabi/10.3.1/thumb/v7-m/nofp\libgcc.a(_arm_addsubdf3.o)
                0x08000314                __aeabi_drsub
                0x0800031c                __aeabi_dsub
                0x0800031c                __subdf3
                0x08000320                __aeabi_dadd
                0x08000320                __adddf3
                0x08000598                __floatunsidf
                0x08000598                __aeabi_ui2d
                0x080005b8                __floatsidf
                0x080005b8                __aeabi_i2d
                0x080005dc                __aeabi_f2d
                0x080005dc                __extendsfdf2
                0x08000620                __floatundidf
                0x08000620                __aeabi_ul2d
                0x08000630                __floatdidf
                0x08000630                __aeabi_l2d
 .text          0x0800068c      0x424 d:/program/arm-none-eabi-gcc/bin/../lib/gcc/arm-none-eabi/10.3.1/thumb/v7-m/nofp\libgcc.a(_arm_muldivdf3.o)
                0x0800068c                __aeabi_dmul
                0x0800068c                __muldf3
                0x080008e0                __divdf3
                0x080008e0                __aeabi_ddiv
 .text          0x08000ab0      0x110 d:/program/arm-none-eabi-gcc/bin/../lib/gcc/arm-none-eabi/10.3.1/thumb/v7-m/nofp\libgcc.a(_arm_cmpdf2.o)
                0x08000ab0                __gtdf2
                0x08000ab0                __gedf2
                0x08000ab8                __ltdf2
                0x08000ab8                __ledf2
                0x08000ac0                __nedf2
                0x08000ac0                __eqdf2
                0x08000ac0                __cmpdf2
                0x08000b3c                __aeabi_cdrcmple
                0x08000b4c                __aeabi_cdcmpeq
                0x08000b4c                __aeabi_cdcmple
                0x08000b5c                __aeabi_dcmpeq
                0x08000b70                __aeabi_dcmplt
                0x08000b84                __aeabi_dcmple
                0x08000b98                __aeabi_dcmpge
                0x08000bac                __aeabi_dcmpgt
 .text          0x08000bc0       0x2c d:/program/arm-none-eabi-gcc/bin/../lib/gcc/arm-none-eabi/10.3.1/thumb/v7-m/nofp\libgcc.a(_arm_unorddf2.o)
                0x08000bc0                __unorddf2
                0x08000bc0                __aeabi_dcmpun
 .text          0x08000bec       0x50 d:/program/arm-none-eabi-gcc/bin/../lib/gcc/arm-none-eabi/10.3.1/thumb/v7-m/nofp\libgcc.a(_arm_fixdfsi.o)
                0x08000bec                __aeabi_d2iz
                0x08000bec                __fixdfsi
 .text          0x08000c3c       0x30 d:/program/arm-none-eabi-gcc/bin/../lib/gcc/arm-none-eabi/10.3.1/thumb/v7-m/nofp\libgcc.a(_aeabi_uldivmod.o)
                0x08000c3c                __aeabi_uldivmod
 .text          0x08000c6c      0x2d4 d:/program/arm-none-eabi-gcc/bin/../lib/gcc/arm-none-eabi/10.3.1/thumb/v7-m/nofp\libgcc.a(_udivmoddi4.o)
                0x08000c6c                __udivmoddi4
 .text          0x08000f40        0x4 d:/program/arm-none-eabi-gcc/bin/../lib/gcc/arm-none-eabi/10.3.1/thumb/v7-m/nofp\libgcc.a(_dvmd_tls.o)
                0x08000f40                __aeabi_idiv0
                0x08000f40                __aeabi_ldiv0
 *(.text*)
 .text.HAL_InitTick
                0x08000f44       0x4c CMakeFiles/project_2.elf.dir/Drivers/STM32F1xx_HAL_Driver/Src/stm32f1xx_hal.c.obj
                0x08000f44                HAL_InitTick
 .text.HAL_Init
                0x08000f90       0x24 CMakeFiles/project_2.elf.dir/Drivers/STM32F1xx_HAL_Driver/Src/stm32f1xx_hal.c.obj
                0x08000f90                HAL_Init
 .text.HAL_IncTick
                0x08000fb4       0x18 CMakeFiles/project_2.elf.dir/Drivers/STM32F1xx_HAL_Driver/Src/stm32f1xx_hal.c.obj
                0x08000fb4                HAL_IncTick
 .text.HAL_GetTick
                0x08000fcc        0xc CMakeFiles/project_2.elf.dir/Drivers/STM32F1xx_HAL_Driver/Src/stm32f1xx_hal.c.obj
                0x08000fcc                HAL_GetTick
 .text.HAL_Delay
                0x08000fd8       0x28 CMakeFiles/project_2.elf.dir/Drivers/STM32F1xx_HAL_Driver/Src/stm32f1xx_hal.c.obj
                0x08000fd8                HAL_Delay
 .text.HAL_NVIC_SetPriorityGrouping
                0x08001000       0x24 CMakeFiles/project_2.elf.dir/Drivers/STM32F1xx_HAL_Driver/Src/stm32f1xx_hal_cortex.c.obj
                0x08001000                HAL_NVIC_SetPriorityGrouping
 .text.HAL_NVIC_SetPriority
                0x08001024       0x70 CMakeFiles/project_2.elf.dir/Drivers/STM32F1xx_HAL_Driver/Src/stm32f1xx_hal_cortex.c.obj
                0x08001024                HAL_NVIC_SetPriority
 .text.HAL_NVIC_EnableIRQ
                0x08001094       0x1c CMakeFiles/project_2.elf.dir/Drivers/STM32F1xx_HAL_Driver/Src/stm32f1xx_hal_cortex.c.obj
                0x08001094                HAL_NVIC_EnableIRQ
 .text.HAL_SYSTICK_Config
                0x080010b0       0x28 CMakeFiles/project_2.elf.dir/Drivers/STM32F1xx_HAL_Driver/Src/stm32f1xx_hal_cortex.c.obj
                0x080010b0                HAL_SYSTICK_Config
 .text.DMA_SetConfig
                0x080010d8       0x2c CMakeFiles/project_2.elf.dir/Drivers/STM32F1xx_HAL_Driver/Src/stm32f1xx_hal_dma.c.obj
 .text.HAL_DMA_Init
                0x08001104       0x98 CMakeFiles/project_2.elf.dir/Drivers/STM32F1xx_HAL_Driver/Src/stm32f1xx_hal_dma.c.obj
                0x08001104                HAL_DMA_Init
 .text.HAL_DMA_Start_IT
                0x0800119c       0x74 CMakeFiles/project_2.elf.dir/Drivers/STM32F1xx_HAL_Driver/Src/stm32f1xx_hal_dma.c.obj
                0x0800119c                HAL_DMA_Start_IT
 .text.HAL_DMA_Abort_IT
                0x08001210      0x168 CMakeFiles/project_2.elf.dir/Drivers/STM32F1xx_HAL_Driver/Src/stm32f1xx_hal_dma.c.obj
                0x08001210                HAL_DMA_Abort_IT
 .text.HAL_DMA_IRQHandler
                0x08001378      0x2ec CMakeFiles/project_2.elf.dir/Drivers/STM32F1xx_HAL_Driver/Src/stm32f1xx_hal_dma.c.obj
                0x08001378                HAL_DMA_IRQHandler
 .text.HAL_GPIO_Init
                0x08001664      0x240 CMakeFiles/project_2.elf.dir/Drivers/STM32F1xx_HAL_Driver/Src/stm32f1xx_hal_gpio.c.obj
                0x08001664                HAL_GPIO_Init
 .text.HAL_GPIO_WritePin
                0x080018a4        0xc CMakeFiles/project_2.elf.dir/Drivers/STM32F1xx_HAL_Driver/Src/stm32f1xx_hal_gpio.c.obj
                0x080018a4                HAL_GPIO_WritePin
 .text.HAL_GPIO_EXTI_Callback
                0x080018b0        0x2 CMakeFiles/project_2.elf.dir/Drivers/STM32F1xx_HAL_Driver/Src/stm32f1xx_hal_gpio.c.obj
                0x080018b0                HAL_GPIO_EXTI_Callback
 *fill*         0x080018b2        0x2 
 .text.HAL_GPIO_EXTI_IRQHandler
                0x080018b4       0x1c CMakeFiles/project_2.elf.dir/Drivers/STM32F1xx_HAL_Driver/Src/stm32f1xx_hal_gpio.c.obj
                0x080018b4                HAL_GPIO_EXTI_IRQHandler
 .text.RCC_Delay
                0x080018d0       0x2c CMakeFiles/project_2.elf.dir/Drivers/STM32F1xx_HAL_Driver/Src/stm32f1xx_hal_rcc.c.obj
 .text.HAL_RCC_OscConfig
                0x080018fc      0x410 CMakeFiles/project_2.elf.dir/Drivers/STM32F1xx_HAL_Driver/Src/stm32f1xx_hal_rcc.c.obj
                0x080018fc                HAL_RCC_OscConfig
 .text.HAL_RCC_GetSysClockFreq
                0x08001d0c       0x70 CMakeFiles/project_2.elf.dir/Drivers/STM32F1xx_HAL_Driver/Src/stm32f1xx_hal_rcc.c.obj
                0x08001d0c                HAL_RCC_GetSysClockFreq
 .text.HAL_RCC_ClockConfig
                0x08001d7c      0x16c CMakeFiles/project_2.elf.dir/Drivers/STM32F1xx_HAL_Driver/Src/stm32f1xx_hal_rcc.c.obj
                0x08001d7c                HAL_RCC_ClockConfig
 .text.HAL_RCC_GetHCLKFreq
                0x08001ee8        0xc CMakeFiles/project_2.elf.dir/Drivers/STM32F1xx_HAL_Driver/Src/stm32f1xx_hal_rcc.c.obj
                0x08001ee8                HAL_RCC_GetHCLKFreq
 .text.HAL_RCC_GetPCLK1Freq
                0x08001ef4       0x20 CMakeFiles/project_2.elf.dir/Drivers/STM32F1xx_HAL_Driver/Src/stm32f1xx_hal_rcc.c.obj
                0x08001ef4                HAL_RCC_GetPCLK1Freq
 .text.HAL_RCC_GetPCLK2Freq
                0x08001f14       0x20 CMakeFiles/project_2.elf.dir/Drivers/STM32F1xx_HAL_Driver/Src/stm32f1xx_hal_rcc.c.obj
                0x08001f14                HAL_RCC_GetPCLK2Freq
 .text.SPI_WaitFlagStateUntilTimeout
                0x08001f34       0x98 CMakeFiles/project_2.elf.dir/Drivers/STM32F1xx_HAL_Driver/Src/stm32f1xx_hal_spi.c.obj
 .text.SPI_EndRxTxTransaction
                0x08001fcc       0x24 CMakeFiles/project_2.elf.dir/Drivers/STM32F1xx_HAL_Driver/Src/stm32f1xx_hal_spi.c.obj
 .text.HAL_SPI_Init
                0x08001ff0       0x7c CMakeFiles/project_2.elf.dir/Drivers/STM32F1xx_HAL_Driver/Src/stm32f1xx_hal_spi.c.obj
                0x08001ff0                HAL_SPI_Init
 .text.HAL_SPI_Transmit
                0x0800206c      0x1ae CMakeFiles/project_2.elf.dir/Drivers/STM32F1xx_HAL_Driver/Src/stm32f1xx_hal_spi.c.obj
                0x0800206c                HAL_SPI_Transmit
 .text.HAL_SPI_ErrorCallback
                0x0800221a        0x2 CMakeFiles/project_2.elf.dir/Drivers/STM32F1xx_HAL_Driver/Src/stm32f1xx_hal_spi.c.obj
                0x0800221a                HAL_SPI_ErrorCallback
 .text.HAL_SPI_IRQHandler
                0x0800221c      0x108 CMakeFiles/project_2.elf.dir/Drivers/STM32F1xx_HAL_Driver/Src/stm32f1xx_hal_spi.c.obj
                0x0800221c                HAL_SPI_IRQHandler
 .text.SPI_DMAAbortOnError
                0x08002324       0x10 CMakeFiles/project_2.elf.dir/Drivers/STM32F1xx_HAL_Driver/Src/stm32f1xx_hal_spi.c.obj
 .text.TIM_OC1_SetConfig
                0x08002334       0x68 CMakeFiles/project_2.elf.dir/Drivers/STM32F1xx_HAL_Driver/Src/stm32f1xx_hal_tim.c.obj
 .text.TIM_OC3_SetConfig
                0x0800239c       0x70 CMakeFiles/project_2.elf.dir/Drivers/STM32F1xx_HAL_Driver/Src/stm32f1xx_hal_tim.c.obj
 .text.TIM_OC4_SetConfig
                0x0800240c       0x50 CMakeFiles/project_2.elf.dir/Drivers/STM32F1xx_HAL_Driver/Src/stm32f1xx_hal_tim.c.obj
 .text.TIM_TI1_ConfigInputStage
                0x0800245c       0x24 CMakeFiles/project_2.elf.dir/Drivers/STM32F1xx_HAL_Driver/Src/stm32f1xx_hal_tim.c.obj
 .text.TIM_TI2_ConfigInputStage
                0x08002480       0x26 CMakeFiles/project_2.elf.dir/Drivers/STM32F1xx_HAL_Driver/Src/stm32f1xx_hal_tim.c.obj
 .text.TIM_ITRx_SetConfig
                0x080024a6       0x10 CMakeFiles/project_2.elf.dir/Drivers/STM32F1xx_HAL_Driver/Src/stm32f1xx_hal_tim.c.obj
 .text.HAL_TIM_Base_Start_IT
                0x080024b6       0x22 CMakeFiles/project_2.elf.dir/Drivers/STM32F1xx_HAL_Driver/Src/stm32f1xx_hal_tim.c.obj
                0x080024b6                HAL_TIM_Base_Start_IT
 .text.HAL_TIM_Base_Stop_IT
                0x080024d8       0x2c CMakeFiles/project_2.elf.dir/Drivers/STM32F1xx_HAL_Driver/Src/stm32f1xx_hal_tim.c.obj
                0x080024d8                HAL_TIM_Base_Stop_IT
 .text.HAL_TIM_PWM_MspInit
                0x08002504        0x2 CMakeFiles/project_2.elf.dir/Drivers/STM32F1xx_HAL_Driver/Src/stm32f1xx_hal_tim.c.obj
                0x08002504                HAL_TIM_PWM_MspInit
 .text.HAL_TIM_PeriodElapsedCallback
                0x08002506        0x2 CMakeFiles/project_2.elf.dir/Drivers/STM32F1xx_HAL_Driver/Src/stm32f1xx_hal_tim.c.obj
                0x08002506                HAL_TIM_PeriodElapsedCallback
 .text.HAL_TIM_OC_DelayElapsedCallback
                0x08002508        0x2 CMakeFiles/project_2.elf.dir/Drivers/STM32F1xx_HAL_Driver/Src/stm32f1xx_hal_tim.c.obj
                0x08002508                HAL_TIM_OC_DelayElapsedCallback
 .text.HAL_TIM_IC_CaptureCallback
                0x0800250a        0x2 CMakeFiles/project_2.elf.dir/Drivers/STM32F1xx_HAL_Driver/Src/stm32f1xx_hal_tim.c.obj
                0x0800250a                HAL_TIM_IC_CaptureCallback
 .text.HAL_TIM_PWM_PulseFinishedCallback
                0x0800250c        0x2 CMakeFiles/project_2.elf.dir/Drivers/STM32F1xx_HAL_Driver/Src/stm32f1xx_hal_tim.c.obj
                0x0800250c                HAL_TIM_PWM_PulseFinishedCallback
 .text.HAL_TIM_TriggerCallback
                0x0800250e        0x2 CMakeFiles/project_2.elf.dir/Drivers/STM32F1xx_HAL_Driver/Src/stm32f1xx_hal_tim.c.obj
                0x0800250e                HAL_TIM_TriggerCallback
 .text.HAL_TIM_IRQHandler
                0x08002510      0x17a CMakeFiles/project_2.elf.dir/Drivers/STM32F1xx_HAL_Driver/Src/stm32f1xx_hal_tim.c.obj
                0x08002510                HAL_TIM_IRQHandler
 *fill*         0x0800268a        0x2 
 .text.TIM_Base_SetConfig
                0x0800268c       0x98 CMakeFiles/project_2.elf.dir/Drivers/STM32F1xx_HAL_Driver/Src/stm32f1xx_hal_tim.c.obj
                0x0800268c                TIM_Base_SetConfig
 .text.HAL_TIM_Base_Init
                0x08002724       0x34 CMakeFiles/project_2.elf.dir/Drivers/STM32F1xx_HAL_Driver/Src/stm32f1xx_hal_tim.c.obj
                0x08002724                HAL_TIM_Base_Init
 .text.HAL_TIM_PWM_Init
                0x08002758       0x34 CMakeFiles/project_2.elf.dir/Drivers/STM32F1xx_HAL_Driver/Src/stm32f1xx_hal_tim.c.obj
                0x08002758                HAL_TIM_PWM_Init
 .text.TIM_OC2_SetConfig
                0x0800278c       0x70 CMakeFiles/project_2.elf.dir/Drivers/STM32F1xx_HAL_Driver/Src/stm32f1xx_hal_tim.c.obj
                0x0800278c                TIM_OC2_SetConfig
 .text.HAL_TIM_PWM_ConfigChannel
                0x080027fc       0xdc CMakeFiles/project_2.elf.dir/Drivers/STM32F1xx_HAL_Driver/Src/stm32f1xx_hal_tim.c.obj
                0x080027fc                HAL_TIM_PWM_ConfigChannel
 .text.TIM_ETR_SetConfig
                0x080028d8       0x18 CMakeFiles/project_2.elf.dir/Drivers/STM32F1xx_HAL_Driver/Src/stm32f1xx_hal_tim.c.obj
                0x080028d8                TIM_ETR_SetConfig
 .text.HAL_TIM_ConfigClockSource
                0x080028f0       0xda CMakeFiles/project_2.elf.dir/Drivers/STM32F1xx_HAL_Driver/Src/stm32f1xx_hal_tim.c.obj
                0x080028f0                HAL_TIM_ConfigClockSource
 .text.TIM_CCxChannelCmd
                0x080029ca       0x1e CMakeFiles/project_2.elf.dir/Drivers/STM32F1xx_HAL_Driver/Src/stm32f1xx_hal_tim.c.obj
                0x080029ca                TIM_CCxChannelCmd
 .text.HAL_TIM_PWM_Start
                0x080029e8       0x40 CMakeFiles/project_2.elf.dir/Drivers/STM32F1xx_HAL_Driver/Src/stm32f1xx_hal_tim.c.obj
                0x080029e8                HAL_TIM_PWM_Start
 .text.HAL_TIMEx_MasterConfigSynchronization
                0x08002a28       0x48 CMakeFiles/project_2.elf.dir/Drivers/STM32F1xx_HAL_Driver/Src/stm32f1xx_hal_tim_ex.c.obj
                0x08002a28                HAL_TIMEx_MasterConfigSynchronization
 .text.HAL_TIMEx_CommutCallback
                0x08002a70        0x2 CMakeFiles/project_2.elf.dir/Drivers/STM32F1xx_HAL_Driver/Src/stm32f1xx_hal_tim_ex.c.obj
                0x08002a70                HAL_TIMEx_CommutCallback
 .text.HAL_TIMEx_BreakCallback
                0x08002a72        0x2 CMakeFiles/project_2.elf.dir/Drivers/STM32F1xx_HAL_Driver/Src/stm32f1xx_hal_tim_ex.c.obj
                0x08002a72                HAL_TIMEx_BreakCallback
 .text.UART_EndTxTransfer
                0x08002a74       0x12 CMakeFiles/project_2.elf.dir/Drivers/STM32F1xx_HAL_Driver/Src/stm32f1xx_hal_uart.c.obj
 .text.UART_EndRxTransfer
                0x08002a86       0x1c CMakeFiles/project_2.elf.dir/Drivers/STM32F1xx_HAL_Driver/Src/stm32f1xx_hal_uart.c.obj
 .text.UART_Transmit_IT
                0x08002aa2       0x66 CMakeFiles/project_2.elf.dir/Drivers/STM32F1xx_HAL_Driver/Src/stm32f1xx_hal_uart.c.obj
 .text.UART_SetConfig
                0x08002b08       0xcc CMakeFiles/project_2.elf.dir/Drivers/STM32F1xx_HAL_Driver/Src/stm32f1xx_hal_uart.c.obj
 .text.HAL_UART_Init
                0x08002bd4       0x5e CMakeFiles/project_2.elf.dir/Drivers/STM32F1xx_HAL_Driver/Src/stm32f1xx_hal_uart.c.obj
                0x08002bd4                HAL_UART_Init
 *fill*         0x08002c32        0x2 
 .text.HAL_UART_Transmit_DMA
                0x08002c34       0x8c CMakeFiles/project_2.elf.dir/Drivers/STM32F1xx_HAL_Driver/Src/stm32f1xx_hal_uart.c.obj
                0x08002c34                HAL_UART_Transmit_DMA
 .text.HAL_UART_Receive_DMA
                0x08002cc0       0xa8 CMakeFiles/project_2.elf.dir/Drivers/STM32F1xx_HAL_Driver/Src/stm32f1xx_hal_uart.c.obj
                0x08002cc0                HAL_UART_Receive_DMA
 .text.HAL_UART_TxCpltCallback
                0x08002d68        0x2 CMakeFiles/project_2.elf.dir/Drivers/STM32F1xx_HAL_Driver/Src/stm32f1xx_hal_uart.c.obj
                0x08002d68                HAL_UART_TxCpltCallback
 .text.UART_DMATransmitCplt
                0x08002d6a       0x30 CMakeFiles/project_2.elf.dir/Drivers/STM32F1xx_HAL_Driver/Src/stm32f1xx_hal_uart.c.obj
 .text.UART_EndTransmit_IT
                0x08002d9a       0x1a CMakeFiles/project_2.elf.dir/Drivers/STM32F1xx_HAL_Driver/Src/stm32f1xx_hal_uart.c.obj
 .text.HAL_UART_TxHalfCpltCallback
                0x08002db4        0x2 CMakeFiles/project_2.elf.dir/Drivers/STM32F1xx_HAL_Driver/Src/stm32f1xx_hal_uart.c.obj
                0x08002db4                HAL_UART_TxHalfCpltCallback
 .text.UART_DMATxHalfCplt
                0x08002db6        0xa CMakeFiles/project_2.elf.dir/Drivers/STM32F1xx_HAL_Driver/Src/stm32f1xx_hal_uart.c.obj
 .text.HAL_UART_RxCpltCallback
                0x08002dc0        0x2 CMakeFiles/project_2.elf.dir/Drivers/STM32F1xx_HAL_Driver/Src/stm32f1xx_hal_uart.c.obj
                0x08002dc0                HAL_UART_RxCpltCallback
 .text.UART_DMAReceiveCplt
                0x08002dc2       0x3e CMakeFiles/project_2.elf.dir/Drivers/STM32F1xx_HAL_Driver/Src/stm32f1xx_hal_uart.c.obj
 .text.UART_Receive_IT
                0x08002e00       0x9e CMakeFiles/project_2.elf.dir/Drivers/STM32F1xx_HAL_Driver/Src/stm32f1xx_hal_uart.c.obj
 .text.HAL_UART_RxHalfCpltCallback
                0x08002e9e        0x2 CMakeFiles/project_2.elf.dir/Drivers/STM32F1xx_HAL_Driver/Src/stm32f1xx_hal_uart.c.obj
                0x08002e9e                HAL_UART_RxHalfCpltCallback
 .text.UART_DMARxHalfCplt
                0x08002ea0        0xa CMakeFiles/project_2.elf.dir/Drivers/STM32F1xx_HAL_Driver/Src/stm32f1xx_hal_uart.c.obj
 .text.HAL_UART_ErrorCallback
                0x08002eaa        0x2 CMakeFiles/project_2.elf.dir/Drivers/STM32F1xx_HAL_Driver/Src/stm32f1xx_hal_uart.c.obj
                0x08002eaa                HAL_UART_ErrorCallback
 .text.UART_DMAError
                0x08002eac       0x58 CMakeFiles/project_2.elf.dir/Drivers/STM32F1xx_HAL_Driver/Src/stm32f1xx_hal_uart.c.obj
 .text.HAL_UART_IRQHandler
                0x08002f04      0x120 CMakeFiles/project_2.elf.dir/Drivers/STM32F1xx_HAL_Driver/Src/stm32f1xx_hal_uart.c.obj
                0x08002f04                HAL_UART_IRQHandler
 .text.UART_DMAAbortOnError
                0x08003024       0x10 CMakeFiles/project_2.elf.dir/Drivers/STM32F1xx_HAL_Driver/Src/stm32f1xx_hal_uart.c.obj
 .text.MX_DMA_Init
                0x08003034       0x54 CMakeFiles/project_2.elf.dir/Src/dma.c.obj
                0x08003034                MX_DMA_Init
 .text.LCD_Writ_Bus
                0x08003088       0x3c CMakeFiles/project_2.elf.dir/Src/drv_st7789.c.obj
                0x08003088                LCD_Writ_Bus
 .text.LCD_WR_DATA8
                0x080030c4       0x1c CMakeFiles/project_2.elf.dir/Src/drv_st7789.c.obj
                0x080030c4                LCD_WR_DATA8
 .text.LCD_WR_DATA
                0x080030e0       0x20 CMakeFiles/project_2.elf.dir/Src/drv_st7789.c.obj
                0x080030e0                LCD_WR_DATA
 .text.LCD_WR_REG
                0x08003100       0x28 CMakeFiles/project_2.elf.dir/Src/drv_st7789.c.obj
                0x08003100                LCD_WR_REG
 .text.LCD_Address_Set
                0x08003128       0x36 CMakeFiles/project_2.elf.dir/Src/drv_st7789.c.obj
                0x08003128                LCD_Address_Set
 *fill*         0x0800315e        0x2 
 .text.LCD_Init
                0x08003160      0x1c8 CMakeFiles/project_2.elf.dir/Src/drv_st7789.c.obj
                0x08003160                LCD_Init
 .text.LCD_Fill
                0x08003328       0x3c CMakeFiles/project_2.elf.dir/Src/drv_st7789.c.obj
                0x08003328                LCD_Fill
 .text.LCD_DrawPoint
                0x08003364       0x14 CMakeFiles/project_2.elf.dir/Src/drv_st7789.c.obj
                0x08003364                LCD_DrawPoint
 .text.LCD_ShowChar
                0x08003378      0x140 CMakeFiles/project_2.elf.dir/Src/drv_st7789.c.obj
                0x08003378                LCD_ShowChar
 .text.LCD_ShowString
                0x080034b8       0x44 CMakeFiles/project_2.elf.dir/Src/drv_st7789.c.obj
                0x080034b8                LCD_ShowString
 .text.MX_GPIO_Init
                0x080034fc       0xbc CMakeFiles/project_2.elf.dir/Src/gpio.c.obj
                0x080034fc                MX_GPIO_Init
 .text.alarm_compare
                0x080035b8       0x30 CMakeFiles/project_2.elf.dir/Src/main.c.obj
                0x080035b8                alarm_compare
 .text.LCD_Show_Time
                0x080035e8       0x22 CMakeFiles/project_2.elf.dir/Src/main.c.obj
                0x080035e8                LCD_Show_Time
 .text.Error_Handler
                0x0800360a        0x4 CMakeFiles/project_2.elf.dir/Src/main.c.obj
                0x0800360a                Error_Handler
 .text.SystemClock_Config
                0x0800360e       0x64 CMakeFiles/project_2.elf.dir/Src/main.c.obj
                0x0800360e                SystemClock_Config
 *fill*         0x08003672        0x2 
 .text.main     0x08003674      0x130 CMakeFiles/project_2.elf.dir/Src/main.c.obj
                0x08003674                main
 .text.MX_SPI1_Init
                0x080037a4       0x44 CMakeFiles/project_2.elf.dir/Src/spi.c.obj
                0x080037a4                MX_SPI1_Init
 .text.HAL_SPI_MspInit
                0x080037e8       0xac CMakeFiles/project_2.elf.dir/Src/spi.c.obj
                0x080037e8                HAL_SPI_MspInit
 .text.HAL_MspInit
                0x08003894       0x4c CMakeFiles/project_2.elf.dir/Src/stm32f1xx_hal_msp.c.obj
                0x08003894                HAL_MspInit
 .text.NMI_Handler
                0x080038e0        0x2 CMakeFiles/project_2.elf.dir/Src/stm32f1xx_it.c.obj
                0x080038e0                NMI_Handler
 .text.HardFault_Handler
                0x080038e2        0x2 CMakeFiles/project_2.elf.dir/Src/stm32f1xx_it.c.obj
                0x080038e2                HardFault_Handler
 .text.MemManage_Handler
                0x080038e4        0x2 CMakeFiles/project_2.elf.dir/Src/stm32f1xx_it.c.obj
                0x080038e4                MemManage_Handler
 .text.BusFault_Handler
                0x080038e6        0x2 CMakeFiles/project_2.elf.dir/Src/stm32f1xx_it.c.obj
                0x080038e6                BusFault_Handler
 .text.UsageFault_Handler
                0x080038e8        0x2 CMakeFiles/project_2.elf.dir/Src/stm32f1xx_it.c.obj
                0x080038e8                UsageFault_Handler
 .text.SVC_Handler
                0x080038ea        0x2 CMakeFiles/project_2.elf.dir/Src/stm32f1xx_it.c.obj
                0x080038ea                SVC_Handler
 .text.DebugMon_Handler
                0x080038ec        0x2 CMakeFiles/project_2.elf.dir/Src/stm32f1xx_it.c.obj
                0x080038ec                DebugMon_Handler
 .text.PendSV_Handler
                0x080038ee        0x2 CMakeFiles/project_2.elf.dir/Src/stm32f1xx_it.c.obj
                0x080038ee                PendSV_Handler
 .text.SysTick_Handler
                0x080038f0        0x8 CMakeFiles/project_2.elf.dir/Src/stm32f1xx_it.c.obj
                0x080038f0                SysTick_Handler
 .text.EXTI0_IRQHandler
                0x080038f8       0x14 CMakeFiles/project_2.elf.dir/Src/stm32f1xx_it.c.obj
                0x080038f8                EXTI0_IRQHandler
 .text.EXTI1_IRQHandler
                0x0800390c       0x14 CMakeFiles/project_2.elf.dir/Src/stm32f1xx_it.c.obj
                0x0800390c                EXTI1_IRQHandler
 .text.EXTI2_IRQHandler
                0x08003920       0x14 CMakeFiles/project_2.elf.dir/Src/stm32f1xx_it.c.obj
                0x08003920                EXTI2_IRQHandler
 .text.EXTI3_IRQHandler
                0x08003934       0x14 CMakeFiles/project_2.elf.dir/Src/stm32f1xx_it.c.obj
                0x08003934                EXTI3_IRQHandler
 .text.DMA1_Channel3_IRQHandler
                0x08003948       0x10 CMakeFiles/project_2.elf.dir/Src/stm32f1xx_it.c.obj
                0x08003948                DMA1_Channel3_IRQHandler
 .text.DMA1_Channel4_IRQHandler
                0x08003958       0x10 CMakeFiles/project_2.elf.dir/Src/stm32f1xx_it.c.obj
                0x08003958                DMA1_Channel4_IRQHandler
 .text.DMA1_Channel5_IRQHandler
                0x08003968       0x10 CMakeFiles/project_2.elf.dir/Src/stm32f1xx_it.c.obj
                0x08003968                DMA1_Channel5_IRQHandler
 .text.SPI1_IRQHandler
                0x08003978       0x10 CMakeFiles/project_2.elf.dir/Src/stm32f1xx_it.c.obj
                0x08003978                SPI1_IRQHandler
 .text.TIM3_TIMER_CallBack
                0x08003988       0x60 CMakeFiles/project_2.elf.dir/Src/stm32f1xx_it.c.obj
                0x08003988                TIM3_TIMER_CallBack
 .text.TIM3_IRQHandler
                0x080039e8       0x20 CMakeFiles/project_2.elf.dir/Src/stm32f1xx_it.c.obj
                0x080039e8                TIM3_IRQHandler
 .text.TIMER_Set_Hour
                0x08003a08       0x20 CMakeFiles/project_2.elf.dir/Src/stm32f1xx_it.c.obj
                0x08003a08                TIMER_Set_Hour
 .text.TIMER_Set_Minute
                0x08003a28       0x20 CMakeFiles/project_2.elf.dir/Src/stm32f1xx_it.c.obj
                0x08003a28                TIMER_Set_Minute
 .text.my_atoi  0x08003a48       0x22 CMakeFiles/project_2.elf.dir/Src/stm32f1xx_it.c.obj
                0x08003a48                my_atoi
 *fill*         0x08003a6a        0x2 
 .text.alarm_set
                0x08003a6c       0x4c CMakeFiles/project_2.elf.dir/Src/stm32f1xx_it.c.obj
                0x08003a6c                alarm_set
 .text.HAL_UART_IdleCpltCallback
                0x08003ab8       0xc8 CMakeFiles/project_2.elf.dir/Src/stm32f1xx_it.c.obj
                0x08003ab8                HAL_UART_IdleCpltCallback
 .text.USART1_IRQHandler
                0x08003b80       0x34 CMakeFiles/project_2.elf.dir/Src/stm32f1xx_it.c.obj
                0x08003b80                USART1_IRQHandler
 .text._getpid  0x08003bb4        0x4 CMakeFiles/project_2.elf.dir/Src/syscalls.c.obj
                0x08003bb4                _getpid
 .text._kill    0x08003bb8       0x10 CMakeFiles/project_2.elf.dir/Src/syscalls.c.obj
                0x08003bb8                _kill
 .text._exit    0x08003bc8        0xc CMakeFiles/project_2.elf.dir/Src/syscalls.c.obj
                0x08003bc8                _exit
 .text._read    0x08003bd4       0x20 CMakeFiles/project_2.elf.dir/Src/syscalls.c.obj
                0x08003bd4                _read
 .text._write   0x08003bf4       0x1c CMakeFiles/project_2.elf.dir/Src/syscalls.c.obj
                0x08003bf4                _write
 .text._close   0x08003c10        0x6 CMakeFiles/project_2.elf.dir/Src/syscalls.c.obj
                0x08003c10                _close
 .text._fstat   0x08003c16        0xa CMakeFiles/project_2.elf.dir/Src/syscalls.c.obj
                0x08003c16                _fstat
 .text._isatty  0x08003c20        0x4 CMakeFiles/project_2.elf.dir/Src/syscalls.c.obj
                0x08003c20                _isatty
 .text._lseek   0x08003c24        0x4 CMakeFiles/project_2.elf.dir/Src/syscalls.c.obj
                0x08003c24                _lseek
 .text._sbrk    0x08003c28       0x48 CMakeFiles/project_2.elf.dir/Src/sysmem.c.obj
                0x08003c28                _sbrk
 .text.SystemInit
                0x08003c70       0x4c CMakeFiles/project_2.elf.dir/Src/system_stm32f1xx.c.obj
                0x08003c70                SystemInit
 .text.HAL_TIM_Base_MspInit
                0x08003cbc       0x40 CMakeFiles/project_2.elf.dir/Src/tim.c.obj
                0x08003cbc                HAL_TIM_Base_MspInit
 .text.HAL_TIM_MspPostInit
                0x08003cfc       0x60 CMakeFiles/project_2.elf.dir/Src/tim.c.obj
                0x08003cfc                HAL_TIM_MspPostInit
 .text.MX_TIM3_Init
                0x08003d5c       0xb0 CMakeFiles/project_2.elf.dir/Src/tim.c.obj
                0x08003d5c                MX_TIM3_Init
 .text.MX_USART1_UART_Init
                0x08003e0c       0x34 CMakeFiles/project_2.elf.dir/Src/usart.c.obj
                0x08003e0c                MX_USART1_UART_Init
 .text.HAL_UART_MspInit
                0x08003e40       0xf8 CMakeFiles/project_2.elf.dir/Src/usart.c.obj
                0x08003e40                HAL_UART_MspInit
 .text.println  0x08003f38       0x38 CMakeFiles/project_2.elf.dir/Src/usart.c.obj
                0x08003f38                println
 .text.Reset_Handler
                0x08003f70       0x48 CMakeFiles/project_2.elf.dir/Startup/startup_stm32f103vctx.s.obj
                0x08003f70                Reset_Handler
 .text.Default_Handler
                0x08003fb8        0x2 CMakeFiles/project_2.elf.dir/Startup/startup_stm32f103vctx.s.obj
                0x08003fb8                RTC_Alarm_IRQHandler
                0x08003fb8                TIM8_TRG_COM_IRQHandler
                0x08003fb8                TIM8_CC_IRQHandler
                0x08003fb8                TIM1_CC_IRQHandler
                0x08003fb8                TIM6_IRQHandler
                0x08003fb8                PVD_IRQHandler
                0x08003fb8                SDIO_IRQHandler
                0x08003fb8                I2C2_EV_IRQHandler
                0x08003fb8                ADC1_2_IRQHandler
                0x08003fb8                TAMPER_IRQHandler
                0x08003fb8                TIM8_UP_IRQHandler
                0x08003fb8                DMA2_Channel2_IRQHandler
                0x08003fb8                USART3_IRQHandler
                0x08003fb8                RTC_IRQHandler
                0x08003fb8                DMA1_Channel7_IRQHandler
                0x08003fb8                CAN1_RX1_IRQHandler
                0x08003fb8                UART5_IRQHandler
                0x08003fb8                ADC3_IRQHandler
                0x08003fb8                TIM4_IRQHandler
                0x08003fb8                DMA2_Channel1_IRQHandler
                0x08003fb8                I2C1_EV_IRQHandler
                0x08003fb8                DMA1_Channel6_IRQHandler
                0x08003fb8                UART4_IRQHandler
                0x08003fb8                RCC_IRQHandler
                0x08003fb8                TIM1_TRG_COM_IRQHandler
                0x08003fb8                DMA1_Channel1_IRQHandler
                0x08003fb8                Default_Handler
                0x08003fb8                EXTI15_10_IRQHandler
                0x08003fb8                TIM7_IRQHandler
                0x08003fb8                TIM5_IRQHandler
                0x08003fb8                EXTI9_5_IRQHandler
                0x08003fb8                SPI2_IRQHandler
                0x08003fb8                EXTI4_IRQHandler
                0x08003fb8                USB_LP_CAN1_RX0_IRQHandler
                0x08003fb8                USB_HP_CAN1_TX_IRQHandler
                0x08003fb8                FSMC_IRQHandler
                0x08003fb8                TIM1_UP_IRQHandler
                0x08003fb8                WWDG_IRQHandler
                0x08003fb8                TIM2_IRQHandler
                0x08003fb8                TIM1_BRK_IRQHandler
                0x08003fb8                DMA2_Channel4_5_IRQHandler
                0x08003fb8                USART2_IRQHandler
                0x08003fb8                I2C2_ER_IRQHandler
                0x08003fb8                DMA1_Channel2_IRQHandler
                0x08003fb8                TIM8_BRK_IRQHandler
                0x08003fb8                CAN1_SCE_IRQHandler
                0x08003fb8                FLASH_IRQHandler
                0x08003fb8                SPI3_IRQHandler
                0x08003fb8                I2C1_ER_IRQHandler
                0x08003fb8                USBWakeUp_IRQHandler
                0x08003fb8                DMA2_Channel3_IRQHandler
 *fill*         0x08003fba        0x2 
 .text.__errno  0x08003fbc        0xc d:/program/arm-none-eabi-gcc/bin/../lib/gcc/arm-none-eabi/10.3.1/../../../../arm-none-eabi/lib/thumb/v7-m/nofp\libg.a(lib_a-errno.o)
                0x08003fbc                __errno
 .text.__libc_init_array
                0x08003fc8       0x48 d:/program/arm-none-eabi-gcc/bin/../lib/gcc/arm-none-eabi/10.3.1/../../../../arm-none-eabi/lib/thumb/v7-m/nofp\libg.a(lib_a-init.o)
                0x08003fc8                __libc_init_array
 .text.memset   0x08004010       0xa4 d:/program/arm-none-eabi-gcc/bin/../lib/gcc/arm-none-eabi/10.3.1/../../../../arm-none-eabi/lib/thumb/v7-m/nofp\libg.a(lib_a-memset.o)
                0x08004010                memset
 .text.sprintf  0x080040b4       0x44 d:/program/arm-none-eabi-gcc/bin/../lib/gcc/arm-none-eabi/10.3.1/../../../../arm-none-eabi/lib/thumb/v7-m/nofp\libg.a(lib_a-sprintf.o)
                0x080040b4                sprintf
 .text._svfprintf_r
                0x080040f8     0x1aa4 d:/program/arm-none-eabi-gcc/bin/../lib/gcc/arm-none-eabi/10.3.1/../../../../arm-none-eabi/lib/thumb/v7-m/nofp\libg.a(lib_a-svfprintf.o)
                0x080040f8                _svfprintf_r
 .text.vsnprintf
                0x08005b9c       0x6c d:/program/arm-none-eabi-gcc/bin/../lib/gcc/arm-none-eabi/10.3.1/../../../../arm-none-eabi/lib/thumb/v7-m/nofp\libg.a(lib_a-vsnprintf.o)
                0x08005b9c                vsnprintf
 .text.startup.register_fini
                0x08005c08       0x14 d:/program/arm-none-eabi-gcc/bin/../lib/gcc/arm-none-eabi/10.3.1/../../../../arm-none-eabi/lib/thumb/v7-m/nofp\libg.a(lib_a-__call_atexit.o)
 .text.atexit   0x08005c1c        0xc d:/program/arm-none-eabi-gcc/bin/../lib/gcc/arm-none-eabi/10.3.1/../../../../arm-none-eabi/lib/thumb/v7-m/nofp\libg.a(lib_a-atexit.o)
                0x08005c1c                atexit
 .text.quorem   0x08005c28      0x12c d:/program/arm-none-eabi-gcc/bin/../lib/gcc/arm-none-eabi/10.3.1/../../../../arm-none-eabi/lib/thumb/v7-m/nofp\libg.a(lib_a-dtoa.o)
 *fill*         0x08005d54        0x4 
 .text._dtoa_r  0x08005d58      0xecc d:/program/arm-none-eabi-gcc/bin/../lib/gcc/arm-none-eabi/10.3.1/../../../../arm-none-eabi/lib/thumb/v7-m/nofp\libg.a(lib_a-dtoa.o)
                0x08005d58                _dtoa_r
 .text.__libc_fini_array
                0x08006c24       0x2c d:/program/arm-none-eabi-gcc/bin/../lib/gcc/arm-none-eabi/10.3.1/../../../../arm-none-eabi/lib/thumb/v7-m/nofp\libg.a(lib_a-fini.o)
                0x08006c24                __libc_fini_array
 .text._malloc_trim_r
                0x08006c50       0xa0 d:/program/arm-none-eabi-gcc/bin/../lib/gcc/arm-none-eabi/10.3.1/../../../../arm-none-eabi/lib/thumb/v7-m/nofp\libg.a(lib_a-freer.o)
                0x08006c50                _malloc_trim_r
 .text._free_r  0x08006cf0      0x200 d:/program/arm-none-eabi-gcc/bin/../lib/gcc/arm-none-eabi/10.3.1/../../../../arm-none-eabi/lib/thumb/v7-m/nofp\libg.a(lib_a-freer.o)
                0x08006cf0                _free_r
 .text._localeconv_r
                0x08006ef0        0x8 d:/program/arm-none-eabi-gcc/bin/../lib/gcc/arm-none-eabi/10.3.1/../../../../arm-none-eabi/lib/thumb/v7-m/nofp\libg.a(lib_a-localeconv.o)
                0x08006ef0                _localeconv_r
 .text.__retarget_lock_init_recursive
                0x08006ef8        0x4 d:/program/arm-none-eabi-gcc/bin/../lib/gcc/arm-none-eabi/10.3.1/../../../../arm-none-eabi/lib/thumb/v7-m/nofp\libg.a(lib_a-lock.o)
                0x08006ef8                __retarget_lock_init_recursive
 .text.__retarget_lock_close_recursive
                0x08006efc        0x4 d:/program/arm-none-eabi-gcc/bin/../lib/gcc/arm-none-eabi/10.3.1/../../../../arm-none-eabi/lib/thumb/v7-m/nofp\libg.a(lib_a-lock.o)
                0x08006efc                __retarget_lock_close_recursive
 .text.__retarget_lock_acquire_recursive
                0x08006f00        0x4 d:/program/arm-none-eabi-gcc/bin/../lib/gcc/arm-none-eabi/10.3.1/../../../../arm-none-eabi/lib/thumb/v7-m/nofp\libg.a(lib_a-lock.o)
                0x08006f00                __retarget_lock_acquire_recursive
 .text.__retarget_lock_release_recursive
                0x08006f04        0x4 d:/program/arm-none-eabi-gcc/bin/../lib/gcc/arm-none-eabi/10.3.1/../../../../arm-none-eabi/lib/thumb/v7-m/nofp\libg.a(lib_a-lock.o)
                0x08006f04                __retarget_lock_release_recursive
 .text._malloc_r
                0x08006f08      0x558 d:/program/arm-none-eabi-gcc/bin/../lib/gcc/arm-none-eabi/10.3.1/../../../../arm-none-eabi/lib/thumb/v7-m/nofp\libg.a(lib_a-mallocr.o)
                0x08006f08                _malloc_r
 .text.memchr   0x08007460       0x90 d:/program/arm-none-eabi-gcc/bin/../lib/gcc/arm-none-eabi/10.3.1/../../../../arm-none-eabi/lib/thumb/v7-m/nofp\libg.a(lib_a-memchr-stub.o)
                0x08007460                memchr
 .text.__malloc_lock
                0x080074f0        0xc d:/program/arm-none-eabi-gcc/bin/../lib/gcc/arm-none-eabi/10.3.1/../../../../arm-none-eabi/lib/thumb/v7-m/nofp\libg.a(lib_a-mlock.o)
                0x080074f0                __malloc_lock
 .text.__malloc_unlock
                0x080074fc        0xc d:/program/arm-none-eabi-gcc/bin/../lib/gcc/arm-none-eabi/10.3.1/../../../../arm-none-eabi/lib/thumb/v7-m/nofp\libg.a(lib_a-mlock.o)
                0x080074fc                __malloc_unlock
 .text._Balloc  0x08007508       0x4c d:/program/arm-none-eabi-gcc/bin/../lib/gcc/arm-none-eabi/10.3.1/../../../../arm-none-eabi/lib/thumb/v7-m/nofp\libg.a(lib_a-mprec.o)
                0x08007508                _Balloc
 .text._Bfree   0x08007554       0x14 d:/program/arm-none-eabi-gcc/bin/../lib/gcc/arm-none-eabi/10.3.1/../../../../arm-none-eabi/lib/thumb/v7-m/nofp\libg.a(lib_a-mprec.o)
                0x08007554                _Bfree
 .text.__multadd
                0x08007568       0xa4 d:/program/arm-none-eabi-gcc/bin/../lib/gcc/arm-none-eabi/10.3.1/../../../../arm-none-eabi/lib/thumb/v7-m/nofp\libg.a(lib_a-mprec.o)
                0x08007568                __multadd
 .text.__hi0bits
                0x0800760c       0x40 d:/program/arm-none-eabi-gcc/bin/../lib/gcc/arm-none-eabi/10.3.1/../../../../arm-none-eabi/lib/thumb/v7-m/nofp\libg.a(lib_a-mprec.o)
                0x0800760c                __hi0bits
 .text.__lo0bits
                0x0800764c       0x58 d:/program/arm-none-eabi-gcc/bin/../lib/gcc/arm-none-eabi/10.3.1/../../../../arm-none-eabi/lib/thumb/v7-m/nofp\libg.a(lib_a-mprec.o)
                0x0800764c                __lo0bits
 .text.__i2b    0x080076a4       0x5c d:/program/arm-none-eabi-gcc/bin/../lib/gcc/arm-none-eabi/10.3.1/../../../../arm-none-eabi/lib/thumb/v7-m/nofp\libg.a(lib_a-mprec.o)
                0x080076a4                __i2b
 .text.__multiply
                0x08007700      0x15c d:/program/arm-none-eabi-gcc/bin/../lib/gcc/arm-none-eabi/10.3.1/../../../../arm-none-eabi/lib/thumb/v7-m/nofp\libg.a(lib_a-mprec.o)
                0x08007700                __multiply
 .text.__pow5mult
                0x0800785c       0xb8 d:/program/arm-none-eabi-gcc/bin/../lib/gcc/arm-none-eabi/10.3.1/../../../../arm-none-eabi/lib/thumb/v7-m/nofp\libg.a(lib_a-mprec.o)
                0x0800785c                __pow5mult
 .text.__lshift
                0x08007914       0xec d:/program/arm-none-eabi-gcc/bin/../lib/gcc/arm-none-eabi/10.3.1/../../../../arm-none-eabi/lib/thumb/v7-m/nofp\libg.a(lib_a-mprec.o)
                0x08007914                __lshift
 .text.__mcmp   0x08007a00       0x40 d:/program/arm-none-eabi-gcc/bin/../lib/gcc/arm-none-eabi/10.3.1/../../../../arm-none-eabi/lib/thumb/v7-m/nofp\libg.a(lib_a-mprec.o)
                0x08007a00                __mcmp
 .text.__mdiff  0x08007a40      0x14c d:/program/arm-none-eabi-gcc/bin/../lib/gcc/arm-none-eabi/10.3.1/../../../../arm-none-eabi/lib/thumb/v7-m/nofp\libg.a(lib_a-mprec.o)
                0x08007a40                __mdiff
 .text.__d2b    0x08007b8c       0xc4 d:/program/arm-none-eabi-gcc/bin/../lib/gcc/arm-none-eabi/10.3.1/../../../../arm-none-eabi/lib/thumb/v7-m/nofp\libg.a(lib_a-mprec.o)
                0x08007b8c                __d2b
 .text.frexp    0x08007c50       0x70 d:/program/arm-none-eabi-gcc/bin/../lib/gcc/arm-none-eabi/10.3.1/../../../../arm-none-eabi/lib/thumb/v7-m/nofp\libg.a(lib_a-s_frexp.o)
                0x08007c50                frexp
 .text._sbrk_r  0x08007cc0       0x24 d:/program/arm-none-eabi-gcc/bin/../lib/gcc/arm-none-eabi/10.3.1/../../../../arm-none-eabi/lib/thumb/v7-m/nofp\libg.a(lib_a-sbrkr.o)
                0x08007cc0                _sbrk_r
 .text.strlen   0x08007ce4       0x5c d:/program/arm-none-eabi-gcc/bin/../lib/gcc/arm-none-eabi/10.3.1/../../../../arm-none-eabi/lib/thumb/v7-m/nofp\libg.a(lib_a-strlen-stub.o)
                0x08007ce4                strlen
 .text.strncpy  0x08007d40       0x68 d:/program/arm-none-eabi-gcc/bin/../lib/gcc/arm-none-eabi/10.3.1/../../../../arm-none-eabi/lib/thumb/v7-m/nofp\libg.a(lib_a-strncpy.o)
                0x08007d40                strncpy
 .text.__ssprint_r
                0x08007da8       0xfc d:/program/arm-none-eabi-gcc/bin/../lib/gcc/arm-none-eabi/10.3.1/../../../../arm-none-eabi/lib/thumb/v7-m/nofp\libg.a(lib_a-svfiprintf.o)
                0x08007da8                __ssprint_r
 .text.__register_exitproc
                0x08007ea4       0x8c d:/program/arm-none-eabi-gcc/bin/../lib/gcc/arm-none-eabi/10.3.1/../../../../arm-none-eabi/lib/thumb/v7-m/nofp\libg.a(lib_a-__atexit.o)
                0x08007ea4                __register_exitproc
 .text.__assert_func
                0x08007f30       0x40 d:/program/arm-none-eabi-gcc/bin/../lib/gcc/arm-none-eabi/10.3.1/../../../../arm-none-eabi/lib/thumb/v7-m/nofp\libg.a(lib_a-assert.o)
                0x08007f30                __assert_func
 .text._calloc_r
                0x08007f70       0x78 d:/program/arm-none-eabi-gcc/bin/../lib/gcc/arm-none-eabi/10.3.1/../../../../arm-none-eabi/lib/thumb/v7-m/nofp\libg.a(lib_a-callocr.o)
                0x08007f70                _calloc_r
 .text.fiprintf
                0x08007fe8       0x28 d:/program/arm-none-eabi-gcc/bin/../lib/gcc/arm-none-eabi/10.3.1/../../../../arm-none-eabi/lib/thumb/v7-m/nofp\libg.a(lib_a-fiprintf.o)
                0x08007fe8                fiprintf
 .text.__locale_mb_cur_max
                0x08008010        0xc d:/program/arm-none-eabi-gcc/bin/../lib/gcc/arm-none-eabi/10.3.1/../../../../arm-none-eabi/lib/thumb/v7-m/nofp\libg.a(lib_a-locale.o)
                0x08008010                __locale_mb_cur_max
 .text.__ascii_mbtowc
                0x0800801c       0x2c d:/program/arm-none-eabi-gcc/bin/../lib/gcc/arm-none-eabi/10.3.1/../../../../arm-none-eabi/lib/thumb/v7-m/nofp\libg.a(lib_a-mbtowc_r.o)
                0x0800801c                __ascii_mbtowc
 .text.memmove  0x08008048       0xf8 d:/program/arm-none-eabi-gcc/bin/../lib/gcc/arm-none-eabi/10.3.1/../../../../arm-none-eabi/lib/thumb/v7-m/nofp\libg.a(lib_a-memmove.o)
                0x08008048                memmove
 .text._realloc_r
                0x08008140      0x3dc d:/program/arm-none-eabi-gcc/bin/../lib/gcc/arm-none-eabi/10.3.1/../../../../arm-none-eabi/lib/thumb/v7-m/nofp\libg.a(lib_a-reallocr.o)
                0x08008140                _realloc_r
 .text.__sprint_r.part.0
                0x0800851c       0x78 d:/program/arm-none-eabi-gcc/bin/../lib/gcc/arm-none-eabi/10.3.1/../../../../arm-none-eabi/lib/thumb/v7-m/nofp\libg.a(lib_a-vfiprintf.o)
 .text._vfiprintf_r
                0x08008594      0xd98 d:/program/arm-none-eabi-gcc/bin/../lib/gcc/arm-none-eabi/10.3.1/../../../../arm-none-eabi/lib/thumb/v7-m/nofp\libg.a(lib_a-vfiprintf.o)
                0x08008594                _vfiprintf_r
 .text.__sbprintf
                0x0800932c       0x84 d:/program/arm-none-eabi-gcc/bin/../lib/gcc/arm-none-eabi/10.3.1/../../../../arm-none-eabi/lib/thumb/v7-m/nofp\libg.a(lib_a-vfiprintf.o)
 .text.__ascii_wctomb
                0x080093b0       0x1c d:/program/arm-none-eabi-gcc/bin/../lib/gcc/arm-none-eabi/10.3.1/../../../../arm-none-eabi/lib/thumb/v7-m/nofp\libg.a(lib_a-wctomb_r.o)
                0x080093b0                __ascii_wctomb
 .text.__swsetup_r
                0x080093cc       0xd4 d:/program/arm-none-eabi-gcc/bin/../lib/gcc/arm-none-eabi/10.3.1/../../../../arm-none-eabi/lib/thumb/v7-m/nofp\libg.a(lib_a-wsetup.o)
                0x080093cc                __swsetup_r
 .text.abort    0x080094a0       0x10 d:/program/arm-none-eabi-gcc/bin/../lib/gcc/arm-none-eabi/10.3.1/../../../../arm-none-eabi/lib/thumb/v7-m/nofp\libg.a(lib_a-abort.o)
                0x080094a0                abort
 .text.__sflush_r
                0x080094b0      0x124 d:/program/arm-none-eabi-gcc/bin/../lib/gcc/arm-none-eabi/10.3.1/../../../../arm-none-eabi/lib/thumb/v7-m/nofp\libg.a(lib_a-fflush.o)
                0x080094b0                __sflush_r
 .text._fflush_r
                0x080095d4       0x5c d:/program/arm-none-eabi-gcc/bin/../lib/gcc/arm-none-eabi/10.3.1/../../../../arm-none-eabi/lib/thumb/v7-m/nofp\libg.a(lib_a-fflush.o)
                0x080095d4                _fflush_r
 .text._cleanup_r
                0x08009630        0xc d:/program/arm-none-eabi-gcc/bin/../lib/gcc/arm-none-eabi/10.3.1/../../../../arm-none-eabi/lib/thumb/v7-m/nofp\libg.a(lib_a-findfp.o)
                0x08009630                _cleanup_r
 .text.__sinit  0x0800963c      0x10c d:/program/arm-none-eabi-gcc/bin/../lib/gcc/arm-none-eabi/10.3.1/../../../../arm-none-eabi/lib/thumb/v7-m/nofp\libg.a(lib_a-findfp.o)
                0x0800963c                __sinit
 .text.__sfp_lock_acquire
                0x08009748        0xc d:/program/arm-none-eabi-gcc/bin/../lib/gcc/arm-none-eabi/10.3.1/../../../../arm-none-eabi/lib/thumb/v7-m/nofp\libg.a(lib_a-findfp.o)
                0x08009748                __sfp_lock_acquire
 .text.__sfp_lock_release
                0x08009754        0xc d:/program/arm-none-eabi-gcc/bin/../lib/gcc/arm-none-eabi/10.3.1/../../../../arm-none-eabi/lib/thumb/v7-m/nofp\libg.a(lib_a-findfp.o)
                0x08009754                __sfp_lock_release
 .text.__fputwc
                0x08009760       0xa0 d:/program/arm-none-eabi-gcc/bin/../lib/gcc/arm-none-eabi/10.3.1/../../../../arm-none-eabi/lib/thumb/v7-m/nofp\libg.a(lib_a-fputwc.o)
                0x08009760                __fputwc
 .text._fputwc_r
                0x08009800       0x68 d:/program/arm-none-eabi-gcc/bin/../lib/gcc/arm-none-eabi/10.3.1/../../../../arm-none-eabi/lib/thumb/v7-m/nofp\libg.a(lib_a-fputwc.o)
                0x08009800                _fputwc_r
 .text.__sfvwrite_r
                0x08009868      0x2f0 d:/program/arm-none-eabi-gcc/bin/../lib/gcc/arm-none-eabi/10.3.1/../../../../arm-none-eabi/lib/thumb/v7-m/nofp\libg.a(lib_a-fvwrite.o)
                0x08009868                __sfvwrite_r
 .text._fwalk_reent
                0x08009b58       0x48 d:/program/arm-none-eabi-gcc/bin/../lib/gcc/arm-none-eabi/10.3.1/../../../../arm-none-eabi/lib/thumb/v7-m/nofp\libg.a(lib_a-fwalk.o)
                0x08009b58                _fwalk_reent
 .text.__smakebuf_r
                0x08009ba0       0xe0 d:/program/arm-none-eabi-gcc/bin/../lib/gcc/arm-none-eabi/10.3.1/../../../../arm-none-eabi/lib/thumb/v7-m/nofp\libg.a(lib_a-makebuf.o)
                0x08009ba0                __smakebuf_r
 .text.raise    0x08009c80       0x5c d:/program/arm-none-eabi-gcc/bin/../lib/gcc/arm-none-eabi/10.3.1/../../../../arm-none-eabi/lib/thumb/v7-m/nofp\libg.a(lib_a-signal.o)
                0x08009c80                raise
 .text._kill_r  0x08009cdc       0x28 d:/program/arm-none-eabi-gcc/bin/../lib/gcc/arm-none-eabi/10.3.1/../../../../arm-none-eabi/lib/thumb/v7-m/nofp\libg.a(lib_a-signalr.o)
                0x08009cdc                _kill_r
 .text._getpid_r
                0x08009d04        0x4 d:/program/arm-none-eabi-gcc/bin/../lib/gcc/arm-none-eabi/10.3.1/../../../../arm-none-eabi/lib/thumb/v7-m/nofp\libg.a(lib_a-signalr.o)
                0x08009d04                _getpid_r
 .text.__sread  0x08009d08       0x24 d:/program/arm-none-eabi-gcc/bin/../lib/gcc/arm-none-eabi/10.3.1/../../../../arm-none-eabi/lib/thumb/v7-m/nofp\libg.a(lib_a-stdio.o)
                0x08009d08                __sread
 .text.__swrite
                0x08009d2c       0x40 d:/program/arm-none-eabi-gcc/bin/../lib/gcc/arm-none-eabi/10.3.1/../../../../arm-none-eabi/lib/thumb/v7-m/nofp\libg.a(lib_a-stdio.o)
                0x08009d2c                __swrite
 .text.__sseek  0x08009d6c       0x20 d:/program/arm-none-eabi-gcc/bin/../lib/gcc/arm-none-eabi/10.3.1/../../../../arm-none-eabi/lib/thumb/v7-m/nofp\libg.a(lib_a-stdio.o)
                0x08009d6c                __sseek
 .text.__sclose
                0x08009d8c        0x8 d:/program/arm-none-eabi-gcc/bin/../lib/gcc/arm-none-eabi/10.3.1/../../../../arm-none-eabi/lib/thumb/v7-m/nofp\libg.a(lib_a-stdio.o)
                0x08009d8c                __sclose
 .text.__swbuf_r
                0x08009d94       0xb0 d:/program/arm-none-eabi-gcc/bin/../lib/gcc/arm-none-eabi/10.3.1/../../../../arm-none-eabi/lib/thumb/v7-m/nofp\libg.a(lib_a-wbuf.o)
                0x08009d94                __swbuf_r
 .text._wcrtomb_r
                0x08009e44       0x3c d:/program/arm-none-eabi-gcc/bin/../lib/gcc/arm-none-eabi/10.3.1/../../../../arm-none-eabi/lib/thumb/v7-m/nofp\libg.a(lib_a-wcrtomb.o)
                0x08009e44                _wcrtomb_r
 .text._write_r
                0x08009e80       0x2c d:/program/arm-none-eabi-gcc/bin/../lib/gcc/arm-none-eabi/10.3.1/../../../../arm-none-eabi/lib/thumb/v7-m/nofp\libg.a(lib_a-writer.o)
                0x08009e80                _write_r
 .text._close_r
                0x08009eac       0x24 d:/program/arm-none-eabi-gcc/bin/../lib/gcc/arm-none-eabi/10.3.1/../../../../arm-none-eabi/lib/thumb/v7-m/nofp\libg.a(lib_a-closer.o)
                0x08009eac                _close_r
 .text._fclose_r
                0x08009ed0       0xcc d:/program/arm-none-eabi-gcc/bin/../lib/gcc/arm-none-eabi/10.3.1/../../../../arm-none-eabi/lib/thumb/v7-m/nofp\libg.a(lib_a-fclose.o)
                0x08009ed0                _fclose_r
 .text._fstat_r
                0x08009f9c       0x28 d:/program/arm-none-eabi-gcc/bin/../lib/gcc/arm-none-eabi/10.3.1/../../../../arm-none-eabi/lib/thumb/v7-m/nofp\libg.a(lib_a-fstatr.o)
                0x08009f9c                _fstat_r
 .text._isatty_r
                0x08009fc4       0x24 d:/program/arm-none-eabi-gcc/bin/../lib/gcc/arm-none-eabi/10.3.1/../../../../arm-none-eabi/lib/thumb/v7-m/nofp\libg.a(lib_a-isattyr.o)
                0x08009fc4                _isatty_r
 .text._lseek_r
                0x08009fe8       0x2c d:/program/arm-none-eabi-gcc/bin/../lib/gcc/arm-none-eabi/10.3.1/../../../../arm-none-eabi/lib/thumb/v7-m/nofp\libg.a(lib_a-lseekr.o)
                0x08009fe8                _lseek_r
 .text._read_r  0x0800a014       0x2c d:/program/arm-none-eabi-gcc/bin/../lib/gcc/arm-none-eabi/10.3.1/../../../../arm-none-eabi/lib/thumb/v7-m/nofp\libg.a(lib_a-readr.o)
                0x0800a014                _read_r
 *(.glue_7)
 .glue_7        0x0800a040        0x0 linker stubs
 *(.glue_7t)
 .glue_7t       0x0800a040        0x0 linker stubs
 *(.eh_frame)
 .eh_frame      0x0800a040        0x0 d:/program/arm-none-eabi-gcc/bin/../lib/gcc/arm-none-eabi/10.3.1/thumb/v7-m/nofp/crtbegin.o
 *(.init)
 .init          0x0800a040        0x4 d:/program/arm-none-eabi-gcc/bin/../lib/gcc/arm-none-eabi/10.3.1/thumb/v7-m/nofp/crti.o
                0x0800a040                _init
 .init          0x0800a044        0x8 d:/program/arm-none-eabi-gcc/bin/../lib/gcc/arm-none-eabi/10.3.1/thumb/v7-m/nofp/crtn.o
 *(.fini)
 .fini          0x0800a04c        0x4 d:/program/arm-none-eabi-gcc/bin/../lib/gcc/arm-none-eabi/10.3.1/thumb/v7-m/nofp/crti.o
                0x0800a04c                _fini
 .fini          0x0800a050        0x8 d:/program/arm-none-eabi-gcc/bin/../lib/gcc/arm-none-eabi/10.3.1/thumb/v7-m/nofp/crtn.o
                0x0800a058                . = ALIGN (0x4)
                0x0800a058                _etext = .

.vfp11_veneer   0x0800a058        0x0
 .vfp11_veneer  0x0800a058        0x0 linker stubs

.v4_bx          0x0800a058        0x0
 .v4_bx         0x0800a058        0x0 linker stubs

.iplt           0x0800a058        0x0
 .iplt          0x0800a058        0x0 d:/program/arm-none-eabi-gcc/bin/../lib/gcc/arm-none-eabi/10.3.1/thumb/v7-m/nofp/crtbegin.o

.rodata         0x0800a058     0x38e8
                0x0800a058                . = ALIGN (0x4)
 *(.rodata)
 *(.rodata*)
 .rodata.HAL_RCC_GetSysClockFreq.str1.4
                0x0800a058       0x11 CMakeFiles/project_2.elf.dir/Drivers/STM32F1xx_HAL_Driver/Src/stm32f1xx_hal_rcc.c.obj
 *fill*         0x0800a069        0x3 
 .rodata.ascii_1206
                0x0800a06c      0x474 CMakeFiles/project_2.elf.dir/Src/drv_st7789.c.obj
                0x0800a06c                ascii_1206
 .rodata.ascii_1608
                0x0800a4e0      0x5f0 CMakeFiles/project_2.elf.dir/Src/drv_st7789.c.obj
                0x0800a4e0                ascii_1608
 .rodata.ascii_2412
                0x0800aad0     0x11d0 CMakeFiles/project_2.elf.dir/Src/drv_st7789.c.obj
                0x0800aad0                ascii_2412
 .rodata.ascii_3216
                0x0800bca0     0x17c0 CMakeFiles/project_2.elf.dir/Src/drv_st7789.c.obj
                0x0800bca0                ascii_3216
 .rodata.main.str1.4
                0x0800d460       0x76 CMakeFiles/project_2.elf.dir/Src/main.c.obj
 *fill*         0x0800d4d6        0x2 
 .rodata.TIM3_TIMER_CallBack.str1.4
                0x0800d4d8        0xf CMakeFiles/project_2.elf.dir/Src/stm32f1xx_it.c.obj
 *fill*         0x0800d4e7        0x1 
 .rodata.TIMER_Set_Hour.str1.4
                0x0800d4e8       0x1d CMakeFiles/project_2.elf.dir/Src/stm32f1xx_it.c.obj
 *fill*         0x0800d505        0x3 
 .rodata.alarm_set.str1.4
                0x0800d508       0x20 CMakeFiles/project_2.elf.dir/Src/stm32f1xx_it.c.obj
 .rodata.AHBPrescTable
                0x0800d528       0x10 CMakeFiles/project_2.elf.dir/Src/system_stm32f1xx.c.obj
                0x0800d528                AHBPrescTable
 .rodata.APBPrescTable
                0x0800d538        0x8 CMakeFiles/project_2.elf.dir/Src/system_stm32f1xx.c.obj
                0x0800d538                APBPrescTable
 .rodata._global_impure_ptr
                0x0800d540        0x4 d:/program/arm-none-eabi-gcc/bin/../lib/gcc/arm-none-eabi/10.3.1/../../../../arm-none-eabi/lib/thumb/v7-m/nofp\libg.a(lib_a-impure.o)
                0x0800d540                _global_impure_ptr
 .rodata._svfprintf_r.str1.4
                0x0800d544       0x42 d:/program/arm-none-eabi-gcc/bin/../lib/gcc/arm-none-eabi/10.3.1/../../../../arm-none-eabi/lib/thumb/v7-m/nofp\libg.a(lib_a-svfprintf.o)
 *fill*         0x0800d586        0x2 
 .rodata.blanks.1
                0x0800d588       0x10 d:/program/arm-none-eabi-gcc/bin/../lib/gcc/arm-none-eabi/10.3.1/../../../../arm-none-eabi/lib/thumb/v7-m/nofp\libg.a(lib_a-svfprintf.o)
 .rodata.zeroes.0
                0x0800d598       0x10 d:/program/arm-none-eabi-gcc/bin/../lib/gcc/arm-none-eabi/10.3.1/../../../../arm-none-eabi/lib/thumb/v7-m/nofp\libg.a(lib_a-svfprintf.o)
 .rodata._dtoa_r.str1.4
                0x0800d5a8       0xa2 d:/program/arm-none-eabi-gcc/bin/../lib/gcc/arm-none-eabi/10.3.1/../../../../arm-none-eabi/lib/thumb/v7-m/nofp\libg.a(lib_a-dtoa.o)
                                 0xa6 (size before relaxing)
 *fill*         0x0800d64a        0x2 
 .rodata.__multadd.str1.4
                0x0800d64c       0x7f d:/program/arm-none-eabi-gcc/bin/../lib/gcc/arm-none-eabi/10.3.1/../../../../arm-none-eabi/lib/thumb/v7-m/nofp\libg.a(lib_a-mprec.o)
                                 0x93 (size before relaxing)
 *fill*         0x0800d6cb        0x5 
 .rodata.__mprec_bigtens
                0x0800d6d0       0x28 d:/program/arm-none-eabi-gcc/bin/../lib/gcc/arm-none-eabi/10.3.1/../../../../arm-none-eabi/lib/thumb/v7-m/nofp\libg.a(lib_a-mprec.o)
                0x0800d6d0                __mprec_bigtens
 .rodata.__mprec_tens
                0x0800d6f8       0xc8 d:/program/arm-none-eabi-gcc/bin/../lib/gcc/arm-none-eabi/10.3.1/../../../../arm-none-eabi/lib/thumb/v7-m/nofp\libg.a(lib_a-mprec.o)
                0x0800d6f8                __mprec_tens
 .rodata.p05.0  0x0800d7c0        0xc d:/program/arm-none-eabi-gcc/bin/../lib/gcc/arm-none-eabi/10.3.1/../../../../arm-none-eabi/lib/thumb/v7-m/nofp\libg.a(lib_a-mprec.o)
 .rodata.__assert_func.str1.4
                0x0800d7cc       0x3f d:/program/arm-none-eabi-gcc/bin/../lib/gcc/arm-none-eabi/10.3.1/../../../../arm-none-eabi/lib/thumb/v7-m/nofp\libg.a(lib_a-assert.o)
                                 0x43 (size before relaxing)
 *fill*         0x0800d80b        0x1 
 .rodata._setlocale_r.str1.4
                0x0800d80c        0xa d:/program/arm-none-eabi-gcc/bin/../lib/gcc/arm-none-eabi/10.3.1/../../../../arm-none-eabi/lib/thumb/v7-m/nofp\libg.a(lib_a-locale.o)
                                  0xd (size before relaxing)
 *fill*         0x0800d816        0x2 
 .rodata.str1.4
                0x0800d818        0x2 d:/program/arm-none-eabi-gcc/bin/../lib/gcc/arm-none-eabi/10.3.1/../../../../arm-none-eabi/lib/thumb/v7-m/nofp\libg.a(lib_a-locale.o)
 .rodata._vfiprintf_r.str1.4
                0x0800d81a       0x2f d:/program/arm-none-eabi-gcc/bin/../lib/gcc/arm-none-eabi/10.3.1/../../../../arm-none-eabi/lib/thumb/v7-m/nofp\libg.a(lib_a-vfiprintf.o)
 *fill*         0x0800d81a        0x2 
 .rodata.blanks.1
                0x0800d81c       0x10 d:/program/arm-none-eabi-gcc/bin/../lib/gcc/arm-none-eabi/10.3.1/../../../../arm-none-eabi/lib/thumb/v7-m/nofp\libg.a(lib_a-vfiprintf.o)
 .rodata.zeroes.0
                0x0800d82c       0x10 d:/program/arm-none-eabi-gcc/bin/../lib/gcc/arm-none-eabi/10.3.1/../../../../arm-none-eabi/lib/thumb/v7-m/nofp\libg.a(lib_a-vfiprintf.o)
 .rodata._ctype_
                0x0800d83c      0x101 d:/program/arm-none-eabi-gcc/bin/../lib/gcc/arm-none-eabi/10.3.1/../../../../arm-none-eabi/lib/thumb/v7-m/nofp\libg.a(lib_a-ctype_.o)
                0x0800d83c                _ctype_
                0x0800d940                . = ALIGN (0x4)
 *fill*         0x0800d93d        0x3 

.ARM.extab      0x0800d940        0x0
                0x0800d940                . = ALIGN (0x4)
 *(.ARM.extab* .gnu.linkonce.armextab.*)
                0x0800d940                . = ALIGN (0x4)

.ARM            0x0800d940        0x8
                0x0800d940                . = ALIGN (0x4)
                0x0800d940                __exidx_start = .
 *(.ARM.exidx*)
 .ARM.exidx     0x0800d940        0x8 d:/program/arm-none-eabi-gcc/bin/../lib/gcc/arm-none-eabi/10.3.1/thumb/v7-m/nofp\libgcc.a(_udivmoddi4.o)
                0x0800d948                __exidx_end = .
                0x0800d948                . = ALIGN (0x4)

.rel.dyn        0x0800d948        0x0
 .rel.iplt      0x0800d948        0x0 d:/program/arm-none-eabi-gcc/bin/../lib/gcc/arm-none-eabi/10.3.1/thumb/v7-m/nofp/crtbegin.o

.preinit_array  0x0800d948        0x0
                0x0800d948                . = ALIGN (0x4)
                0x0800d948                PROVIDE (__preinit_array_start = .)
 *(.preinit_array*)
                0x0800d948                PROVIDE (__preinit_array_end = .)
                0x0800d948                . = ALIGN (0x4)

.init_array     0x0800d948        0x8
                0x0800d948                . = ALIGN (0x4)
                0x0800d948                PROVIDE (__init_array_start = .)
 *(SORT_BY_NAME(.init_array.*))
 .init_array.00000
                0x0800d948        0x4 d:/program/arm-none-eabi-gcc/bin/../lib/gcc/arm-none-eabi/10.3.1/../../../../arm-none-eabi/lib/thumb/v7-m/nofp\libg.a(lib_a-__call_atexit.o)
 *(.init_array*)
 .init_array    0x0800d94c        0x4 d:/program/arm-none-eabi-gcc/bin/../lib/gcc/arm-none-eabi/10.3.1/thumb/v7-m/nofp/crtbegin.o
                0x0800d950                PROVIDE (__init_array_end = .)
                0x0800d950                . = ALIGN (0x4)

.fini_array     0x0800d950        0x4
                0x0800d950                . = ALIGN (0x4)
                0x0800d950                PROVIDE (__fini_array_start = .)
 *(SORT_BY_NAME(.fini_array.*))
 *(.fini_array*)
 .fini_array    0x0800d950        0x4 d:/program/arm-none-eabi-gcc/bin/../lib/gcc/arm-none-eabi/10.3.1/thumb/v7-m/nofp/crtbegin.o
                0x0800d954                PROVIDE (__fini_array_end = .)
                0x0800d954                . = ALIGN (0x4)
                0x0800d954                _sidata = LOADADDR (.data)

.data           0x20000000      0x9b8 load address 0x0800d954
                0x20000000                . = ALIGN (0x4)
                0x20000000                _sdata = .
 *(.data)
 *(.data*)
 .data.uwTickFreq
                0x20000000        0x1 CMakeFiles/project_2.elf.dir/Drivers/STM32F1xx_HAL_Driver/Src/stm32f1xx_hal.c.obj
                0x20000000                uwTickFreq
 *fill*         0x20000001        0x3 
 .data.uwTickPrio
                0x20000004        0x4 CMakeFiles/project_2.elf.dir/Drivers/STM32F1xx_HAL_Driver/Src/stm32f1xx_hal.c.obj
                0x20000004                uwTickPrio
 .data.SystemCoreClock
                0x20000008        0x4 CMakeFiles/project_2.elf.dir/Src/system_stm32f1xx.c.obj
                0x20000008                SystemCoreClock
 .data._impure_ptr
                0x2000000c        0x4 d:/program/arm-none-eabi-gcc/bin/../lib/gcc/arm-none-eabi/10.3.1/../../../../arm-none-eabi/lib/thumb/v7-m/nofp\libg.a(lib_a-impure.o)
                0x2000000c                _impure_ptr
 .data.impure_data
                0x20000010      0x428 d:/program/arm-none-eabi-gcc/bin/../lib/gcc/arm-none-eabi/10.3.1/../../../../arm-none-eabi/lib/thumb/v7-m/nofp\libg.a(lib_a-impure.o)
 .data.__atexit_recursive_mutex
                0x20000438        0x4 d:/program/arm-none-eabi-gcc/bin/../lib/gcc/arm-none-eabi/10.3.1/../../../../arm-none-eabi/lib/thumb/v7-m/nofp\libg.a(lib_a-__call_atexit.o)
                0x20000438                __atexit_recursive_mutex
 .data.__malloc_av_
                0x2000043c      0x408 d:/program/arm-none-eabi-gcc/bin/../lib/gcc/arm-none-eabi/10.3.1/../../../../arm-none-eabi/lib/thumb/v7-m/nofp\libg.a(lib_a-mallocr.o)
                0x2000043c                __malloc_av_
 .data.__malloc_sbrk_base
                0x20000844        0x4 d:/program/arm-none-eabi-gcc/bin/../lib/gcc/arm-none-eabi/10.3.1/../../../../arm-none-eabi/lib/thumb/v7-m/nofp\libg.a(lib_a-mallocr.o)
                0x20000844                __malloc_sbrk_base
 .data.__malloc_trim_threshold
                0x20000848        0x4 d:/program/arm-none-eabi-gcc/bin/../lib/gcc/arm-none-eabi/10.3.1/../../../../arm-none-eabi/lib/thumb/v7-m/nofp\libg.a(lib_a-mallocr.o)
                0x20000848                __malloc_trim_threshold
 .data.__global_locale
                0x2000084c      0x16c d:/program/arm-none-eabi-gcc/bin/../lib/gcc/arm-none-eabi/10.3.1/../../../../arm-none-eabi/lib/thumb/v7-m/nofp\libg.a(lib_a-locale.o)
                0x2000084c                __global_locale
 *(.RamFunc)
 *(.RamFunc*)
                0x200009b8                . = ALIGN (0x4)
                0x200009b8                _edata = .

.igot.plt       0x200009b8        0x0 load address 0x0800e30c
 .igot.plt      0x200009b8        0x0 d:/program/arm-none-eabi-gcc/bin/../lib/gcc/arm-none-eabi/10.3.1/thumb/v7-m/nofp/crtbegin.o
                0x200009b8                . = ALIGN (0x4)

.bss            0x200009b8      0x354 load address 0x0800e30c
                0x200009b8                _sbss = .
                0x200009b8                __bss_start__ = _sbss
 *(.bss)
 .bss           0x200009b8       0x1c d:/program/arm-none-eabi-gcc/bin/../lib/gcc/arm-none-eabi/10.3.1/thumb/v7-m/nofp/crtbegin.o
 *(.bss*)
 .bss.uwTick    0x200009d4        0x4 CMakeFiles/project_2.elf.dir/Drivers/STM32F1xx_HAL_Driver/Src/stm32f1xx_hal.c.obj
                0x200009d4                uwTick
 .bss.RecCount  0x200009d8        0x1 CMakeFiles/project_2.elf.dir/Src/main.c.obj
                0x200009d8                RecCount
 *fill*         0x200009d9        0x3 
 .bss.RxBuffer  0x200009dc       0x64 CMakeFiles/project_2.elf.dir/Src/main.c.obj
                0x200009dc                RxBuffer
 .bss.main_cmd  0x20000a40        0x8 CMakeFiles/project_2.elf.dir/Src/main.c.obj
                0x20000a40                main_cmd
 .bss.hdma_spi1_tx
                0x20000a48       0x44 CMakeFiles/project_2.elf.dir/Src/spi.c.obj
                0x20000a48                hdma_spi1_tx
 .bss.hspi1     0x20000a8c       0x58 CMakeFiles/project_2.elf.dir/Src/spi.c.obj
                0x20000a8c                hspi1
 .bss.Time_display.0
                0x20000ae4        0xa CMakeFiles/project_2.elf.dir/Src/stm32f1xx_it.c.obj
 *fill*         0x20000aee        0x2 
 .bss.__sbrk_heap_end
                0x20000af0        0x4 CMakeFiles/project_2.elf.dir/Src/sysmem.c.obj
 .bss.htim3     0x20000af4       0x40 CMakeFiles/project_2.elf.dir/Src/tim.c.obj
                0x20000af4                htim3
 .bss.SendBuff.0
                0x20000b34       0xc8 CMakeFiles/project_2.elf.dir/Src/usart.c.obj
 .bss.hdma_usart1_rx
                0x20000bfc       0x44 CMakeFiles/project_2.elf.dir/Src/usart.c.obj
                0x20000bfc                hdma_usart1_rx
 .bss.hdma_usart1_tx
                0x20000c40       0x44 CMakeFiles/project_2.elf.dir/Src/usart.c.obj
                0x20000c40                hdma_usart1_tx
 .bss.huart1    0x20000c84       0x40 CMakeFiles/project_2.elf.dir/Src/usart.c.obj
                0x20000c84                huart1
 .bss.__lock___atexit_recursive_mutex
                0x20000cc4        0x1 d:/program/arm-none-eabi-gcc/bin/../lib/gcc/arm-none-eabi/10.3.1/../../../../arm-none-eabi/lib/thumb/v7-m/nofp\libg.a(lib_a-lock.o)
                0x20000cc4                __lock___atexit_recursive_mutex
 *fill*         0x20000cc5        0x3 
 .bss.__lock___malloc_recursive_mutex
                0x20000cc8        0x1 d:/program/arm-none-eabi-gcc/bin/../lib/gcc/arm-none-eabi/10.3.1/../../../../arm-none-eabi/lib/thumb/v7-m/nofp\libg.a(lib_a-lock.o)
                0x20000cc8                __lock___malloc_recursive_mutex
 *fill*         0x20000cc9        0x3 
 .bss.__lock___sfp_recursive_mutex
                0x20000ccc        0x1 d:/program/arm-none-eabi-gcc/bin/../lib/gcc/arm-none-eabi/10.3.1/../../../../arm-none-eabi/lib/thumb/v7-m/nofp\libg.a(lib_a-lock.o)
                0x20000ccc                __lock___sfp_recursive_mutex
 *fill*         0x20000ccd        0x3 
 .bss.__lock___sinit_recursive_mutex
                0x20000cd0        0x1 d:/program/arm-none-eabi-gcc/bin/../lib/gcc/arm-none-eabi/10.3.1/../../../../arm-none-eabi/lib/thumb/v7-m/nofp\libg.a(lib_a-lock.o)
                0x20000cd0                __lock___sinit_recursive_mutex
 *fill*         0x20000cd1        0x3 
 .bss.__malloc_current_mallinfo
                0x20000cd4       0x28 d:/program/arm-none-eabi-gcc/bin/../lib/gcc/arm-none-eabi/10.3.1/../../../../arm-none-eabi/lib/thumb/v7-m/nofp\libg.a(lib_a-mallocr.o)
                0x20000cd4                __malloc_current_mallinfo
 .bss.__malloc_max_sbrked_mem
                0x20000cfc        0x4 d:/program/arm-none-eabi-gcc/bin/../lib/gcc/arm-none-eabi/10.3.1/../../../../arm-none-eabi/lib/thumb/v7-m/nofp\libg.a(lib_a-mallocr.o)
                0x20000cfc                __malloc_max_sbrked_mem
 .bss.__malloc_max_total_mem
                0x20000d00        0x4 d:/program/arm-none-eabi-gcc/bin/../lib/gcc/arm-none-eabi/10.3.1/../../../../arm-none-eabi/lib/thumb/v7-m/nofp\libg.a(lib_a-mallocr.o)
                0x20000d00                __malloc_max_total_mem
 .bss.__malloc_top_pad
                0x20000d04        0x4 d:/program/arm-none-eabi-gcc/bin/../lib/gcc/arm-none-eabi/10.3.1/../../../../arm-none-eabi/lib/thumb/v7-m/nofp\libg.a(lib_a-mallocr.o)
                0x20000d04                __malloc_top_pad
 .bss.errno     0x20000d08        0x4 d:/program/arm-none-eabi-gcc/bin/../lib/gcc/arm-none-eabi/10.3.1/../../../../arm-none-eabi/lib/thumb/v7-m/nofp\libg.a(lib_a-reent.o)
                0x20000d08                errno
 *(COMMON)
                0x20000d0c                . = ALIGN (0x4)
                0x20000d0c                _ebss = .
                0x20000d0c                __bss_end__ = _ebss

._user_heap_stack
                0x20000d0c      0x604 load address 0x0800e30c
                0x20000d10                . = ALIGN (0x8)
 *fill*         0x20000d0c        0x4 
                [!provide]                PROVIDE (end = .)
                0x20000d10                PROVIDE (_end = .)
                0x20000f10                . = (. + _Min_Heap_Size)
 *fill*         0x20000d10      0x200 
                0x20001310                . = (. + _Min_Stack_Size)
 *fill*         0x20000f10      0x400 
                0x20001310                . = ALIGN (0x8)

/DISCARD/
 libc.a(*)
 libm.a(*)
 libgcc.a(*)

.ARM.attributes
                0x00000000       0x29
 *(.ARM.attributes)
 .ARM.attributes
                0x00000000       0x1d d:/program/arm-none-eabi-gcc/bin/../lib/gcc/arm-none-eabi/10.3.1/thumb/v7-m/nofp/crti.o
 .ARM.attributes
                0x0000001d       0x2d d:/program/arm-none-eabi-gcc/bin/../lib/gcc/arm-none-eabi/10.3.1/thumb/v7-m/nofp/crtbegin.o
 .ARM.attributes
                0x0000004a       0x2d CMakeFiles/project_2.elf.dir/Drivers/STM32F1xx_HAL_Driver/Src/stm32f1xx_hal.c.obj
 .ARM.attributes
                0x00000077       0x2d CMakeFiles/project_2.elf.dir/Drivers/STM32F1xx_HAL_Driver/Src/stm32f1xx_hal_cortex.c.obj
 .ARM.attributes
                0x000000a4       0x2d CMakeFiles/project_2.elf.dir/Drivers/STM32F1xx_HAL_Driver/Src/stm32f1xx_hal_dma.c.obj
 .ARM.attributes
                0x000000d1       0x2d CMakeFiles/project_2.elf.dir/Drivers/STM32F1xx_HAL_Driver/Src/stm32f1xx_hal_gpio.c.obj
 .ARM.attributes
                0x000000fe       0x2d CMakeFiles/project_2.elf.dir/Drivers/STM32F1xx_HAL_Driver/Src/stm32f1xx_hal_rcc.c.obj
 .ARM.attributes
                0x0000012b       0x2d CMakeFiles/project_2.elf.dir/Drivers/STM32F1xx_HAL_Driver/Src/stm32f1xx_hal_spi.c.obj
 .ARM.attributes
                0x00000158       0x2d CMakeFiles/project_2.elf.dir/Drivers/STM32F1xx_HAL_Driver/Src/stm32f1xx_hal_tim.c.obj
 .ARM.attributes
                0x00000185       0x2d CMakeFiles/project_2.elf.dir/Drivers/STM32F1xx_HAL_Driver/Src/stm32f1xx_hal_tim_ex.c.obj
 .ARM.attributes
                0x000001b2       0x2d CMakeFiles/project_2.elf.dir/Drivers/STM32F1xx_HAL_Driver/Src/stm32f1xx_hal_uart.c.obj
 .ARM.attributes
                0x000001df       0x2d CMakeFiles/project_2.elf.dir/Src/dma.c.obj
 .ARM.attributes
                0x0000020c       0x2d CMakeFiles/project_2.elf.dir/Src/drv_st7789.c.obj
 .ARM.attributes
                0x00000239       0x2d CMakeFiles/project_2.elf.dir/Src/gpio.c.obj
 .ARM.attributes
                0x00000266       0x2d CMakeFiles/project_2.elf.dir/Src/main.c.obj
 .ARM.attributes
                0x00000293       0x2d CMakeFiles/project_2.elf.dir/Src/spi.c.obj
 .ARM.attributes
                0x000002c0       0x2d CMakeFiles/project_2.elf.dir/Src/stm32f1xx_hal_msp.c.obj
 .ARM.attributes
                0x000002ed       0x2d CMakeFiles/project_2.elf.dir/Src/stm32f1xx_it.c.obj
 .ARM.attributes
                0x0000031a       0x2d CMakeFiles/project_2.elf.dir/Src/syscalls.c.obj
 .ARM.attributes
                0x00000347       0x2d CMakeFiles/project_2.elf.dir/Src/sysmem.c.obj
 .ARM.attributes
                0x00000374       0x2d CMakeFiles/project_2.elf.dir/Src/system_stm32f1xx.c.obj
 .ARM.attributes
                0x000003a1       0x2d CMakeFiles/project_2.elf.dir/Src/tim.c.obj
 .ARM.attributes
                0x000003ce       0x2d CMakeFiles/project_2.elf.dir/Src/usart.c.obj
 .ARM.attributes
                0x000003fb       0x21 CMakeFiles/project_2.elf.dir/Startup/startup_stm32f103vctx.s.obj
 .ARM.attributes
                0x0000041c       0x2d d:/program/arm-none-eabi-gcc/bin/../lib/gcc/arm-none-eabi/10.3.1/../../../../arm-none-eabi/lib/thumb/v7-m/nofp\libg.a(lib_a-errno.o)
 .ARM.attributes
                0x00000449       0x2d d:/program/arm-none-eabi-gcc/bin/../lib/gcc/arm-none-eabi/10.3.1/../../../../arm-none-eabi/lib/thumb/v7-m/nofp\libg.a(lib_a-impure.o)
 .ARM.attributes
                0x00000476       0x2d d:/program/arm-none-eabi-gcc/bin/../lib/gcc/arm-none-eabi/10.3.1/../../../../arm-none-eabi/lib/thumb/v7-m/nofp\libg.a(lib_a-init.o)
 .ARM.attributes
                0x000004a3       0x2d d:/program/arm-none-eabi-gcc/bin/../lib/gcc/arm-none-eabi/10.3.1/../../../../arm-none-eabi/lib/thumb/v7-m/nofp\libg.a(lib_a-memset.o)
 .ARM.attributes
                0x000004d0       0x2d d:/program/arm-none-eabi-gcc/bin/../lib/gcc/arm-none-eabi/10.3.1/../../../../arm-none-eabi/lib/thumb/v7-m/nofp\libg.a(lib_a-sprintf.o)
 .ARM.attributes
                0x000004fd       0x2d d:/program/arm-none-eabi-gcc/bin/../lib/gcc/arm-none-eabi/10.3.1/../../../../arm-none-eabi/lib/thumb/v7-m/nofp\libg.a(lib_a-svfprintf.o)
 .ARM.attributes
                0x0000052a       0x2d d:/program/arm-none-eabi-gcc/bin/../lib/gcc/arm-none-eabi/10.3.1/../../../../arm-none-eabi/lib/thumb/v7-m/nofp\libg.a(lib_a-vsnprintf.o)
 .ARM.attributes
                0x00000557       0x2d d:/program/arm-none-eabi-gcc/bin/../lib/gcc/arm-none-eabi/10.3.1/../../../../arm-none-eabi/lib/thumb/v7-m/nofp\libg.a(lib_a-__call_atexit.o)
 .ARM.attributes
                0x00000584       0x2d d:/program/arm-none-eabi-gcc/bin/../lib/gcc/arm-none-eabi/10.3.1/../../../../arm-none-eabi/lib/thumb/v7-m/nofp\libg.a(lib_a-atexit.o)
 .ARM.attributes
                0x000005b1       0x2d d:/program/arm-none-eabi-gcc/bin/../lib/gcc/arm-none-eabi/10.3.1/../../../../arm-none-eabi/lib/thumb/v7-m/nofp\libg.a(lib_a-dtoa.o)
 .ARM.attributes
                0x000005de       0x2d d:/program/arm-none-eabi-gcc/bin/../lib/gcc/arm-none-eabi/10.3.1/../../../../arm-none-eabi/lib/thumb/v7-m/nofp\libg.a(lib_a-fini.o)
 .ARM.attributes
                0x0000060b       0x2d d:/program/arm-none-eabi-gcc/bin/../lib/gcc/arm-none-eabi/10.3.1/../../../../arm-none-eabi/lib/thumb/v7-m/nofp\libg.a(lib_a-freer.o)
 .ARM.attributes
                0x00000638       0x2d d:/program/arm-none-eabi-gcc/bin/../lib/gcc/arm-none-eabi/10.3.1/../../../../arm-none-eabi/lib/thumb/v7-m/nofp\libg.a(lib_a-localeconv.o)
 .ARM.attributes
                0x00000665       0x2d d:/program/arm-none-eabi-gcc/bin/../lib/gcc/arm-none-eabi/10.3.1/../../../../arm-none-eabi/lib/thumb/v7-m/nofp\libg.a(lib_a-lock.o)
 .ARM.attributes
                0x00000692       0x2d d:/program/arm-none-eabi-gcc/bin/../lib/gcc/arm-none-eabi/10.3.1/../../../../arm-none-eabi/lib/thumb/v7-m/nofp\libg.a(lib_a-mallocr.o)
 .ARM.attributes
                0x000006bf       0x2d d:/program/arm-none-eabi-gcc/bin/../lib/gcc/arm-none-eabi/10.3.1/../../../../arm-none-eabi/lib/thumb/v7-m/nofp\libg.a(lib_a-memchr-stub.o)
 .ARM.attributes
                0x000006ec       0x1b d:/program/arm-none-eabi-gcc/bin/../lib/gcc/arm-none-eabi/10.3.1/../../../../arm-none-eabi/lib/thumb/v7-m/nofp\libg.a(lib_a-memcpy.o)
 .ARM.attributes
                0x00000707       0x2d d:/program/arm-none-eabi-gcc/bin/../lib/gcc/arm-none-eabi/10.3.1/../../../../arm-none-eabi/lib/thumb/v7-m/nofp\libg.a(lib_a-mlock.o)
 .ARM.attributes
                0x00000734       0x2d d:/program/arm-none-eabi-gcc/bin/../lib/gcc/arm-none-eabi/10.3.1/../../../../arm-none-eabi/lib/thumb/v7-m/nofp\libg.a(lib_a-mprec.o)
 .ARM.attributes
                0x00000761       0x2d d:/program/arm-none-eabi-gcc/bin/../lib/gcc/arm-none-eabi/10.3.1/../../../../arm-none-eabi/lib/thumb/v7-m/nofp\libg.a(lib_a-s_frexp.o)
 .ARM.attributes
                0x0000078e       0x2d d:/program/arm-none-eabi-gcc/bin/../lib/gcc/arm-none-eabi/10.3.1/../../../../arm-none-eabi/lib/thumb/v7-m/nofp\libg.a(lib_a-sbrkr.o)
 .ARM.attributes
                0x000007bb       0x2d d:/program/arm-none-eabi-gcc/bin/../lib/gcc/arm-none-eabi/10.3.1/../../../../arm-none-eabi/lib/thumb/v7-m/nofp\libg.a(lib_a-strlen-stub.o)
 .ARM.attributes
                0x000007e8       0x2d d:/program/arm-none-eabi-gcc/bin/../lib/gcc/arm-none-eabi/10.3.1/../../../../arm-none-eabi/lib/thumb/v7-m/nofp\libg.a(lib_a-strncpy.o)
 .ARM.attributes
                0x00000815       0x2d d:/program/arm-none-eabi-gcc/bin/../lib/gcc/arm-none-eabi/10.3.1/../../../../arm-none-eabi/lib/thumb/v7-m/nofp\libg.a(lib_a-svfiprintf.o)
 .ARM.attributes
                0x00000842       0x2d d:/program/arm-none-eabi-gcc/bin/../lib/gcc/arm-none-eabi/10.3.1/../../../../arm-none-eabi/lib/thumb/v7-m/nofp\libg.a(lib_a-__atexit.o)
 .ARM.attributes
                0x0000086f       0x2d d:/program/arm-none-eabi-gcc/bin/../lib/gcc/arm-none-eabi/10.3.1/../../../../arm-none-eabi/lib/thumb/v7-m/nofp\libg.a(lib_a-assert.o)
 .ARM.attributes
                0x0000089c       0x2d d:/program/arm-none-eabi-gcc/bin/../lib/gcc/arm-none-eabi/10.3.1/../../../../arm-none-eabi/lib/thumb/v7-m/nofp\libg.a(lib_a-callocr.o)
 .ARM.attributes
                0x000008c9       0x2d d:/program/arm-none-eabi-gcc/bin/../lib/gcc/arm-none-eabi/10.3.1/../../../../arm-none-eabi/lib/thumb/v7-m/nofp\libg.a(lib_a-fiprintf.o)
 .ARM.attributes
                0x000008f6       0x2d d:/program/arm-none-eabi-gcc/bin/../lib/gcc/arm-none-eabi/10.3.1/../../../../arm-none-eabi/lib/thumb/v7-m/nofp\libg.a(lib_a-locale.o)
 .ARM.attributes
                0x00000923       0x2d d:/program/arm-none-eabi-gcc/bin/../lib/gcc/arm-none-eabi/10.3.1/../../../../arm-none-eabi/lib/thumb/v7-m/nofp\libg.a(lib_a-mbtowc_r.o)
 .ARM.attributes
                0x00000950       0x2d d:/program/arm-none-eabi-gcc/bin/../lib/gcc/arm-none-eabi/10.3.1/../../../../arm-none-eabi/lib/thumb/v7-m/nofp\libg.a(lib_a-memmove.o)
 .ARM.attributes
                0x0000097d       0x2d d:/program/arm-none-eabi-gcc/bin/../lib/gcc/arm-none-eabi/10.3.1/../../../../arm-none-eabi/lib/thumb/v7-m/nofp\libg.a(lib_a-reallocr.o)
 .ARM.attributes
                0x000009aa       0x2d d:/program/arm-none-eabi-gcc/bin/../lib/gcc/arm-none-eabi/10.3.1/../../../../arm-none-eabi/lib/thumb/v7-m/nofp\libg.a(lib_a-reent.o)
 .ARM.attributes
                0x000009d7       0x2d d:/program/arm-none-eabi-gcc/bin/../lib/gcc/arm-none-eabi/10.3.1/../../../../arm-none-eabi/lib/thumb/v7-m/nofp\libg.a(lib_a-vfiprintf.o)
 .ARM.attributes
                0x00000a04       0x2d d:/program/arm-none-eabi-gcc/bin/../lib/gcc/arm-none-eabi/10.3.1/../../../../arm-none-eabi/lib/thumb/v7-m/nofp\libg.a(lib_a-wctomb_r.o)
 .ARM.attributes
                0x00000a31       0x2d d:/program/arm-none-eabi-gcc/bin/../lib/gcc/arm-none-eabi/10.3.1/../../../../arm-none-eabi/lib/thumb/v7-m/nofp\libg.a(lib_a-wsetup.o)
 .ARM.attributes
                0x00000a5e       0x2d d:/program/arm-none-eabi-gcc/bin/../lib/gcc/arm-none-eabi/10.3.1/../../../../arm-none-eabi/lib/thumb/v7-m/nofp\libg.a(lib_a-abort.o)
 .ARM.attributes
                0x00000a8b       0x2d d:/program/arm-none-eabi-gcc/bin/../lib/gcc/arm-none-eabi/10.3.1/../../../../arm-none-eabi/lib/thumb/v7-m/nofp\libg.a(lib_a-ctype_.o)
 .ARM.attributes
                0x00000ab8       0x2d d:/program/arm-none-eabi-gcc/bin/../lib/gcc/arm-none-eabi/10.3.1/../../../../arm-none-eabi/lib/thumb/v7-m/nofp\libg.a(lib_a-fflush.o)
 .ARM.attributes
                0x00000ae5       0x2d d:/program/arm-none-eabi-gcc/bin/../lib/gcc/arm-none-eabi/10.3.1/../../../../arm-none-eabi/lib/thumb/v7-m/nofp\libg.a(lib_a-findfp.o)
 .ARM.attributes
                0x00000b12       0x2d d:/program/arm-none-eabi-gcc/bin/../lib/gcc/arm-none-eabi/10.3.1/../../../../arm-none-eabi/lib/thumb/v7-m/nofp\libg.a(lib_a-fputwc.o)
 .ARM.attributes
                0x00000b3f       0x2d d:/program/arm-none-eabi-gcc/bin/../lib/gcc/arm-none-eabi/10.3.1/../../../../arm-none-eabi/lib/thumb/v7-m/nofp\libg.a(lib_a-fvwrite.o)
 .ARM.attributes
                0x00000b6c       0x2d d:/program/arm-none-eabi-gcc/bin/../lib/gcc/arm-none-eabi/10.3.1/../../../../arm-none-eabi/lib/thumb/v7-m/nofp\libg.a(lib_a-fwalk.o)
 .ARM.attributes
                0x00000b99       0x2d d:/program/arm-none-eabi-gcc/bin/../lib/gcc/arm-none-eabi/10.3.1/../../../../arm-none-eabi/lib/thumb/v7-m/nofp\libg.a(lib_a-makebuf.o)
 .ARM.attributes
                0x00000bc6       0x2d d:/program/arm-none-eabi-gcc/bin/../lib/gcc/arm-none-eabi/10.3.1/../../../../arm-none-eabi/lib/thumb/v7-m/nofp\libg.a(lib_a-signal.o)
 .ARM.attributes
                0x00000bf3       0x2d d:/program/arm-none-eabi-gcc/bin/../lib/gcc/arm-none-eabi/10.3.1/../../../../arm-none-eabi/lib/thumb/v7-m/nofp\libg.a(lib_a-signalr.o)
 .ARM.attributes
                0x00000c20       0x2d d:/program/arm-none-eabi-gcc/bin/../lib/gcc/arm-none-eabi/10.3.1/../../../../arm-none-eabi/lib/thumb/v7-m/nofp\libg.a(lib_a-stdio.o)
 .ARM.attributes
                0x00000c4d       0x2d d:/program/arm-none-eabi-gcc/bin/../lib/gcc/arm-none-eabi/10.3.1/../../../../arm-none-eabi/lib/thumb/v7-m/nofp\libg.a(lib_a-wbuf.o)
 .ARM.attributes
                0x00000c7a       0x2d d:/program/arm-none-eabi-gcc/bin/../lib/gcc/arm-none-eabi/10.3.1/../../../../arm-none-eabi/lib/thumb/v7-m/nofp\libg.a(lib_a-wcrtomb.o)
 .ARM.attributes
                0x00000ca7       0x2d d:/program/arm-none-eabi-gcc/bin/../lib/gcc/arm-none-eabi/10.3.1/../../../../arm-none-eabi/lib/thumb/v7-m/nofp\libg.a(lib_a-writer.o)
 .ARM.attributes
                0x00000cd4       0x2d d:/program/arm-none-eabi-gcc/bin/../lib/gcc/arm-none-eabi/10.3.1/../../../../arm-none-eabi/lib/thumb/v7-m/nofp\libg.a(lib_a-closer.o)
 .ARM.attributes
                0x00000d01       0x2d d:/program/arm-none-eabi-gcc/bin/../lib/gcc/arm-none-eabi/10.3.1/../../../../arm-none-eabi/lib/thumb/v7-m/nofp\libg.a(lib_a-fclose.o)
 .ARM.attributes
                0x00000d2e       0x2d d:/program/arm-none-eabi-gcc/bin/../lib/gcc/arm-none-eabi/10.3.1/../../../../arm-none-eabi/lib/thumb/v7-m/nofp\libg.a(lib_a-fstatr.o)
 .ARM.attributes
                0x00000d5b       0x2d d:/program/arm-none-eabi-gcc/bin/../lib/gcc/arm-none-eabi/10.3.1/../../../../arm-none-eabi/lib/thumb/v7-m/nofp\libg.a(lib_a-isattyr.o)
 .ARM.attributes
                0x00000d88       0x2d d:/program/arm-none-eabi-gcc/bin/../lib/gcc/arm-none-eabi/10.3.1/../../../../arm-none-eabi/lib/thumb/v7-m/nofp\libg.a(lib_a-lseekr.o)
 .ARM.attributes
                0x00000db5       0x2d d:/program/arm-none-eabi-gcc/bin/../lib/gcc/arm-none-eabi/10.3.1/../../../../arm-none-eabi/lib/thumb/v7-m/nofp\libg.a(lib_a-readr.o)
 .ARM.attributes
                0x00000de2       0x1d d:/program/arm-none-eabi-gcc/bin/../lib/gcc/arm-none-eabi/10.3.1/thumb/v7-m/nofp\libgcc.a(_arm_addsubdf3.o)
 .ARM.attributes
                0x00000dff       0x1d d:/program/arm-none-eabi-gcc/bin/../lib/gcc/arm-none-eabi/10.3.1/thumb/v7-m/nofp\libgcc.a(_arm_muldivdf3.o)
 .ARM.attributes
                0x00000e1c       0x1d d:/program/arm-none-eabi-gcc/bin/../lib/gcc/arm-none-eabi/10.3.1/thumb/v7-m/nofp\libgcc.a(_arm_cmpdf2.o)
 .ARM.attributes
                0x00000e39       0x1d d:/program/arm-none-eabi-gcc/bin/../lib/gcc/arm-none-eabi/10.3.1/thumb/v7-m/nofp\libgcc.a(_arm_unorddf2.o)
 .ARM.attributes
                0x00000e56       0x1d d:/program/arm-none-eabi-gcc/bin/../lib/gcc/arm-none-eabi/10.3.1/thumb/v7-m/nofp\libgcc.a(_arm_fixdfsi.o)
 .ARM.attributes
                0x00000e73       0x1d d:/program/arm-none-eabi-gcc/bin/../lib/gcc/arm-none-eabi/10.3.1/thumb/v7-m/nofp\libgcc.a(_aeabi_uldivmod.o)
 .ARM.attributes
                0x00000e90       0x2d d:/program/arm-none-eabi-gcc/bin/../lib/gcc/arm-none-eabi/10.3.1/thumb/v7-m/nofp\libgcc.a(_udivmoddi4.o)
 .ARM.attributes
                0x00000ebd       0x1d d:/program/arm-none-eabi-gcc/bin/../lib/gcc/arm-none-eabi/10.3.1/thumb/v7-m/nofp\libgcc.a(_dvmd_tls.o)
 .ARM.attributes
                0x00000eda       0x1d d:/program/arm-none-eabi-gcc/bin/../lib/gcc/arm-none-eabi/10.3.1/thumb/v7-m/nofp/crtn.o
OUTPUT(project_2.elf elf32-littlearm)
LOAD linker stubs
LOAD d:/program/arm-none-eabi-gcc/bin/../lib/gcc/arm-none-eabi/10.3.1/../../../../arm-none-eabi/lib/thumb/v7-m/nofp\libc.a
LOAD d:/program/arm-none-eabi-gcc/bin/../lib/gcc/arm-none-eabi/10.3.1/../../../../arm-none-eabi/lib/thumb/v7-m/nofp\libm.a
LOAD d:/program/arm-none-eabi-gcc/bin/../lib/gcc/arm-none-eabi/10.3.1/thumb/v7-m/nofp\libgcc.a

.debug_info     0x00000000    0x1288d
 .debug_info    0x00000000      0x7f1 CMakeFiles/project_2.elf.dir/Drivers/STM32F1xx_HAL_Driver/Src/stm32f1xx_hal.c.obj
 .debug_info    0x000007f1      0xdf0 CMakeFiles/project_2.elf.dir/Drivers/STM32F1xx_HAL_Driver/Src/stm32f1xx_hal_cortex.c.obj
 .debug_info    0x000015e1      0x846 CMakeFiles/project_2.elf.dir/Drivers/STM32F1xx_HAL_Driver/Src/stm32f1xx_hal_dma.c.obj
 .debug_info    0x00001e27      0x654 CMakeFiles/project_2.elf.dir/Drivers/STM32F1xx_HAL_Driver/Src/stm32f1xx_hal_gpio.c.obj
 .debug_info    0x0000247b      0xa36 CMakeFiles/project_2.elf.dir/Drivers/STM32F1xx_HAL_Driver/Src/stm32f1xx_hal_rcc.c.obj
 .debug_info    0x00002eb1     0x1d1d CMakeFiles/project_2.elf.dir/Drivers/STM32F1xx_HAL_Driver/Src/stm32f1xx_hal_spi.c.obj
 .debug_info    0x00004bce     0x358a CMakeFiles/project_2.elf.dir/Drivers/STM32F1xx_HAL_Driver/Src/stm32f1xx_hal_tim.c.obj
 .debug_info    0x00008158     0x15be CMakeFiles/project_2.elf.dir/Drivers/STM32F1xx_HAL_Driver/Src/stm32f1xx_hal_tim_ex.c.obj
 .debug_info    0x00009716     0x185e CMakeFiles/project_2.elf.dir/Drivers/STM32F1xx_HAL_Driver/Src/stm32f1xx_hal_uart.c.obj
 .debug_info    0x0000af74      0x3ba CMakeFiles/project_2.elf.dir/Src/dma.c.obj
 .debug_info    0x0000b32e     0x1d0d CMakeFiles/project_2.elf.dir/Src/drv_st7789.c.obj
 .debug_info    0x0000d03b      0x57f CMakeFiles/project_2.elf.dir/Src/gpio.c.obj
 .debug_info    0x0000d5ba      0xf40 CMakeFiles/project_2.elf.dir/Src/main.c.obj
 .debug_info    0x0000e4fa      0xad8 CMakeFiles/project_2.elf.dir/Src/spi.c.obj
 .debug_info    0x0000efd2      0x235 CMakeFiles/project_2.elf.dir/Src/stm32f1xx_hal_msp.c.obj
 .debug_info    0x0000f207     0x107e CMakeFiles/project_2.elf.dir/Src/stm32f1xx_it.c.obj
 .debug_info    0x00010285      0x7af CMakeFiles/project_2.elf.dir/Src/syscalls.c.obj
 .debug_info    0x00010a34      0x174 CMakeFiles/project_2.elf.dir/Src/sysmem.c.obj
 .debug_info    0x00010ba8      0x403 CMakeFiles/project_2.elf.dir/Src/system_stm32f1xx.c.obj
 .debug_info    0x00010fab      0xcff CMakeFiles/project_2.elf.dir/Src/tim.c.obj
 .debug_info    0x00011caa      0xbc1 CMakeFiles/project_2.elf.dir/Src/usart.c.obj
 .debug_info    0x0001286b       0x22 CMakeFiles/project_2.elf.dir/Startup/startup_stm32f103vctx.s.obj

.debug_abbrev   0x00000000     0x2a31
 .debug_abbrev  0x00000000      0x207 CMakeFiles/project_2.elf.dir/Drivers/STM32F1xx_HAL_Driver/Src/stm32f1xx_hal.c.obj
 .debug_abbrev  0x00000207      0x341 CMakeFiles/project_2.elf.dir/Drivers/STM32F1xx_HAL_Driver/Src/stm32f1xx_hal_cortex.c.obj
 .debug_abbrev  0x00000548      0x223 CMakeFiles/project_2.elf.dir/Drivers/STM32F1xx_HAL_Driver/Src/stm32f1xx_hal_dma.c.obj
 .debug_abbrev  0x0000076b      0x1e6 CMakeFiles/project_2.elf.dir/Drivers/STM32F1xx_HAL_Driver/Src/stm32f1xx_hal_gpio.c.obj
 .debug_abbrev  0x00000951      0x27a CMakeFiles/project_2.elf.dir/Drivers/STM32F1xx_HAL_Driver/Src/stm32f1xx_hal_rcc.c.obj
 .debug_abbrev  0x00000bcb      0x23b CMakeFiles/project_2.elf.dir/Drivers/STM32F1xx_HAL_Driver/Src/stm32f1xx_hal_spi.c.obj
 .debug_abbrev  0x00000e06      0x23e CMakeFiles/project_2.elf.dir/Drivers/STM32F1xx_HAL_Driver/Src/stm32f1xx_hal_tim.c.obj
 .debug_abbrev  0x00001044      0x241 CMakeFiles/project_2.elf.dir/Drivers/STM32F1xx_HAL_Driver/Src/stm32f1xx_hal_tim_ex.c.obj
 .debug_abbrev  0x00001285      0x254 CMakeFiles/project_2.elf.dir/Drivers/STM32F1xx_HAL_Driver/Src/stm32f1xx_hal_uart.c.obj
 .debug_abbrev  0x000014d9      0x114 CMakeFiles/project_2.elf.dir/Src/dma.c.obj
 .debug_abbrev  0x000015ed      0x2b9 CMakeFiles/project_2.elf.dir/Src/drv_st7789.c.obj
 .debug_abbrev  0x000018a6      0x158 CMakeFiles/project_2.elf.dir/Src/gpio.c.obj
 .debug_abbrev  0x000019fe      0x25b CMakeFiles/project_2.elf.dir/Src/main.c.obj
 .debug_abbrev  0x00001c59      0x1dd CMakeFiles/project_2.elf.dir/Src/spi.c.obj
 .debug_abbrev  0x00001e36      0x108 CMakeFiles/project_2.elf.dir/Src/stm32f1xx_hal_msp.c.obj
 .debug_abbrev  0x00001f3e      0x2ab CMakeFiles/project_2.elf.dir/Src/stm32f1xx_it.c.obj
 .debug_abbrev  0x000021e9      0x1a3 CMakeFiles/project_2.elf.dir/Src/syscalls.c.obj
 .debug_abbrev  0x0000238c       0xe7 CMakeFiles/project_2.elf.dir/Src/sysmem.c.obj
 .debug_abbrev  0x00002473      0x13e CMakeFiles/project_2.elf.dir/Src/system_stm32f1xx.c.obj
 .debug_abbrev  0x000025b1      0x203 CMakeFiles/project_2.elf.dir/Src/tim.c.obj
 .debug_abbrev  0x000027b4      0x26b CMakeFiles/project_2.elf.dir/Src/usart.c.obj
 .debug_abbrev  0x00002a1f       0x12 CMakeFiles/project_2.elf.dir/Startup/startup_stm32f103vctx.s.obj

.debug_loc      0x00000000     0xb64a
 .debug_loc     0x00000000      0x11b CMakeFiles/project_2.elf.dir/Drivers/STM32F1xx_HAL_Driver/Src/stm32f1xx_hal.c.obj
 .debug_loc     0x0000011b      0x71f CMakeFiles/project_2.elf.dir/Drivers/STM32F1xx_HAL_Driver/Src/stm32f1xx_hal_cortex.c.obj
 .debug_loc     0x0000083a      0x7ce CMakeFiles/project_2.elf.dir/Drivers/STM32F1xx_HAL_Driver/Src/stm32f1xx_hal_dma.c.obj
 .debug_loc     0x00001008      0x443 CMakeFiles/project_2.elf.dir/Drivers/STM32F1xx_HAL_Driver/Src/stm32f1xx_hal_gpio.c.obj
 .debug_loc     0x0000144b      0x63e CMakeFiles/project_2.elf.dir/Drivers/STM32F1xx_HAL_Driver/Src/stm32f1xx_hal_rcc.c.obj
 .debug_loc     0x00001a89     0x1c9c CMakeFiles/project_2.elf.dir/Drivers/STM32F1xx_HAL_Driver/Src/stm32f1xx_hal_spi.c.obj